
                  X               _temp_1     

                0.                 0.         
               12.6684E-06         3.37279E-06
               25.3367E-06         6.73221E-06
               31.6709E-06         8.31207E-06
               44.3393E-06        11.6929E-06 
               50.6734E-06        13.4309E-06 
               63.3418E-06        16.7004E-06 
               76.0102E-06        19.9738E-06 
               82.3443E-06        21.615E-06  
               95.0127E-06        24.9015E-06 
              101.347E-06         26.5165E-06 
              114.015E-06         29.6359E-06 
              120.349E-06         31.2082E-06 
              133.018E-06         34.3255E-06 
              145.686E-06         37.4427E-06 
              152.02E-06          38.9634E-06 
              164.689E-06         41.8431E-06 
              171.023E-06         43.2851E-06 
              183.691E-06         46.1632E-06 
              190.025E-06         47.6017E-06 
              202.694E-06         50.419E-06  
              215.362E-06         52.986E-06  
              221.696E-06         54.2716E-06 
              234.365E-06         56.8389E-06 
              240.699E-06         58.1208E-06 
              253.367E-06         60.5955E-06 
              266.036E-06         62.788E-06  
              272.37E-06          63.8846E-06 
              285.038E-06         66.0774E-06 
              291.372E-06         67.1733E-06 
              304.041E-06         69.2386E-06 
              310.375E-06         70.1164E-06 
              323.043E-06         71.881E-06  
              335.712E-06         73.6457E-06 
              342.046E-06         74.5295E-06 
              354.714E-06         76.1294E-06 
              361.048E-06         76.7664E-06 
              373.717E-06         78.0594E-06 
              380.051E-06         78.7118E-06 
              392.719E-06         80.0027E-06 
              405.388E-06         81.094E-06  
              411.722E-06         81.4739E-06 
              424.39E-06          82.2634E-06 
              430.725E-06         82.6678E-06 
              443.393E-06         83.4542E-06 
              456.061E-06         84.0074E-06 
              462.395E-06         84.1203E-06 
              475.064E-06         84.387E-06  
              481.398E-06         84.5338E-06 
              494.066E-06         84.7963E-06 
              500.401E-06         84.9059E-06 
              513.069E-06         84.6418E-06 
              525.737E-06         84.3789E-06 
              532.071E-06         84.2605E-06 
              544.74E-06          83.9932E-06 
              551.074E-06         83.8125E-06 
              563.742E-06         83.0252E-06 
              570.076E-06         82.6453E-06 
              582.745E-06         81.8553E-06 
              595.413E-06         81.0653E-06 
              601.747E-06         80.6012E-06 
              614.415E-06         79.3097E-06 
              620.75E-06          78.6733E-06 
              633.418E-06         77.3801E-06 
              646.086E-06         76.0867E-06 
              652.42E-06          75.3531E-06 
              665.089E-06         73.5892E-06 
              671.423E-06         72.7124E-06 
              684.091E-06         70.9477E-06 
              690.425E-06         70.0623E-06 
              703.094E-06         68.2012E-06 
              715.762E-06         66.0085E-06 
              722.096E-06         64.9136E-06 
              734.764E-06         62.7208E-06 
              741.099E-06         61.6233E-06 
              753.767E-06         59.327E-06  
              760.101E-06         58.041E-06  
              772.769E-06         55.474E-06  
              785.438E-06         52.907E-06  
              791.772E-06         51.6241E-06 
              804.44E-06          48.9548E-06 
              810.774E-06         47.5107E-06 
              823.443E-06         44.6324E-06 
              836.111E-06         41.7543E-06 
              842.445E-06         40.317E-06  
              855.113E-06         37.3473E-06 
              861.448E-06         35.7817E-06 
              874.116E-06         32.6631E-06 
              880.45E-06          31.1077E-06 
              893.118E-06         27.9876E-06 
              905.787E-06         24.7981E-06 
              912.121E-06         23.1508E-06 
              924.789E-06         19.8684E-06 
              931.123E-06         18.2309E-06 
              943.792E-06         14.9473E-06 
              950.126E-06         13.3031E-06 
              962.794E-06          9.93762E-06
              975.462E-06          6.57223E-06
              981.797E-06          4.89164E-06
              994.465E-06          1.52538E-06
                1.0008E-03        39.3673E-09 
                1.01347E-03       45.792E-09  
                1.02614E-03       41.6978E-09 
                1.03247E-03      -37.1845E-09 
                1.04514E-03      -26.0422E-09 
                1.05147E-03       20.281E-09  
                1.06414E-03       10.0339E-09 
                1.07047E-03       -5.9031E-09 
                1.08314E-03       28.8445E-12 
                1.09581E-03        3.04088E-09
                1.10215E-03       -3.65642E-09
                1.11481E-03       -3.63109E-09
                1.12115E-03        3.22312E-09
                1.13382E-03        2.05248E-09
                1.14015E-03       -1.4571E-09 
                1.15282E-03     -406.566E-12  
                1.16549E-03      290.867E-12  
                1.17182E-03     -482.906E-12  
                1.18449E-03     -632.086E-12  
                1.19082E-03      597.365E-12  
                1.20349E-03      451.06E-12   
                1.21616E-03      238.289E-12  
                1.22249E-03     -158.522E-12  
                1.23516E-03        3.42892E-12
                1.2415E-03       -58.5101E-12 
                1.25417E-03     -123.182E-12  
                1.2605E-03        99.9726E-12 
                1.27317E-03      103.179E-12  
                1.28584E-03       79.7396E-12 
                1.29217E-03      -34.7763E-12 
                1.30484E-03      -15.1962E-12 
                1.31117E-03       -6.53777E-12
                1.32384E-03      -24.9603E-12 
                1.33018E-03        9.34053E-12
                1.34284E-03        8.15108E-12
                1.35551E-03        8.69047E-12
                1.36185E-03      -19.4691E-12 
                1.37451E-03      -15.182E-12  
                1.38085E-03       -4.39527E-12
                1.39352E-03        2.9838E-12 
                1.40619E-03        8.09449E-12
                1.41252E-03       18.7093E-12 
                1.42519E-03       17.8261E-12 
                1.43152E-03        6.58465E-12
                1.44419E-03      709.703E-15  
                1.45052E-03        1.75007E-12
                1.46319E-03        2.42504E-12
                1.47586E-03     -467.96E-15   
                1.4822E-03        -1.25088E-12
                1.49486E-03     -426.934E-15  
                1.5012E-03         2.22021E-12
                1.51387E-03        6.28905E-12
                1.5202E-03         2.46747E-12
                1.53287E-03       -6.17847E-12
                1.54554E-03      338.832E-15  
                1.55187E-03        4.61026E-12
                1.56454E-03        6.86059E-12
                1.57087E-03        8.35462E-12
                1.58354E-03       14.416E-12  
                1.59621E-03       10.0929E-12 
                1.60254E-03        3.71796E-12
                1.61521E-03       -3.10029E-12
                1.62155E-03        1.10674E-12
                1.63421E-03       13.4144E-12 
                1.64055E-03       15.9281E-12 
                1.65322E-03       14.4069E-12 
                1.66589E-03       11.3885E-12 
                1.67222E-03       11.9575E-12 
                1.68489E-03       13.1502E-12 
                1.69122E-03       11.3926E-12 
                1.70389E-03        6.4534E-12 
                1.71022E-03        3.94015E-12
                1.72289E-03       92.138E-15  
                1.73556E-03        3.01995E-12
                1.7419E-03         4.83647E-12
                1.75456E-03        4.81257E-12
                1.7609E-03         4.42387E-12
                1.77357E-03        6.04755E-12
                1.78623E-03        6.8641E-12 
                1.79257E-03        5.09017E-12
                1.80524E-03      551.638E-15  
                1.81157E-03        1.05465E-12
                1.82424E-03        5.86058E-12
                1.83057E-03        6.8883E-12 
                1.84324E-03        5.35848E-12
                1.85591E-03        2.89761E-12
                1.86224E-03        1.69216E-12
                1.87491E-03      308.898E-15  
                1.88125E-03        1.22022E-12
                1.89392E-03        5.86328E-12
                1.90025E-03        8.37293E-12
                1.91292E-03       10.5695E-12 
                1.92559E-03        8.14745E-12
                1.93192E-03        5.81819E-12
                1.94459E-03      784.669E-15  
                1.95092E-03       -1.41019E-12
                1.96359E-03       -5.27193E-12
                1.97626E-03       -7.06282E-12
                1.98259E-03       -6.26023E-12
                1.99526E-03     -686.774E-15  
                2.0016E-03         3.50835E-12
                2.01426E-03       10.4797E-12 
                2.0206E-03        11.7475E-12 
                2.03327E-03       11.125E-12  
                2.04593E-03        7.4612E-12 
                2.05227E-03        4.08056E-12
                2.06494E-03       -3.08999E-12
                2.07127E-03       -5.38003E-12
                2.08394E-03       -8.07592E-12
                2.09027E-03      -10.0211E-12 
                2.10294E-03      -15.3866E-12 
                2.11561E-03      -17.5867E-12 
                2.12194E-03      -16.2902E-12 
                2.13461E-03      -10.0027E-12 
                2.14095E-03       -6.11395E-12
                2.15362E-03      147.379E-15  
                2.16628E-03        3.46018E-12
                2.17262E-03        4.78924E-12
                2.18529E-03        6.74329E-12
                2.19162E-03        6.45927E-12
                2.20429E-03        3.26642E-12
                2.21062E-03        1.55383E-12
                2.22329E-03       15.577E-15  
                2.23596E-03      338.195E-15  
                2.24229E-03      371.453E-15  
                2.25496E-03     -686.945E-15  
                2.2613E-03        -1.60937E-12
                2.27396E-03       -4.30639E-12
                2.2803E-03        -5.89122E-12
                2.29297E-03       -6.84734E-12
                2.30564E-03       -2.42743E-12
                2.31197E-03        1.06529E-12
                2.32464E-03        6.05494E-12
                2.33097E-03        5.95483E-12
                2.34364E-03        1.61576E-12
                2.35631E-03       -1.61798E-12
                2.36264E-03       -1.72455E-12
                2.37531E-03     -933.521E-15  
                2.38165E-03     -697.396E-15  
                2.39431E-03      184.656E-15  
                2.40065E-03        1.37358E-12
                2.41332E-03        4.34461E-12
                2.42598E-03        4.99095E-12
                2.43232E-03        4.19212E-12
                2.44499E-03        1.55633E-12
                2.45132E-03      -83.2227E-15 
                2.46399E-03       -3.60086E-12
                2.47032E-03       -4.83006E-12
                2.48299E-03       -4.47695E-12
                2.49566E-03       -1.27589E-12
                2.50199E-03     -183.583E-15  
                2.51466E-03       -2.00407E-12
                2.521E-03         -4.78812E-12
                2.53367E-03      -10.6265E-12 
                2.54633E-03      -12.0658E-12 
                2.55267E-03      -10.4364E-12 
                2.56534E-03       -3.82506E-12
                2.57167E-03       50.3705E-15 
                2.58434E-03        6.31895E-12
                2.59067E-03        8.00921E-12
                2.60334E-03        7.50876E-12
                2.61601E-03        2.54908E-12
                2.62234E-03     -413.873E-15  
                2.63501E-03       -4.24554E-12
                2.64135E-03       -4.51978E-12
                2.65401E-03       -2.6116E-12 
                2.66035E-03       -1.17341E-12
                2.67302E-03        1.49814E-12
                2.68568E-03        3.0294E-12 
                2.69202E-03        2.86445E-12
                2.70469E-03      204.638E-15  
                2.71102E-03       -1.77399E-12
                2.72369E-03       -4.66555E-12
                2.73002E-03       -5.00608E-12
                2.74269E-03       -4.14902E-12
                2.75536E-03       -3.61533E-12
                2.76169E-03       -4.0286E-12 
                2.77436E-03       -5.8142E-12 
                2.7807E-03        -6.67111E-12
                2.79337E-03       -7.3513E-12 
                2.80603E-03       -6.93108E-12
                2.81237E-03       -6.57513E-12
                2.82504E-03       -5.18761E-12
                2.83137E-03       -3.78618E-12
                2.84404E-03      305.221E-15  
                2.85037E-03        2.33838E-12
                2.86304E-03        4.68068E-12
                2.87571E-03        4.76882E-12
                2.88204E-03        4.6545E-12 
                2.89471E-03        5.2169E-12 
                2.90105E-03        5.85217E-12
                2.91371E-03        7.12656E-12
                2.92005E-03        7.52038E-12
                2.93272E-03        7.25362E-12
                2.94539E-03        4.8439E-12 
                2.95172E-03        2.92668E-12
                2.96439E-03     -830.408E-15  
                2.97072E-03       -2.01847E-12
                2.98339E-03       -2.53496E-12
                2.99606E-03       -1.49979E-12
                3.00239E-03     -885.862E-15  
                3.01506E-03     -430.285E-15  
                3.0214E-03      -890.846E-15  
                3.03406E-03       -3.1193E-12 
                3.0404E-03        -4.40592E-12
                3.05307E-03       -5.58008E-12
                3.06573E-03       -3.37351E-12
                3.07207E-03       -1.02437E-12
                3.08474E-03        4.76607E-12
                3.09107E-03        7.40443E-12
                3.10374E-03       10.4605E-12 
                3.11007E-03       10.4425E-12 
                3.12274E-03        4.16313E-12
                3.13541E-03      -41.6748E-12 
                3.14174E-03     -125.889E-12  
                3.15441E-03     -788.844E-12  
                3.16075E-03       -1.776E-09  
                3.17342E-03       -7.63133E-09
                3.18608E-03      -26.9728E-09 
                3.19242E-03      -47.4648E-09 
                3.20509E-03     -130.374E-09  
                3.21142E-03     -204.429E-09  
                3.22409E-03     -454.732E-09  
                3.23042E-03     -647.667E-09  
                3.24309E-03       -1.20957E-06
                3.25576E-03       -2.0473E-06 
                3.26209E-03       -2.57794E-06
                3.27476E-03       -3.8598E-06 
                3.2811E-03        -4.60339E-06
                3.29376E-03       -6.26493E-06
                3.3001E-03        -7.16776E-06
                3.31277E-03       -9.07854E-06
                3.32543E-03      -11.0824E-06 
                3.33177E-03      -12.1044E-06 
                3.34444E-03      -14.1665E-06 
                3.35077E-03      -15.2001E-06 
                3.36344E-03      -17.2607E-06 
                3.37611E-03      -19.3025E-06 
                3.38244E-03      -20.3137E-06 
                3.39511E-03      -22.3131E-06 
                3.40144E-03      -23.3002E-06 
                3.41411E-03      -25.2463E-06 
                3.42045E-03      -26.2044E-06 
                3.43312E-03      -28.0876E-06 
                3.44578E-03      -29.9204E-06 
                3.45212E-03      -30.8142E-06 
                3.46479E-03      -32.5441E-06 
                3.47112E-03      -33.3726E-06 
                3.48379E-03      -34.9314E-06 
                3.49012E-03      -35.6488E-06 
                3.50279E-03      -36.924E-06  
                3.51546E-03      -37.9401E-06 
                3.52179E-03      -38.3367E-06 
                3.53446E-03      -38.891E-06  
                3.5408E-03       -39.0477E-06 
                3.55346E-03      -39.1307E-06 
                3.56613E-03      -38.937E-06  
                3.57247E-03      -38.751E-06  
                3.58514E-03      -38.2318E-06 
                3.59147E-03      -37.9104E-06 
                3.60414E-03      -37.1692E-06 
                3.61047E-03      -36.7575E-06 
                3.62314E-03      -35.8675E-06 
                3.63581E-03      -34.9022E-06 
                3.64214E-03      -34.395E-06  
                3.65481E-03      -33.3361E-06 
                3.66115E-03      -32.7855E-06 
                3.67381E-03      -31.6446E-06 
                3.68015E-03      -31.055E-06  
                3.69282E-03      -29.8387E-06 
                3.70548E-03      -28.5746E-06 
                3.71182E-03      -27.9251E-06 
                3.72449E-03      -26.5921E-06 
                3.73082E-03      -25.9086E-06 
                3.74349E-03      -24.5074E-06 
                3.75616E-03      -23.0591E-06 
                3.76249E-03      -22.3165E-06 
                3.77516E-03      -20.7926E-06 
                3.78149E-03      -20.0106E-06 
                3.79416E-03      -18.4051E-06 
                3.8005E-03       -17.5817E-06 
                3.81316E-03      -15.8944E-06 
                3.82583E-03      -14.1568E-06 
                3.83217E-03      -13.2709E-06 
                3.84484E-03      -11.4696E-06 
                3.85117E-03      -10.5561E-06 
                3.86384E-03       -8.70812E-06
                3.87017E-03       -7.77541E-06
                3.88284E-03       -5.89661E-06
                3.89551E-03       -4.00456E-06
                3.90184E-03       -3.0551E-06 
                3.91451E-03       -1.15189E-06
                3.92085E-03     -199.102E-09  
                3.93351E-03        1.70666E-06
                3.94618E-03        3.60993E-06
                3.95252E-03        4.55965E-06
                3.96519E-03        6.45331E-06
                3.97152E-03        7.3965E-06 
                3.98419E-03        9.27376E-06
                3.99052E-03       10.2071E-06 
                4.00319E-03       12.0615E-06 
                4.01586E-03       13.8973E-06 
                4.0222E-03        14.8074E-06 
                4.03487E-03       16.6106E-06 
                4.0412E-03        17.5031E-06 
                4.05387E-03       19.2685E-06 
                4.0602E-03        20.1407E-06 
                4.07287E-03       21.863E-06  
                4.08554E-03       23.5532E-06 
                4.09187E-03       24.3855E-06 
                4.10454E-03       26.0226E-06 
                4.11088E-03       26.8266E-06 
                4.12355E-03       28.4038E-06 
                4.13622E-03       29.9373E-06 
                4.14255E-03       30.6867E-06 
                4.15522E-03       32.1487E-06 
                4.16155E-03       32.8602E-06 
                4.17422E-03       34.2398E-06 
                4.18056E-03       34.9051E-06 
                4.19322E-03       36.174E-06  
                4.20589E-03       37.3329E-06 
                4.21223E-03       37.8562E-06 
                4.2249E-03        38.7522E-06 
                4.23123E-03       39.1077E-06 
                4.2439E-03        39.5925E-06 
                4.25023E-03       39.7087E-06 
                4.2629E-03        39.6695E-06 
                4.27557E-03       39.2691E-06 
                4.28191E-03       38.9417E-06 
                4.29458E-03       38.0635E-06 
                4.30091E-03       37.5276E-06 
                4.31358E-03       36.3E-06    
                4.32625E-03       34.9107E-06 
                4.33258E-03       34.1695E-06 
                4.34525E-03       32.6155E-06 
                4.35158E-03       31.8087E-06 
                4.36425E-03       30.1463E-06 
                4.37059E-03       29.2937E-06 
                4.38326E-03       27.5508E-06 
                4.39593E-03       25.7621E-06 
                4.40226E-03       24.852E-06  
                4.41493E-03       23.0026E-06 
                4.42126E-03       22.0643E-06 
                4.43393E-03       20.1635E-06 
                4.44027E-03       19.2029E-06 
                4.45293E-03       17.2684E-06 
                4.4656E-03        15.3327E-06 
                4.47194E-03       14.3737E-06 
                4.48461E-03       12.4995E-06 
                4.49094E-03       11.5975E-06 
                4.50361E-03        9.89959E-06
                4.51628E-03        8.38956E-06
                4.52261E-03        7.71911E-06
                4.53528E-03        6.56281E-06
                4.54162E-03        6.07778E-06
                4.55429E-03        5.28305E-06
                4.56062E-03        4.96475E-06
                4.57329E-03        4.45831E-06
                4.58596E-03        4.08503E-06
                4.59229E-03        3.93402E-06
                4.60496E-03        3.67932E-06
                4.61129E-03        3.5681E-06 
                4.62396E-03        3.36399E-06
                4.6303E-03         3.26725E-06
                4.64297E-03        3.07813E-06
                4.65564E-03        2.89003E-06
                4.66197E-03        2.79534E-06
                4.67464E-03        2.60376E-06
                4.68097E-03        2.5067E-06 
                4.69364E-03        2.30998E-06
                4.70631E-03        2.11008E-06
                4.71265E-03        2.00916E-06
                4.72531E-03        1.80625E-06
                4.73165E-03        1.70478E-06
                4.74432E-03        1.50375E-06
                4.75065E-03        1.40522E-06
                4.76332E-03        1.21527E-06
                4.77599E-03        1.03953E-06
                4.78232E-03      958.714E-09  
                4.79499E-03      813.974E-09  
                4.80133E-03      750.769E-09  
                4.814E-03        643.242E-09  
                4.82033E-03      598.636E-09  
                4.833E-03        525.947E-09  
                4.84567E-03      471.787E-09  
                4.852E-03        450.185E-09  
                4.86467E-03      415.061E-09  
                4.871E-03        400.516E-09  
                4.88367E-03      375.353E-09  
                4.89001E-03      364.088E-09  
                4.90268E-03      343.016E-09  
                4.91535E-03      322.882E-09  
                4.92168E-03      312.925E-09  
                4.93435E-03      292.966E-09  
                4.94068E-03      282.905E-09  
                4.95335E-03      262.547E-09  
                4.96602E-03      241.845E-09  
                4.97235E-03      231.372E-09  
                4.98502E-03      210.231E-09  
                4.99136E-03      199.597E-09  
                5.00403E-03      178.335E-09  
                5.01036E-03      167.785E-09  
                5.02303E-03      147.095E-09  
                5.0357E-03       127.374E-09  
                5.04203E-03      118.049E-09  
                5.0547E-03       100.809E-09  
                5.06104E-03       93.0099E-09 
                5.07371E-03       79.2563E-09 
                5.08004E-03       73.3358E-09 
                5.09271E-03       63.3719E-09 
                5.10538E-03       55.696E-09  
                5.11171E-03       52.5968E-09 
                5.12438E-03       47.5912E-09 
                5.13071E-03       45.5691E-09 
                5.14338E-03       42.2178E-09 
                5.15605E-03       39.4929E-09 
                5.16239E-03       38.2772E-09 
                5.17506E-03       36.0146E-09 
                5.18139E-03       34.9325E-09 
                5.19406E-03       32.8094E-09 
                5.20039E-03       31.7542E-09 
                5.21306E-03       29.6355E-09 
                5.22573E-03       27.4908E-09 
                5.23207E-03       26.4065E-09 
                5.24473E-03       24.2146E-09 
                5.25107E-03       23.108E-09  
                5.26374E-03       20.881E-09  
                5.27007E-03       19.7657E-09 
                5.28274E-03       17.552E-09  
                5.29541E-03       15.3974E-09 
                5.30174E-03       14.3574E-09 
                5.31441E-03       12.3849E-09 
                5.32075E-03       11.4658E-09 
                5.33342E-03        9.79084E-09
                5.34608E-03        8.36139E-09
                5.35242E-03        7.74437E-09
                5.36509E-03        6.70283E-09
                5.37142E-03        6.27214E-09
                5.38409E-03        5.56671E-09
                5.39042E-03        5.28067E-09
                5.40309E-03        4.81389E-09
                5.41576E-03        4.45195E-09
                5.4221E-03         4.29798E-09
                5.43477E-03        4.02485E-09
                5.4411E-03         3.90022E-09
                5.45377E-03        3.66535E-09
                5.4601E-03         3.55237E-09
                5.47277E-03        3.32964E-09
                5.48544E-03        3.10621E-09
                5.49178E-03        2.99358E-09
                5.50444E-03        2.76636E-09
                5.51078E-03        2.65181E-09
                5.52345E-03        2.42128E-09
                5.53612E-03        2.1889E-09 
                5.54245E-03        2.07213E-09
                5.55512E-03        1.8398E-09 
                5.56145E-03        1.72573E-09
                5.57412E-03        1.50596E-09
                5.58046E-03        1.40182E-09
                5.59313E-03        1.20809E-09
                5.60579E-03        1.03621E-09
                5.61213E-03      959.013E-12  
                5.6248E-03       823.179E-12  
                5.63113E-03      764.87E-12   
                5.6438E-03       666.979E-12  
                5.65013E-03      626.567E-12  
                5.6628E-03       559.812E-12  
                5.67547E-03      508.476E-12  
                5.68181E-03      487.516E-12  
                5.69448E-03      452.802E-12  
                5.70081E-03      438.174E-12  
                5.71348E-03      412.217E-12  
                5.72615E-03      388.5E-12    
                5.73248E-03      377.017E-12  
                5.74515E-03      354.077E-12  
                5.75148E-03      342.404E-12  
                5.76415E-03      318.842E-12  
                5.77049E-03      307.156E-12  
                5.78316E-03      284.082E-12  
                5.79583E-03      261.033E-12  
                5.80216E-03      249.29E-12   
                5.81483E-03      225.011E-12  
                5.82116E-03      212.533E-12  
                5.83383E-03      187.552E-12  
                5.84017E-03      175.381E-12  
                5.85284E-03      152.162E-12  
                5.8655E-03       130.614E-12  
                5.87184E-03      120.646E-12  
                5.88451E-03      102.939E-12  
                5.89084E-03       95.2599E-12 
                5.90351E-03       81.573E-12  
                5.91618E-03       69.3695E-12 
                5.92251E-03       64.078E-12  
                5.93518E-03       56.1387E-12 
                5.94152E-03       53.5559E-12 
                5.95419E-03       50.2508E-12 
                5.96052E-03       48.9848E-12 
                5.97319E-03       46.292E-12  
                5.98586E-03       43.5104E-12 
                5.99219E-03       42.3512E-12 
                6.00486E-03       40.4734E-12 
                6.0112E-03        39.5221E-12 
                6.02386E-03       37.1737E-12 
                6.0302E-03        35.7699E-12 
                6.04287E-03       32.5132E-12 
                6.05554E-03       28.5359E-12 
                6.06187E-03       26.378E-12  
                6.07454E-03       22.3133E-12 
                6.08087E-03       20.5552E-12 
                6.09354E-03       17.435E-12  
                6.10621E-03       14.3225E-12 
                6.11255E-03       12.6841E-12 
                6.12521E-03        9.63583E-12
                6.13155E-03        8.53051E-12
                6.14422E-03        7.63802E-12
                6.15055E-03        7.76785E-12
                6.16322E-03        8.52783E-12
                6.17589E-03        9.25461E-12
                6.18222E-03        9.52487E-12
                6.19489E-03        9.98365E-12
                6.20123E-03       10.2155E-12 
                6.2139E-03        10.6786E-12 
                6.22023E-03       10.8429E-12 
                6.2329E-03        10.7452E-12 
                6.24557E-03        9.86866E-12
                6.2519E-03         9.21487E-12
                6.26457E-03        7.85341E-12
                6.27091E-03        7.26228E-12
                6.28357E-03        6.29579E-12
                6.29624E-03        5.44424E-12
                6.30258E-03        5.0842E-12 
                6.31525E-03        5.2734E-12 
                6.32158E-03        6.74602E-12
                6.33425E-03       18.5987E-12 
                6.34058E-03       34.6725E-12 
                6.35325E-03      119.248E-12  
                6.36592E-03      375.666E-12  
                6.37226E-03      643.207E-12  
                6.38492E-03        1.76245E-09
                6.39126E-03        2.82527E-09
                6.40393E-03        6.83212E-09
                6.41026E-03       10.3191E-09 
                6.42293E-03       22.2735E-09 
                6.4356E-03        44.8264E-09 
                6.44193E-03       62.0302E-09 
                6.4546E-03       113.314E-09  
                6.46094E-03      149.743E-09  
                6.47361E-03      250.62E-09   
                6.48627E-03      397.68E-09   
                6.49261E-03      491.648E-09  
                6.50528E-03      725.591E-09  
                6.51161E-03      867.035E-09  
                6.52428E-03        1.20071E-06
                6.53061E-03        1.39289E-06
                6.54328E-03        1.82582E-06
                6.55595E-03        2.31802E-06
                6.56229E-03        2.58365E-06
                6.57496E-03        3.14752E-06
                6.58129E-03        3.44307E-06
                6.59396E-03        4.05475E-06
                6.60029E-03        4.36837E-06
                6.61296E-03        5.00552E-06
                6.62563E-03        5.64948E-06
                6.63197E-03        5.97195E-06
                6.64463E-03        6.61445E-06
                6.65097E-03        6.93324E-06
                6.66364E-03        7.563E-06  
                6.67631E-03        8.17808E-06
                6.68264E-03        8.47823E-06
                6.69531E-03        9.05891E-06
                6.70164E-03        9.33699E-06
                6.71431E-03        9.86103E-06
                6.72065E-03       10.1033E-06 
                6.73332E-03       10.5379E-06 
                6.74598E-03       10.8903E-06 
                6.75232E-03       11.0298E-06 
                6.76499E-03       11.2238E-06 
                6.77132E-03       11.2745E-06 
                6.78399E-03       11.2758E-06 
                6.79033E-03       11.2247E-06 
                6.80299E-03       11.0178E-06 
                6.81566E-03       10.6751E-06 
                6.822E-03         10.4557E-06 
                6.83467E-03        9.92963E-06
                6.841E-03          9.627E-06  
                6.85367E-03        8.95375E-06
                6.86E-03           8.58764E-06
                6.87267E-03        7.80728E-06
                6.88534E-03        6.97589E-06
                6.89168E-03        6.54546E-06
                6.90434E-03        5.6629E-06 
                6.91068E-03        5.21363E-06
                6.92335E-03        4.30623E-06
                6.93602E-03        3.39793E-06
                6.94235E-03        2.94851E-06
                6.95502E-03        2.07311E-06
                6.96135E-03        1.65457E-06
                6.97402E-03      880.27E-09   
                6.98036E-03      536.952E-09  
                6.99303E-03      -24.0668E-09 
                7.00569E-03     -357.479E-09  
                7.01203E-03     -414.101E-09  
                7.0247E-03      -255.927E-09  
                7.03103E-03      -21.4476E-09 
                7.0437E-03       801.501E-09  
                7.05003E-03        1.40353E-06
                7.0627E-03         3.01019E-06
                7.07537E-03        5.16031E-06
                7.08171E-03        6.43436E-06
                7.09438E-03        9.35513E-06
                7.10071E-03       10.9873E-06 
                7.11338E-03       14.5506E-06 
                7.12605E-03       18.4465E-06 
                7.13238E-03       20.4938E-06 
                7.14505E-03       24.7384E-06 
                7.15139E-03       26.9177E-06 
                7.16405E-03       31.3507E-06 
                7.17039E-03       33.5908E-06 
                7.18306E-03       38.0899E-06 
                7.19573E-03       42.5846E-06 
                7.20206E-03       44.8218E-06 
                7.21473E-03       49.2634E-06 
                7.22106E-03       51.4643E-06 
                7.23373E-03       55.8208E-06 
                7.24007E-03       57.9752E-06 
                7.25274E-03       62.2362E-06 
                7.2654E-03        66.4363E-06 
                7.27174E-03       68.5155E-06 
                7.28441E-03       72.6378E-06 
                7.29074E-03       74.6833E-06 
                7.30341E-03       78.7493E-06 
                7.31608E-03       82.7882E-06 
                7.32241E-03       84.7991E-06 
                7.33508E-03       88.804E-06  
                7.34142E-03       90.7972E-06 
                7.35409E-03       94.7598E-06 
                7.36042E-03       96.726E-06  
                7.37309E-03      100.619E-06  
                7.38576E-03      104.442E-06  
                7.39209E-03      106.322E-06  
                7.40476E-03      110.004E-06  
                7.4111E-03       111.802E-06  
                7.42376E-03      115.302E-06  
                7.4301E-03       117.001E-06  
                7.44277E-03      120.289E-06  
                7.45544E-03      123.427E-06  
                7.46177E-03      124.94E-06   
                7.47444E-03      127.85E-06   
                7.48077E-03      129.25E-06   
                7.49344E-03      131.939E-06  
                7.50611E-03      134.485E-06  
                7.51245E-03      135.705E-06  
                7.52511E-03      138.04E-06   
                7.53145E-03      139.153E-06  
                7.54412E-03      141.27E-06   
                7.55045E-03      142.272E-06  
                7.56312E-03      144.157E-06  
                7.57579E-03      145.876E-06  
                7.58212E-03      146.669E-06  
                7.59479E-03      148.119E-06  
                7.60113E-03      148.772E-06  
                7.6138E-03       149.93E-06   
                7.62013E-03      150.432E-06  
                7.6328E-03       151.279E-06  
                7.64547E-03      151.909E-06  
                7.6518E-03       152.141E-06  
                7.66447E-03      152.433E-06  
                7.67081E-03      152.491E-06  
                7.68347E-03      152.43E-06   
                7.69614E-03      152.122E-06  
                7.70248E-03      151.872E-06  
                7.71515E-03      151.175E-06  
                7.72148E-03      150.723E-06  
                7.73415E-03      149.604E-06  
                7.74048E-03      148.932E-06  
                7.75315E-03      147.354E-06  
                7.76582E-03      145.449E-06  
                7.77216E-03      144.371E-06  
                7.78482E-03      141.956E-06  
                7.79116E-03      140.619E-06  
                7.80383E-03      137.689E-06  
                7.81016E-03      136.097E-06  
                7.82283E-03      132.67E-06   
                7.8355E-03       128.932E-06  
                7.84183E-03      126.954E-06  
                7.8545E-03       122.793E-06  
                7.86083E-03      120.616E-06  
                7.8735E-03       116.085E-06  
                7.88617E-03      111.335E-06  
                7.8925E-03       108.884E-06  
                7.90517E-03      103.841E-06  
                7.91151E-03      101.254E-06  
                7.92417E-03       95.9601E-06 
                7.93051E-03       93.258E-06  
                7.94317E-03       87.7577E-06 
                7.95584E-03       82.1533E-06 
                7.96218E-03       79.3235E-06 
                7.97484E-03       73.6382E-06 
                7.98118E-03       70.7972E-06 
                7.99385E-03       65.1621E-06 
                8.00018E-03       62.3878E-06 
                8.01285E-03       56.9798E-06 
                8.02552E-03       51.8345E-06 
                8.03185E-03       49.3875E-06 
                8.04452E-03       44.7927E-06 
                8.05085E-03       42.6602E-06 
                8.06352E-03       38.7509E-06 
                8.07619E-03       35.3279E-06 
                8.08252E-03       33.7963E-06 
                8.09519E-03       31.072E-06  
                8.10152E-03       29.8668E-06 
                8.11419E-03       27.7308E-06 
                8.12052E-03       26.7825E-06 
                8.13319E-03       25.0804E-06 
                8.14586E-03       23.5799E-06 
                8.15219E-03       22.8856E-06 
                8.16486E-03       21.5752E-06 
                8.1712E-03        20.948E-06  
                8.18386E-03       19.7274E-06 
                8.1902E-03        19.1272E-06 
                8.20287E-03       17.9353E-06 
                8.21553E-03       16.7451E-06 
                8.22187E-03       16.1488E-06 
                8.23454E-03       14.9541E-06 
                8.24087E-03       14.3569E-06 
                8.25354E-03       13.1679E-06 
                8.2662E-03        11.9965E-06 
                8.27254E-03       11.4222E-06 
                8.28521E-03       10.307E-06  
                8.29154E-03        9.77079E-06
                8.30421E-03        8.75188E-06
                8.31054E-03        8.27325E-06
                8.32321E-03        7.38593E-06
                8.33588E-03        6.5991E-06 
                8.34221E-03        6.24468E-06
                8.35488E-03        5.61308E-06
                8.36121E-03        5.33447E-06
                8.37388E-03        4.84587E-06
                8.38022E-03        4.6328E-06 
                8.39288E-03        4.26037E-06
                8.40555E-03        3.94723E-06
                8.41189E-03        3.80836E-06
                8.42455E-03        3.55763E-06
                8.43089E-03        3.4428E-06 
                8.44355E-03        3.22794E-06
                8.45622E-03        3.02626E-06
                8.46256E-03        2.92844E-06
                8.47522E-03        2.73614E-06
                8.48156E-03        2.64095E-06
                8.49423E-03        2.45139E-06
                8.50056E-03        2.35686E-06
                8.51323E-03        2.16839E-06
                8.5259E-03         1.98159E-06
                8.53223E-03        1.88933E-06
                8.5449E-03         1.70845E-06
                8.55123E-03        1.62048E-06
                8.5639E-03         1.45117E-06
                8.57023E-03        1.3705E-06 
                8.5829E-03         1.21871E-06
                8.59557E-03        1.08134E-06
                8.6019E-03         1.01852E-06
                8.61457E-03      905.068E-09  
                8.6209E-03       854.435E-09  
                8.63357E-03      764.933E-09  
                8.64624E-03      689.996E-09  
                8.65257E-03      657.424E-09  
                8.66524E-03      600.74E-09   
                8.67158E-03      576.066E-09  
                8.68424E-03      532.649E-09  
                8.69058E-03      513.371E-09  
                8.70325E-03      478.482E-09  
                8.71591E-03      447.133E-09  
                8.72225E-03      432.37E-09   
                8.73492E-03      404.033E-09  
                8.74125E-03      390.264E-09  
                8.75392E-03      363.183E-09  
                8.76025E-03      349.788E-09  
                8.77292E-03      323.172E-09  
                8.78559E-03      296.759E-09  
                8.79192E-03      283.656E-09  
                8.80459E-03      257.787E-09  
                8.81092E-03      245.094E-09  
                8.82359E-03      220.394E-09  
                8.83626E-03      196.911E-09  
                8.84259E-03      185.737E-09  
                8.85526E-03      164.726E-09  
                8.86159E-03      154.959E-09  
                8.87426E-03      137.038E-09  
                8.8806E-03       128.914E-09  
                8.89326E-03      114.359E-09  
                8.90593E-03      101.993E-09  
                8.91227E-03       96.5795E-09 
                8.92493E-03       87.145E-09  
                8.93127E-03       83.0526E-09 
                8.94394E-03       75.9257E-09 
                8.95027E-03       72.8164E-09 
                8.96294E-03       67.3247E-09 
                8.97561E-03       62.5762E-09 
                8.98194E-03       60.405E-09  
                8.99461E-03       56.3451E-09 
                9.00094E-03       54.4187E-09 
                9.01361E-03       50.704E-09  
                9.02628E-03       47.1109E-09 
                9.03261E-03       45.3435E-09 
                9.04528E-03       41.8434E-09 
                9.05161E-03       40.105E-09  
                9.06428E-03       36.6554E-09 
                9.07061E-03       34.9518E-09 
                9.08328E-03       31.61E-09   
                9.09595E-03       28.3866E-09 
                9.10228E-03       26.8339E-09 
                9.11495E-03       23.8771E-09 
                9.12128E-03       22.4833E-09 
                9.13395E-03       19.8851E-09 
                9.14029E-03       18.6874E-09 
                9.15295E-03       16.5068E-09 
                9.16562E-03       14.6165E-09 
                9.17196E-03       13.7774E-09 
                9.18462E-03       12.3004E-09 
                9.19096E-03       11.6566E-09 
                9.20363E-03       10.5382E-09 
                9.21629E-03        9.61327E-09
                9.22263E-03        9.20991E-09
                9.2353E-03         8.49637E-09
                9.24163E-03        8.17816E-09
                9.2543E-03         7.60085E-09
                9.26063E-03        7.33509E-09
                9.2733E-03         6.83582E-09
                9.28597E-03        6.36404E-09
                9.2923E-03         6.13374E-09
                9.30497E-03        5.67934E-09
                9.3113E-03         5.45458E-09
                9.32397E-03        5.01031E-09
                9.3303E-03         4.79112E-09
                9.34297E-03        4.35954E-09
                9.35564E-03        3.94008E-09
                9.36197E-03        3.73621E-09
                9.37464E-03        3.3429E-09 
                9.38098E-03        3.15465E-09
                9.39364E-03        2.79746E-09
                9.40631E-03        2.46865E-09
                9.41265E-03        2.31643E-09
                9.42531E-03        2.04099E-09
                9.43165E-03        1.91901E-09
                9.44431E-03        1.70514E-09
                9.45065E-03        1.61124E-09
                9.46332E-03        1.44503E-09
                9.47598E-03        1.30533E-09
                9.48232E-03        1.24484E-09
                9.49499E-03        1.13891E-09
                9.50132E-03        1.09144E-09
                9.51399E-03        1.00429E-09
                9.52032E-03      964.354E-12  
                9.53299E-03      891.238E-12  
                9.54566E-03      823.722E-12  
                9.55199E-03      789.963E-12  
                9.56466E-03      716.242E-12  
                9.57099E-03      672.472E-12  
                9.58366E-03      554.823E-12  
                9.59633E-03      356.748E-12  
                9.60266E-03      202.821E-12  
                9.61533E-03     -298.21E-12   
                9.62167E-03     -695.563E-12  
                9.63433E-03       -1.97071E-09
                9.64067E-03       -2.95559E-09
                9.65333E-03       -5.9926E-09 
                9.666E-03        -11.1505E-09 
                9.67234E-03      -14.8614E-09 
                9.685E-03        -25.4086E-09 
                9.69134E-03      -32.6559E-09 
                9.70401E-03      -52.2791E-09 
                9.71034E-03      -65.1788E-09 
                9.72301E-03      -98.5447E-09 
                9.73568E-03     -143.879E-09  
                9.74201E-03     -171.71E-09   
                9.75468E-03     -238.886E-09  
                9.76101E-03     -278.622E-09  
                9.77368E-03     -371.074E-09  
                9.78001E-03     -423.935E-09  
                9.79268E-03     -542.933E-09  
                9.80535E-03     -679.08E-09   
                9.81168E-03     -753.211E-09  
                9.82435E-03     -912.509E-09  
                9.83068E-03     -997.155E-09  
                9.84335E-03       -1.17498E-06
                9.85602E-03       -1.36211E-06
                9.86235E-03       -1.45835E-06
                9.87502E-03       -1.65461E-06
                9.88136E-03       -1.75399E-06
                9.89402E-03       -1.95367E-06
                9.90036E-03       -2.05333E-06
                9.91303E-03       -2.25063E-06
                9.92569E-03       -2.44279E-06
                9.93203E-03       -2.53593E-06
                9.94466E-03       -2.71356E-06
                9.95094E-03       -2.79661E-06
                9.96339E-03       -2.94854E-06
                9.97572E-03       -3.07773E-06
                9.98183E-03       -3.13231E-06
                9.99397E-03       -3.21847E-06
               10.E-03            -3.2489E-06 





                  X               _temp_1     

                0.                 0.         
               12.6684E-06         3.37279E-06
               25.3367E-06         6.73221E-06
               31.6709E-06         8.31207E-06
               44.3393E-06        11.6929E-06 
               50.6734E-06        13.4309E-06 
               63.3418E-06        16.7004E-06 
               76.0102E-06        19.9738E-06 
               82.3443E-06        21.615E-06  
               95.0127E-06        24.9015E-06 
              101.347E-06         26.5165E-06 
              114.015E-06         29.6359E-06 
              120.349E-06         31.2082E-06 
              133.018E-06         34.3255E-06 
              145.686E-06         37.4427E-06 
              152.02E-06          38.9634E-06 
              164.689E-06         41.8431E-06 
              171.023E-06         43.2851E-06 
              183.691E-06         46.1632E-06 
              190.025E-06         47.6017E-06 
              202.694E-06         50.419E-06  
              215.362E-06         52.986E-06  
              221.696E-06         54.2716E-06 
              234.365E-06         56.8389E-06 
              240.699E-06         58.1208E-06 
              253.367E-06         60.5955E-06 
              266.036E-06         62.788E-06  
              272.37E-06          63.8846E-06 
              285.038E-06         66.0774E-06 
              291.372E-06         67.1733E-06 
              304.041E-06         69.2386E-06 
              310.375E-06         70.1164E-06 
              323.043E-06         71.881E-06  
              335.712E-06         73.6457E-06 
              342.046E-06         74.5295E-06 
              354.714E-06         76.1294E-06 
              361.048E-06         76.7664E-06 
              373.717E-06         78.0594E-06 
              380.051E-06         78.7118E-06 
              392.719E-06         80.0027E-06 
              405.388E-06         81.094E-06  
              411.722E-06         81.4739E-06 
              424.39E-06          82.2634E-06 
              430.725E-06         82.6678E-06 
              443.393E-06         83.4542E-06 
              456.061E-06         84.0074E-06 
              462.395E-06         84.1203E-06 
              475.064E-06         84.387E-06  
              481.398E-06         84.5338E-06 
              494.066E-06         84.7963E-06 
              500.401E-06         84.9059E-06 
              513.069E-06         84.6418E-06 
              525.737E-06         84.3789E-06 
              532.071E-06         84.2605E-06 
              544.74E-06          83.9932E-06 
              551.074E-06         83.8125E-06 
              563.742E-06         83.0252E-06 
              570.076E-06         82.6453E-06 
              582.745E-06         81.8553E-06 
              595.413E-06         81.0653E-06 
              601.747E-06         80.6012E-06 
              614.415E-06         79.3097E-06 
              620.75E-06          78.6733E-06 
              633.418E-06         77.3801E-06 
              646.086E-06         76.0867E-06 
              652.42E-06          75.3531E-06 
              665.089E-06         73.5892E-06 
              671.423E-06         72.7124E-06 
              684.091E-06         70.9477E-06 
              690.425E-06         70.0623E-06 
              703.094E-06         68.2012E-06 
              715.762E-06         66.0085E-06 
              722.096E-06         64.9136E-06 
              734.764E-06         62.7208E-06 
              741.099E-06         61.6233E-06 
              753.767E-06         59.327E-06  
              760.101E-06         58.041E-06  
              772.769E-06         55.474E-06  
              785.438E-06         52.907E-06  
              791.772E-06         51.6241E-06 
              804.44E-06          48.9548E-06 
              810.774E-06         47.5107E-06 
              823.443E-06         44.6324E-06 
              836.111E-06         41.7543E-06 
              842.445E-06         40.317E-06  
              855.113E-06         37.3473E-06 
              861.448E-06         35.7817E-06 
              874.116E-06         32.6631E-06 
              880.45E-06          31.1077E-06 
              893.118E-06         27.9876E-06 
              905.787E-06         24.7981E-06 
              912.121E-06         23.1508E-06 
              924.789E-06         19.8684E-06 
              931.123E-06         18.2309E-06 
              943.792E-06         14.9473E-06 
              950.126E-06         13.3031E-06 
              962.794E-06          9.93762E-06
              975.462E-06          6.57223E-06
              981.797E-06          4.89164E-06
              994.465E-06          1.52538E-06
                1.0008E-03        39.3673E-09 
                1.01347E-03       45.792E-09  
                1.02614E-03       41.6978E-09 
                1.03247E-03      -37.1845E-09 
                1.04514E-03      -26.0422E-09 
                1.05147E-03       20.281E-09  
                1.06414E-03       10.0339E-09 
                1.07047E-03       -5.9031E-09 
                1.08314E-03       28.8445E-12 
                1.09581E-03        3.04088E-09
                1.10215E-03       -3.65642E-09
                1.11481E-03       -3.63109E-09
                1.12115E-03        3.22312E-09
                1.13382E-03        2.05248E-09
                1.14015E-03       -1.4571E-09 
                1.15282E-03     -406.566E-12  
                1.16549E-03      290.867E-12  
                1.17182E-03     -482.906E-12  
                1.18449E-03     -632.086E-12  
                1.19082E-03      597.365E-12  
                1.20349E-03      451.06E-12   
                1.21616E-03      238.289E-12  
                1.22249E-03     -158.522E-12  
                1.23516E-03        3.42892E-12
                1.2415E-03       -58.5101E-12 
                1.25417E-03     -123.182E-12  
                1.2605E-03        99.9726E-12 
                1.27317E-03      103.179E-12  
                1.28584E-03       79.7396E-12 
                1.29217E-03      -34.7763E-12 
                1.30484E-03      -15.1962E-12 
                1.31117E-03       -6.53777E-12
                1.32384E-03      -24.9603E-12 
                1.33018E-03        9.34053E-12
                1.34284E-03        8.15108E-12
                1.35551E-03        8.69047E-12
                1.36185E-03      -19.4691E-12 
                1.37451E-03      -15.182E-12  
                1.38085E-03       -4.39527E-12
                1.39352E-03        2.9838E-12 
                1.40619E-03        8.09449E-12
                1.41252E-03       18.7093E-12 
                1.42519E-03       17.8261E-12 
                1.43152E-03        6.58465E-12
                1.44419E-03      709.703E-15  
                1.45052E-03        1.75007E-12
                1.46319E-03        2.42504E-12
                1.47586E-03     -467.96E-15   
                1.4822E-03        -1.25088E-12
                1.49486E-03     -426.934E-15  
                1.5012E-03         2.22021E-12
                1.51387E-03        6.28905E-12
                1.5202E-03         2.46747E-12
                1.53287E-03       -6.17847E-12
                1.54554E-03      338.832E-15  
                1.55187E-03        4.61026E-12
                1.56454E-03        6.86059E-12
                1.57087E-03        8.35462E-12
                1.58354E-03       14.416E-12  
                1.59621E-03       10.0929E-12 
                1.60254E-03        3.71796E-12
                1.61521E-03       -3.10029E-12
                1.62155E-03        1.10674E-12
                1.63421E-03       13.4144E-12 
                1.64055E-03       15.9281E-12 
                1.65322E-03       14.4069E-12 
                1.66589E-03       11.3885E-12 
                1.67222E-03       11.9575E-12 
                1.68489E-03       13.1502E-12 
                1.69122E-03       11.3926E-12 
                1.70389E-03        6.4534E-12 
                1.71022E-03        3.94015E-12
                1.72289E-03       92.138E-15  
                1.73556E-03        3.01995E-12
                1.7419E-03         4.83647E-12
                1.75456E-03        4.81257E-12
                1.7609E-03         4.42387E-12
                1.77357E-03        6.04755E-12
                1.78623E-03        6.8641E-12 
                1.79257E-03        5.09017E-12
                1.80524E-03      551.638E-15  
                1.81157E-03        1.05465E-12
                1.82424E-03        5.86058E-12
                1.83057E-03        6.8883E-12 
                1.84324E-03        5.35848E-12
                1.85591E-03        2.89761E-12
                1.86224E-03        1.69216E-12
                1.87491E-03      308.898E-15  
                1.88125E-03        1.22022E-12
                1.89392E-03        5.86328E-12
                1.90025E-03        8.37293E-12
                1.91292E-03       10.5695E-12 
                1.92559E-03        8.14745E-12
                1.93192E-03        5.81819E-12
                1.94459E-03      784.669E-15  
                1.95092E-03       -1.41019E-12
                1.96359E-03       -5.27193E-12
                1.97626E-03       -7.06282E-12
                1.98259E-03       -6.26023E-12
                1.99526E-03     -686.774E-15  
                2.0016E-03         3.50835E-12
                2.01426E-03       10.4797E-12 
                2.0206E-03        11.7475E-12 
                2.03327E-03       11.125E-12  
                2.04593E-03        7.4612E-12 
                2.05227E-03        4.08056E-12
                2.06494E-03       -3.08999E-12
                2.07127E-03       -5.38003E-12
                2.08394E-03       -8.07592E-12
                2.09027E-03      -10.0211E-12 
                2.10294E-03      -15.3866E-12 
                2.11561E-03      -17.5867E-12 
                2.12194E-03      -16.2902E-12 
                2.13461E-03      -10.0027E-12 
                2.14095E-03       -6.11395E-12
                2.15362E-03      147.379E-15  
                2.16628E-03        3.46018E-12
                2.17262E-03        4.78924E-12
                2.18529E-03        6.74329E-12
                2.19162E-03        6.45927E-12
                2.20429E-03        3.26642E-12
                2.21062E-03        1.55383E-12
                2.22329E-03       15.577E-15  
                2.23596E-03      338.195E-15  
                2.24229E-03      371.453E-15  
                2.25496E-03     -686.945E-15  
                2.2613E-03        -1.60937E-12
                2.27396E-03       -4.30639E-12
                2.2803E-03        -5.89122E-12
                2.29297E-03       -6.84734E-12
                2.30564E-03       -2.42743E-12
                2.31197E-03        1.06529E-12
                2.32464E-03        6.05494E-12
                2.33097E-03        5.95483E-12
                2.34364E-03        1.61576E-12
                2.35631E-03       -1.61798E-12
                2.36264E-03       -1.72455E-12
                2.37531E-03     -933.521E-15  
                2.38165E-03     -697.396E-15  
                2.39431E-03      184.656E-15  
                2.40065E-03        1.37358E-12
                2.41332E-03        4.34461E-12
                2.42598E-03        4.99095E-12
                2.43232E-03        4.19212E-12
                2.44499E-03        1.55633E-12
                2.45132E-03      -83.2227E-15 
                2.46399E-03       -3.60086E-12
                2.47032E-03       -4.83006E-12
                2.48299E-03       -4.47695E-12
                2.49566E-03       -1.27589E-12
                2.50199E-03     -183.583E-15  
                2.51466E-03       -2.00407E-12
                2.521E-03         -4.78812E-12
                2.53367E-03      -10.6265E-12 
                2.54633E-03      -12.0658E-12 
                2.55267E-03      -10.4364E-12 
                2.56534E-03       -3.82506E-12
                2.57167E-03       50.3705E-15 
                2.58434E-03        6.31895E-12
                2.59067E-03        8.00921E-12
                2.60334E-03        7.50876E-12
                2.61601E-03        2.54908E-12
                2.62234E-03     -413.873E-15  
                2.63501E-03       -4.24554E-12
                2.64135E-03       -4.51978E-12
                2.65401E-03       -2.6116E-12 
                2.66035E-03       -1.17341E-12
                2.67302E-03        1.49814E-12
                2.68568E-03        3.0294E-12 
                2.69202E-03        2.86445E-12
                2.70469E-03      204.638E-15  
                2.71102E-03       -1.77399E-12
                2.72369E-03       -4.66555E-12
                2.73002E-03       -5.00608E-12
                2.74269E-03       -4.14902E-12
                2.75536E-03       -3.61533E-12
                2.76169E-03       -4.0286E-12 
                2.77436E-03       -5.8142E-12 
                2.7807E-03        -6.67111E-12
                2.79337E-03       -7.3513E-12 
                2.80603E-03       -6.93108E-12
                2.81237E-03       -6.57513E-12
                2.82504E-03       -5.18761E-12
                2.83137E-03       -3.78618E-12
                2.84404E-03      305.221E-15  
                2.85037E-03        2.33838E-12
                2.86304E-03        4.68068E-12
                2.87571E-03        4.76882E-12
                2.88204E-03        4.6545E-12 
                2.89471E-03        5.2169E-12 
                2.90105E-03        5.85217E-12
                2.91371E-03        7.12656E-12
                2.92005E-03        7.52038E-12
                2.93272E-03        7.25362E-12
                2.94539E-03        4.8439E-12 
                2.95172E-03        2.92668E-12
                2.96439E-03     -830.408E-15  
                2.97072E-03       -2.01847E-12
                2.98339E-03       -2.53496E-12
                2.99606E-03       -1.49979E-12
                3.00239E-03     -885.862E-15  
                3.01506E-03     -430.285E-15  
                3.0214E-03      -890.846E-15  
                3.03406E-03       -3.1193E-12 
                3.0404E-03        -4.40592E-12
                3.05307E-03       -5.58008E-12
                3.06573E-03       -3.37351E-12
                3.07207E-03       -1.02437E-12
                3.08474E-03        4.76607E-12
                3.09107E-03        7.40443E-12
                3.10374E-03       10.4605E-12 
                3.11007E-03       10.4425E-12 
                3.12274E-03        4.16313E-12
                3.13541E-03      -41.6748E-12 
                3.14174E-03     -125.889E-12  
                3.15441E-03     -788.844E-12  
                3.16075E-03       -1.776E-09  
                3.17342E-03       -7.63133E-09
                3.18608E-03      -26.9728E-09 
                3.19242E-03      -47.4648E-09 
                3.20509E-03     -130.374E-09  
                3.21142E-03     -204.429E-09  
                3.22409E-03     -454.732E-09  
                3.23042E-03     -647.667E-09  
                3.24309E-03       -1.20957E-06
                3.25576E-03       -2.0473E-06 
                3.26209E-03       -2.57794E-06
                3.27476E-03       -3.8598E-06 
                3.2811E-03        -4.60339E-06
                3.29376E-03       -6.26493E-06
                3.3001E-03        -7.16776E-06
                3.31277E-03       -9.07854E-06
                3.32543E-03      -11.0824E-06 
                3.33177E-03      -12.1044E-06 
                3.34444E-03      -14.1665E-06 
                3.35077E-03      -15.2001E-06 
                3.36344E-03      -17.2607E-06 
                3.37611E-03      -19.3025E-06 
                3.38244E-03      -20.3137E-06 
                3.39511E-03      -22.3131E-06 
                3.40144E-03      -23.3002E-06 
                3.41411E-03      -25.2463E-06 
                3.42045E-03      -26.2044E-06 
                3.43312E-03      -28.0876E-06 
                3.44578E-03      -29.9204E-06 
                3.45212E-03      -30.8142E-06 
                3.46479E-03      -32.5441E-06 
                3.47112E-03      -33.3726E-06 
                3.48379E-03      -34.9314E-06 
                3.49012E-03      -35.6488E-06 
                3.50279E-03      -36.924E-06  
                3.51546E-03      -37.9401E-06 
                3.52179E-03      -38.3367E-06 
                3.53446E-03      -38.891E-06  
                3.5408E-03       -39.0477E-06 
                3.55346E-03      -39.1307E-06 
                3.56613E-03      -38.937E-06  
                3.57247E-03      -38.751E-06  
                3.58514E-03      -38.2318E-06 
                3.59147E-03      -37.9104E-06 
                3.60414E-03      -37.1692E-06 
                3.61047E-03      -36.7575E-06 
                3.62314E-03      -35.8675E-06 
                3.63581E-03      -34.9022E-06 
                3.64214E-03      -34.395E-06  
                3.65481E-03      -33.3361E-06 
                3.66115E-03      -32.7855E-06 
                3.67381E-03      -31.6446E-06 
                3.68015E-03      -31.055E-06  
                3.69282E-03      -29.8387E-06 
                3.70548E-03      -28.5746E-06 
                3.71182E-03      -27.9251E-06 
                3.72449E-03      -26.5921E-06 
                3.73082E-03      -25.9086E-06 
                3.74349E-03      -24.5074E-06 
                3.75616E-03      -23.0591E-06 
                3.76249E-03      -22.3165E-06 
                3.77516E-03      -20.7926E-06 
                3.78149E-03      -20.0106E-06 
                3.79416E-03      -18.4051E-06 
                3.8005E-03       -17.5817E-06 
                3.81316E-03      -15.8944E-06 
                3.82583E-03      -14.1568E-06 
                3.83217E-03      -13.2709E-06 
                3.84484E-03      -11.4696E-06 
                3.85117E-03      -10.5561E-06 
                3.86384E-03       -8.70812E-06
                3.87017E-03       -7.77541E-06
                3.88284E-03       -5.89661E-06
                3.89551E-03       -4.00456E-06
                3.90184E-03       -3.0551E-06 
                3.91451E-03       -1.15189E-06
                3.92085E-03     -199.102E-09  
                3.93351E-03        1.70666E-06
                3.94618E-03        3.60993E-06
                3.95252E-03        4.55965E-06
                3.96519E-03        6.45331E-06
                3.97152E-03        7.3965E-06 
                3.98419E-03        9.27376E-06
                3.99052E-03       10.2071E-06 
                4.00319E-03       12.0615E-06 
                4.01586E-03       13.8973E-06 
                4.0222E-03        14.8074E-06 
                4.03487E-03       16.6106E-06 
                4.0412E-03        17.5031E-06 
                4.05387E-03       19.2685E-06 
                4.0602E-03        20.1407E-06 
                4.07287E-03       21.863E-06  
                4.08554E-03       23.5532E-06 
                4.09187E-03       24.3855E-06 
                4.10454E-03       26.0226E-06 
                4.11088E-03       26.8266E-06 
                4.12355E-03       28.4038E-06 
                4.13622E-03       29.9373E-06 
                4.14255E-03       30.6867E-06 
                4.15522E-03       32.1487E-06 
                4.16155E-03       32.8602E-06 
                4.17422E-03       34.2398E-06 
                4.18056E-03       34.9051E-06 
                4.19322E-03       36.174E-06  
                4.20589E-03       37.3329E-06 
                4.21223E-03       37.8562E-06 
                4.2249E-03        38.7522E-06 
                4.23123E-03       39.1077E-06 
                4.2439E-03        39.5925E-06 
                4.25023E-03       39.7087E-06 
                4.2629E-03        39.6695E-06 
                4.27557E-03       39.2691E-06 
                4.28191E-03       38.9417E-06 
                4.29458E-03       38.0635E-06 
                4.30091E-03       37.5276E-06 
                4.31358E-03       36.3E-06    
                4.32625E-03       34.9107E-06 
                4.33258E-03       34.1695E-06 
                4.34525E-03       32.6155E-06 
                4.35158E-03       31.8087E-06 
                4.36425E-03       30.1463E-06 
                4.37059E-03       29.2937E-06 
                4.38326E-03       27.5508E-06 
                4.39593E-03       25.7621E-06 
                4.40226E-03       24.852E-06  
                4.41493E-03       23.0026E-06 
                4.42126E-03       22.0643E-06 
                4.43393E-03       20.1635E-06 
                4.44027E-03       19.2029E-06 
                4.45293E-03       17.2684E-06 
                4.4656E-03        15.3327E-06 
                4.47194E-03       14.3737E-06 
                4.48461E-03       12.4995E-06 
                4.49094E-03       11.5975E-06 
                4.50361E-03        9.89959E-06
                4.51628E-03        8.38956E-06
                4.52261E-03        7.71911E-06
                4.53528E-03        6.56281E-06
                4.54162E-03        6.07778E-06
                4.55429E-03        5.28305E-06
                4.56062E-03        4.96475E-06
                4.57329E-03        4.45831E-06
                4.58596E-03        4.08503E-06
                4.59229E-03        3.93402E-06
                4.60496E-03        3.67932E-06
                4.61129E-03        3.5681E-06 
                4.62396E-03        3.36399E-06
                4.6303E-03         3.26725E-06
                4.64297E-03        3.07813E-06
                4.65564E-03        2.89003E-06
                4.66197E-03        2.79534E-06
                4.67464E-03        2.60376E-06
                4.68097E-03        2.5067E-06 
                4.69364E-03        2.30998E-06
                4.70631E-03        2.11008E-06
                4.71265E-03        2.00916E-06
                4.72531E-03        1.80625E-06
                4.73165E-03        1.70478E-06
                4.74432E-03        1.50375E-06
                4.75065E-03        1.40522E-06
                4.76332E-03        1.21527E-06
                4.77599E-03        1.03953E-06
                4.78232E-03      958.714E-09  
                4.79499E-03      813.974E-09  
                4.80133E-03      750.769E-09  
                4.814E-03        643.242E-09  
                4.82033E-03      598.636E-09  
                4.833E-03        525.947E-09  
                4.84567E-03      471.787E-09  
                4.852E-03        450.185E-09  
                4.86467E-03      415.061E-09  
                4.871E-03        400.516E-09  
                4.88367E-03      375.353E-09  
                4.89001E-03      364.088E-09  
                4.90268E-03      343.016E-09  
                4.91535E-03      322.882E-09  
                4.92168E-03      312.925E-09  
                4.93435E-03      292.966E-09  
                4.94068E-03      282.905E-09  
                4.95335E-03      262.547E-09  
                4.96602E-03      241.845E-09  
                4.97235E-03      231.372E-09  
                4.98502E-03      210.231E-09  
                4.99136E-03      199.597E-09  
                5.00403E-03      178.335E-09  
                5.01036E-03      167.785E-09  
                5.02303E-03      147.095E-09  
                5.0357E-03       127.374E-09  
                5.04203E-03      118.049E-09  
                5.0547E-03       100.809E-09  
                5.06104E-03       93.0099E-09 
                5.07371E-03       79.2563E-09 
                5.08004E-03       73.3358E-09 
                5.09271E-03       63.3719E-09 
                5.10538E-03       55.696E-09  
                5.11171E-03       52.5968E-09 
                5.12438E-03       47.5912E-09 
                5.13071E-03       45.5691E-09 
                5.14338E-03       42.2178E-09 
                5.15605E-03       39.4929E-09 
                5.16239E-03       38.2772E-09 
                5.17506E-03       36.0146E-09 
                5.18139E-03       34.9325E-09 
                5.19406E-03       32.8094E-09 
                5.20039E-03       31.7542E-09 
                5.21306E-03       29.6355E-09 
                5.22573E-03       27.4908E-09 
                5.23207E-03       26.4065E-09 
                5.24473E-03       24.2146E-09 
                5.25107E-03       23.108E-09  
                5.26374E-03       20.881E-09  
                5.27007E-03       19.7657E-09 
                5.28274E-03       17.552E-09  
                5.29541E-03       15.3974E-09 
                5.30174E-03       14.3574E-09 
                5.31441E-03       12.3849E-09 
                5.32075E-03       11.4658E-09 
                5.33342E-03        9.79084E-09
                5.34608E-03        8.36139E-09
                5.35242E-03        7.74437E-09
                5.36509E-03        6.70283E-09
                5.37142E-03        6.27214E-09
                5.38409E-03        5.56671E-09
                5.39042E-03        5.28067E-09
                5.40309E-03        4.81389E-09
                5.41576E-03        4.45195E-09
                5.4221E-03         4.29798E-09
                5.43477E-03        4.02485E-09
                5.4411E-03         3.90022E-09
                5.45377E-03        3.66535E-09
                5.4601E-03         3.55237E-09
                5.47277E-03        3.32964E-09
                5.48544E-03        3.10621E-09
                5.49178E-03        2.99358E-09
                5.50444E-03        2.76636E-09
                5.51078E-03        2.65181E-09
                5.52345E-03        2.42128E-09
                5.53612E-03        2.1889E-09 
                5.54245E-03        2.07213E-09
                5.55512E-03        1.8398E-09 
                5.56145E-03        1.72573E-09
                5.57412E-03        1.50596E-09
                5.58046E-03        1.40182E-09
                5.59313E-03        1.20809E-09
                5.60579E-03        1.03621E-09
                5.61213E-03      959.013E-12  
                5.6248E-03       823.179E-12  
                5.63113E-03      764.87E-12   
                5.6438E-03       666.979E-12  
                5.65013E-03      626.567E-12  
                5.6628E-03       559.812E-12  
                5.67547E-03      508.476E-12  
                5.68181E-03      487.516E-12  
                5.69448E-03      452.802E-12  
                5.70081E-03      438.174E-12  
                5.71348E-03      412.217E-12  
                5.72615E-03      388.5E-12    
                5.73248E-03      377.017E-12  
                5.74515E-03      354.077E-12  
                5.75148E-03      342.404E-12  
                5.76415E-03      318.842E-12  
                5.77049E-03      307.156E-12  
                5.78316E-03      284.082E-12  
                5.79583E-03      261.033E-12  
                5.80216E-03      249.29E-12   
                5.81483E-03      225.011E-12  
                5.82116E-03      212.533E-12  
                5.83383E-03      187.552E-12  
                5.84017E-03      175.381E-12  
                5.85284E-03      152.162E-12  
                5.8655E-03       130.614E-12  
                5.87184E-03      120.646E-12  
                5.88451E-03      102.939E-12  
                5.89084E-03       95.2599E-12 
                5.90351E-03       81.573E-12  
                5.91618E-03       69.3695E-12 
                5.92251E-03       64.078E-12  
                5.93518E-03       56.1387E-12 
                5.94152E-03       53.5559E-12 
                5.95419E-03       50.2508E-12 
                5.96052E-03       48.9848E-12 
                5.97319E-03       46.292E-12  
                5.98586E-03       43.5104E-12 
                5.99219E-03       42.3512E-12 
                6.00486E-03       40.4734E-12 
                6.0112E-03        39.5221E-12 
                6.02386E-03       37.1737E-12 
                6.0302E-03        35.7699E-12 
                6.04287E-03       32.5132E-12 
                6.05554E-03       28.5359E-12 
                6.06187E-03       26.378E-12  
                6.07454E-03       22.3133E-12 
                6.08087E-03       20.5552E-12 
                6.09354E-03       17.435E-12  
                6.10621E-03       14.3225E-12 
                6.11255E-03       12.6841E-12 
                6.12521E-03        9.63583E-12
                6.13155E-03        8.53051E-12
                6.14422E-03        7.63802E-12
                6.15055E-03        7.76785E-12
                6.16322E-03        8.52783E-12
                6.17589E-03        9.25461E-12
                6.18222E-03        9.52487E-12
                6.19489E-03        9.98365E-12
                6.20123E-03       10.2155E-12 
                6.2139E-03        10.6786E-12 
                6.22023E-03       10.8429E-12 
                6.2329E-03        10.7452E-12 
                6.24557E-03        9.86866E-12
                6.2519E-03         9.21487E-12
                6.26457E-03        7.85341E-12
                6.27091E-03        7.26228E-12
                6.28357E-03        6.29579E-12
                6.29624E-03        5.44424E-12
                6.30258E-03        5.0842E-12 
                6.31525E-03        5.2734E-12 
                6.32158E-03        6.74602E-12
                6.33425E-03       18.5987E-12 
                6.34058E-03       34.6725E-12 
                6.35325E-03      119.248E-12  
                6.36592E-03      375.666E-12  
                6.37226E-03      643.207E-12  
                6.38492E-03        1.76245E-09
                6.39126E-03        2.82527E-09
                6.40393E-03        6.83212E-09
                6.41026E-03       10.3191E-09 
                6.42293E-03       22.2735E-09 
                6.4356E-03        44.8264E-09 
                6.44193E-03       62.0302E-09 
                6.4546E-03       113.314E-09  
                6.46094E-03      149.743E-09  
                6.47361E-03      250.62E-09   
                6.48627E-03      397.68E-09   
                6.49261E-03      491.648E-09  
                6.50528E-03      725.591E-09  
                6.51161E-03      867.035E-09  
                6.52428E-03        1.20071E-06
                6.53061E-03        1.39289E-06
                6.54328E-03        1.82582E-06
                6.55595E-03        2.31802E-06
                6.56229E-03        2.58365E-06
                6.57496E-03        3.14752E-06
                6.58129E-03        3.44307E-06
                6.59396E-03        4.05475E-06
                6.60029E-03        4.36837E-06
                6.61296E-03        5.00552E-06
                6.62563E-03        5.64948E-06
                6.63197E-03        5.97195E-06
                6.64463E-03        6.61445E-06
                6.65097E-03        6.93324E-06
                6.66364E-03        7.563E-06  
                6.67631E-03        8.17808E-06
                6.68264E-03        8.47823E-06
                6.69531E-03        9.05891E-06
                6.70164E-03        9.33699E-06
                6.71431E-03        9.86103E-06
                6.72065E-03       10.1033E-06 
                6.73332E-03       10.5379E-06 
                6.74598E-03       10.8903E-06 
                6.75232E-03       11.0298E-06 
                6.76499E-03       11.2238E-06 
                6.77132E-03       11.2745E-06 
                6.78399E-03       11.2758E-06 
                6.79033E-03       11.2247E-06 
                6.80299E-03       11.0178E-06 
                6.81566E-03       10.6751E-06 
                6.822E-03         10.4557E-06 
                6.83467E-03        9.92963E-06
                6.841E-03          9.627E-06  
                6.85367E-03        8.95375E-06
                6.86E-03           8.58764E-06
                6.87267E-03        7.80728E-06
                6.88534E-03        6.97589E-06
                6.89168E-03        6.54546E-06
                6.90434E-03        5.6629E-06 
                6.91068E-03        5.21363E-06
                6.92335E-03        4.30623E-06
                6.93602E-03        3.39793E-06
                6.94235E-03        2.94851E-06
                6.95502E-03        2.07311E-06
                6.96135E-03        1.65457E-06
                6.97402E-03      880.27E-09   
                6.98036E-03      536.952E-09  
                6.99303E-03      -24.0668E-09 
                7.00569E-03     -357.479E-09  
                7.01203E-03     -414.101E-09  
                7.0247E-03      -255.927E-09  
                7.03103E-03      -21.4476E-09 
                7.0437E-03       801.501E-09  
                7.05003E-03        1.40353E-06
                7.0627E-03         3.01019E-06
                7.07537E-03        5.16031E-06
                7.08171E-03        6.43436E-06
                7.09438E-03        9.35513E-06
                7.10071E-03       10.9873E-06 
                7.11338E-03       14.5506E-06 
                7.12605E-03       18.4465E-06 
                7.13238E-03       20.4938E-06 
                7.14505E-03       24.7384E-06 
                7.15139E-03       26.9177E-06 
                7.16405E-03       31.3507E-06 
                7.17039E-03       33.5908E-06 
                7.18306E-03       38.0899E-06 
                7.19573E-03       42.5846E-06 
                7.20206E-03       44.8218E-06 
                7.21473E-03       49.2634E-06 
                7.22106E-03       51.4643E-06 
                7.23373E-03       55.8208E-06 
                7.24007E-03       57.9752E-06 
                7.25274E-03       62.2362E-06 
                7.2654E-03        66.4363E-06 
                7.27174E-03       68.5155E-06 
                7.28441E-03       72.6378E-06 
                7.29074E-03       74.6833E-06 
                7.30341E-03       78.7493E-06 
                7.31608E-03       82.7882E-06 
                7.32241E-03       84.7991E-06 
                7.33508E-03       88.804E-06  
                7.34142E-03       90.7972E-06 
                7.35409E-03       94.7598E-06 
                7.36042E-03       96.726E-06  
                7.37309E-03      100.619E-06  
                7.38576E-03      104.442E-06  
                7.39209E-03      106.322E-06  
                7.40476E-03      110.004E-06  
                7.4111E-03       111.802E-06  
                7.42376E-03      115.302E-06  
                7.4301E-03       117.001E-06  
                7.44277E-03      120.289E-06  
                7.45544E-03      123.427E-06  
                7.46177E-03      124.94E-06   
                7.47444E-03      127.85E-06   
                7.48077E-03      129.25E-06   
                7.49344E-03      131.939E-06  
                7.50611E-03      134.485E-06  
                7.51245E-03      135.705E-06  
                7.52511E-03      138.04E-06   
                7.53145E-03      139.153E-06  
                7.54412E-03      141.27E-06   
                7.55045E-03      142.272E-06  
                7.56312E-03      144.157E-06  
                7.57579E-03      145.876E-06  
                7.58212E-03      146.669E-06  
                7.59479E-03      148.119E-06  
                7.60113E-03      148.772E-06  
                7.6138E-03       149.93E-06   
                7.62013E-03      150.432E-06  
                7.6328E-03       151.279E-06  
                7.64547E-03      151.909E-06  
                7.6518E-03       152.141E-06  
                7.66447E-03      152.433E-06  
                7.67081E-03      152.491E-06  
                7.68347E-03      152.43E-06   
                7.69614E-03      152.122E-06  
                7.70248E-03      151.872E-06  
                7.71515E-03      151.175E-06  
                7.72148E-03      150.723E-06  
                7.73415E-03      149.604E-06  
                7.74048E-03      148.932E-06  
                7.75315E-03      147.354E-06  
                7.76582E-03      145.449E-06  
                7.77216E-03      144.371E-06  
                7.78482E-03      141.956E-06  
                7.79116E-03      140.619E-06  
                7.80383E-03      137.689E-06  
                7.81016E-03      136.097E-06  
                7.82283E-03      132.67E-06   
                7.8355E-03       128.932E-06  
                7.84183E-03      126.954E-06  
                7.8545E-03       122.793E-06  
                7.86083E-03      120.616E-06  
                7.8735E-03       116.085E-06  
                7.88617E-03      111.335E-06  
                7.8925E-03       108.884E-06  
                7.90517E-03      103.841E-06  
                7.91151E-03      101.254E-06  
                7.92417E-03       95.9601E-06 
                7.93051E-03       93.258E-06  
                7.94317E-03       87.7577E-06 
                7.95584E-03       82.1533E-06 
                7.96218E-03       79.3235E-06 
                7.97484E-03       73.6382E-06 
                7.98118E-03       70.7972E-06 
                7.99385E-03       65.1621E-06 
                8.00018E-03       62.3878E-06 
                8.01285E-03       56.9798E-06 
                8.02552E-03       51.8345E-06 
                8.03185E-03       49.3875E-06 
                8.04452E-03       44.7927E-06 
                8.05085E-03       42.6602E-06 
                8.06352E-03       38.7509E-06 
                8.07619E-03       35.3279E-06 
                8.08252E-03       33.7963E-06 
                8.09519E-03       31.072E-06  
                8.10152E-03       29.8668E-06 
                8.11419E-03       27.7308E-06 
                8.12052E-03       26.7825E-06 
                8.13319E-03       25.0804E-06 
                8.14586E-03       23.5799E-06 
                8.15219E-03       22.8856E-06 
                8.16486E-03       21.5752E-06 
                8.1712E-03        20.948E-06  
                8.18386E-03       19.7274E-06 
                8.1902E-03        19.1272E-06 
                8.20287E-03       17.9353E-06 
                8.21553E-03       16.7451E-06 
                8.22187E-03       16.1488E-06 
                8.23454E-03       14.9541E-06 
                8.24087E-03       14.3569E-06 
                8.25354E-03       13.1679E-06 
                8.2662E-03        11.9965E-06 
                8.27254E-03       11.4222E-06 
                8.28521E-03       10.307E-06  
                8.29154E-03        9.77079E-06
                8.30421E-03        8.75188E-06
                8.31054E-03        8.27325E-06
                8.32321E-03        7.38593E-06
                8.33588E-03        6.5991E-06 
                8.34221E-03        6.24468E-06
                8.35488E-03        5.61308E-06
                8.36121E-03        5.33447E-06
                8.37388E-03        4.84587E-06
                8.38022E-03        4.6328E-06 
                8.39288E-03        4.26037E-06
                8.40555E-03        3.94723E-06
                8.41189E-03        3.80836E-06
                8.42455E-03        3.55763E-06
                8.43089E-03        3.4428E-06 
                8.44355E-03        3.22794E-06
                8.45622E-03        3.02626E-06
                8.46256E-03        2.92844E-06
                8.47522E-03        2.73614E-06
                8.48156E-03        2.64095E-06
                8.49423E-03        2.45139E-06
                8.50056E-03        2.35686E-06
                8.51323E-03        2.16839E-06
                8.5259E-03         1.98159E-06
                8.53223E-03        1.88933E-06
                8.5449E-03         1.70845E-06
                8.55123E-03        1.62048E-06
                8.5639E-03         1.45117E-06
                8.57023E-03        1.3705E-06 
                8.5829E-03         1.21871E-06
                8.59557E-03        1.08134E-06
                8.6019E-03         1.01852E-06
                8.61457E-03      905.068E-09  
                8.6209E-03       854.435E-09  
                8.63357E-03      764.933E-09  
                8.64624E-03      689.996E-09  
                8.65257E-03      657.424E-09  
                8.66524E-03      600.74E-09   
                8.67158E-03      576.066E-09  
                8.68424E-03      532.649E-09  
                8.69058E-03      513.371E-09  
                8.70325E-03      478.482E-09  
                8.71591E-03      447.133E-09  
                8.72225E-03      432.37E-09   
                8.73492E-03      404.033E-09  
                8.74125E-03      390.264E-09  
                8.75392E-03      363.183E-09  
                8.76025E-03      349.788E-09  
                8.77292E-03      323.172E-09  
                8.78559E-03      296.759E-09  
                8.79192E-03      283.656E-09  
                8.80459E-03      257.787E-09  
                8.81092E-03      245.094E-09  
                8.82359E-03      220.394E-09  
                8.83626E-03      196.911E-09  
                8.84259E-03      185.737E-09  
                8.85526E-03      164.726E-09  
                8.86159E-03      154.959E-09  
                8.87426E-03      137.038E-09  
                8.8806E-03       128.914E-09  
                8.89326E-03      114.359E-09  
                8.90593E-03      101.993E-09  
                8.91227E-03       96.5795E-09 
                8.92493E-03       87.145E-09  
                8.93127E-03       83.0526E-09 
                8.94394E-03       75.9257E-09 
                8.95027E-03       72.8164E-09 
                8.96294E-03       67.3247E-09 
                8.97561E-03       62.5762E-09 
                8.98194E-03       60.405E-09  
                8.99461E-03       56.3451E-09 
                9.00094E-03       54.4187E-09 
                9.01361E-03       50.704E-09  
                9.02628E-03       47.1109E-09 
                9.03261E-03       45.3435E-09 
                9.04528E-03       41.8434E-09 
                9.05161E-03       40.105E-09  
                9.06428E-03       36.6554E-09 
                9.07061E-03       34.9518E-09 
                9.08328E-03       31.61E-09   
                9.09595E-03       28.3866E-09 
                9.10228E-03       26.8339E-09 
                9.11495E-03       23.8771E-09 
                9.12128E-03       22.4833E-09 
                9.13395E-03       19.8851E-09 
                9.14029E-03       18.6874E-09 
                9.15295E-03       16.5068E-09 
                9.16562E-03       14.6165E-09 
                9.17196E-03       13.7774E-09 
                9.18462E-03       12.3004E-09 
                9.19096E-03       11.6566E-09 
                9.20363E-03       10.5382E-09 
                9.21629E-03        9.61327E-09
                9.22263E-03        9.20991E-09
                9.2353E-03         8.49637E-09
                9.24163E-03        8.17816E-09
                9.2543E-03         7.60085E-09
                9.26063E-03        7.33509E-09
                9.2733E-03         6.83582E-09
                9.28597E-03        6.36404E-09
                9.2923E-03         6.13374E-09
                9.30497E-03        5.67934E-09
                9.3113E-03         5.45458E-09
                9.32397E-03        5.01031E-09
                9.3303E-03         4.79112E-09
                9.34297E-03        4.35954E-09
                9.35564E-03        3.94008E-09
                9.36197E-03        3.73621E-09
                9.37464E-03        3.3429E-09 
                9.38098E-03        3.15465E-09
                9.39364E-03        2.79746E-09
                9.40631E-03        2.46865E-09
                9.41265E-03        2.31643E-09
                9.42531E-03        2.04099E-09
                9.43165E-03        1.91901E-09
                9.44431E-03        1.70514E-09
                9.45065E-03        1.61124E-09
                9.46332E-03        1.44503E-09
                9.47598E-03        1.30533E-09
                9.48232E-03        1.24484E-09
                9.49499E-03        1.13891E-09
                9.50132E-03        1.09144E-09
                9.51399E-03        1.00429E-09
                9.52032E-03      964.354E-12  
                9.53299E-03      891.238E-12  
                9.54566E-03      823.722E-12  
                9.55199E-03      789.963E-12  
                9.56466E-03      716.242E-12  
                9.57099E-03      672.472E-12  
                9.58366E-03      554.823E-12  
                9.59633E-03      356.748E-12  
                9.60266E-03      202.821E-12  
                9.61533E-03     -298.21E-12   
                9.62167E-03     -695.563E-12  
                9.63433E-03       -1.97071E-09
                9.64067E-03       -2.95559E-09
                9.65333E-03       -5.9926E-09 
                9.666E-03        -11.1505E-09 
                9.67234E-03      -14.8614E-09 
                9.685E-03        -25.4086E-09 
                9.69134E-03      -32.6559E-09 
                9.70401E-03      -52.2791E-09 
                9.71034E-03      -65.1788E-09 
                9.72301E-03      -98.5447E-09 
                9.73568E-03     -143.879E-09  
                9.74201E-03     -171.71E-09   
                9.75468E-03     -238.886E-09  
                9.76101E-03     -278.622E-09  
                9.77368E-03     -371.074E-09  
                9.78001E-03     -423.935E-09  
                9.79268E-03     -542.933E-09  
                9.80535E-03     -679.08E-09   
                9.81168E-03     -753.211E-09  
                9.82435E-03     -912.509E-09  
                9.83068E-03     -997.155E-09  
                9.84335E-03       -1.17498E-06
                9.85602E-03       -1.36211E-06
                9.86235E-03       -1.45835E-06
                9.87502E-03       -1.65461E-06
                9.88136E-03       -1.75399E-06
                9.89402E-03       -1.95367E-06
                9.90036E-03       -2.05333E-06
                9.91303E-03       -2.25063E-06
                9.92569E-03       -2.44279E-06
                9.93203E-03       -2.53593E-06
                9.94466E-03       -2.71356E-06
                9.95094E-03       -2.79661E-06
                9.96339E-03       -2.94854E-06
                9.97572E-03       -3.07773E-06
                9.98183E-03       -3.13231E-06
                9.99397E-03       -3.21847E-06
               10.E-03            -3.2489E-06 




