
                             _V:V1 PI: PILE_IN
                  X           TACT_1D-1 N: 1_1

                0.                 0.         
               16.3864E-06         4.38456E-06
               24.5385E-06         6.32087E-06
               32.6905E-06         8.69035E-06
               40.8426E-06        10.6728E-06 
               57.1467E-06        15.0048E-06 
               65.2987E-06        17.166E-06  
               73.4507E-06        19.2773E-06 
               81.6028E-06        21.3769E-06 
               97.9069E-06        25.6077E-06 
              106.059E-06         27.6881E-06 
              114.211E-06         29.659E-06  
              122.363E-06         31.6933E-06 
              130.515E-06         33.6851E-06 
              146.819E-06         37.7084E-06 
              154.971E-06         39.6222E-06 
              163.123E-06         41.484E-06  
              171.275E-06         43.3318E-06 
              187.579E-06         47.044E-06  
              195.731E-06         48.9024E-06 
              203.883E-06         50.6653E-06 
              212.035E-06         52.3112E-06 
              220.187E-06         53.9602E-06 
              236.492E-06         57.2547E-06 
              244.644E-06         58.9028E-06 
              252.796E-06         60.4749E-06 
              260.948E-06         61.8927E-06 
              277.252E-06         64.7184E-06 
              285.404E-06         66.1212E-06 
              293.556E-06         67.5418E-06 
              301.708E-06         68.8937E-06 
              318.012E-06         71.1627E-06 
              326.164E-06         72.3154E-06 
              334.316E-06         73.4353E-06 
              342.468E-06         74.583E-06  
              350.62E-06          75.688E-06  
              366.924E-06         77.3474E-06 
              375.076E-06         78.2042E-06 
              383.228E-06         79.0121E-06 
              391.38E-06          79.8611E-06 
              407.684E-06         81.2404E-06 
              415.836E-06         81.7219E-06 
              423.989E-06         82.2625E-06 
              432.141E-06         82.7509E-06 
              440.293E-06         83.2815E-06 
              456.597E-06         84.042E-06  
              464.749E-06         84.1842E-06 
              472.901E-06         84.371E-06  
              481.053E-06         84.5208E-06 
              497.357E-06         84.8576E-06 
              505.509E-06         84.8198E-06 
              513.661E-06         84.6403E-06 
              521.813E-06         84.4845E-06 
              538.117E-06         84.1494E-06 
              546.269E-06         83.9812E-06 
              554.421E-06         83.6419E-06 
              562.573E-06         83.1252E-06 
              570.725E-06         82.6147E-06 
              587.029E-06         81.5886E-06 
              595.181E-06         81.0791E-06 
              603.333E-06         80.4435E-06 
              611.485E-06         79.6178E-06 
              627.79E-06          77.9575E-06 
              635.942E-06         77.1184E-06 
              644.094E-06         76.2951E-06 
              652.246E-06         75.381E-06  
              660.398E-06         74.259E-06  
              676.702E-06         71.9884E-06 
              684.854E-06         70.8393E-06 
              693.006E-06         69.7153E-06 
              701.158E-06         68.5352E-06 
              717.462E-06         65.7094E-06 
              725.614E-06         64.3177E-06 
              733.766E-06         62.8875E-06 
              741.918E-06         61.4896E-06 
              750.07E-06          60.0653E-06 
              766.374E-06         56.7694E-06 
              774.526E-06         55.1449E-06 
              782.678E-06         53.4776E-06 
              790.83E-06          51.8454E-06 
              807.135E-06         48.3779E-06 
              815.286E-06         46.505E-06  
              823.439E-06         44.6649E-06 
              831.591E-06         42.7976E-06 
              847.895E-06         39.0903E-06 
              856.047E-06         37.1333E-06 
              864.199E-06         35.1177E-06 
              872.351E-06         33.1165E-06 
              880.503E-06         31.1043E-06 
              896.807E-06         27.0905E-06 
              904.959E-06         25.0212E-06 
              913.111E-06         22.9002E-06 
              921.263E-06         20.7836E-06 
              937.567E-06         16.5463E-06 
              945.719E-06         14.4282E-06 
              953.871E-06         12.2911E-06 
              962.023E-06         10.1317E-06 
              970.175E-06          7.97106E-06
              986.479E-06          3.65131E-06
              994.632E-06          1.49222E-06
                1.00278E-03       12.4678E-09 
                1.01094E-03      -26.4746E-09 
                1.02724E-03      -38.059E-09  
                1.03539E-03       36.5248E-09 
                1.04354E-03      -31.5102E-09 
                1.0517E-03        24.3846E-09 
                1.068E-03          8.90736E-09
                1.07615E-03       -2.45128E-09
                1.0843E-03        -2.38511E-09
                1.09246E-03        5.39424E-09
                1.10061E-03       -6.74851E-09
                1.11691E-03       -5.662E-09  
                1.12507E-03        4.04353E-09
                1.13322E-03       -2.26741E-09
                1.14137E-03      624.905E-12  
                1.15767E-03       -1.52741E-09
                1.16583E-03        1.94141E-09
                1.17398E-03       -1.93112E-09
                1.18213E-03        1.63803E-09
                1.19028E-03       -1.16326E-09
                1.20659E-03     -136.578E-12  
                1.21474E-03     -242.697E-12  
                1.22289E-03      508.709E-12  
                1.23104E-03     -614.824E-12  
                1.24735E-03     -503.22E-12   
                1.2555E-03       367.562E-12  
                1.26365E-03     -172.896E-12  
                1.2718E-03        42.5878E-12 
                1.28811E-03     -165.209E-12  
                1.29626E-03      214.382E-12  
                1.30441E-03     -190.256E-12  
                1.31256E-03      172.787E-12  
                1.32072E-03     -113.437E-12  
                1.33702E-03      -10.4997E-12 
                1.34517E-03      -32.6356E-12 
                1.35332E-03       75.5483E-12 
                1.36148E-03      -58.4738E-12 
                1.37778E-03      -50.7603E-12 
                1.38593E-03       36.0727E-12 
                1.39408E-03      -18.4247E-12 
                1.40224E-03       -3.86016E-12
                1.41039E-03        9.07045E-12
                1.42669E-03       13.0258E-12 
                1.43484E-03      -31.1339E-12 
                1.443E-03         14.7285E-12 
                1.45115E-03      -14.2812E-12 
                1.46745E-03       -4.39816E-12
                1.47561E-03      -13.0703E-12 
                1.48376E-03      105.454E-15  
                1.49191E-03      -15.8523E-12 
                1.50006E-03      851.26E-15   
                1.51637E-03       -5.86586E-12
                1.52452E-03      -11.1435E-12 
                1.53267E-03       -7.61385E-12
                1.54082E-03       -1.61061E-12
                1.55713E-03       -1.06599E-12
                1.56528E-03       -6.46466E-12
                1.57343E-03      489.914E-15  
                1.58158E-03     -500.637E-15  
                1.59789E-03        2.70735E-12
                1.60604E-03        1.84165E-12
                1.61419E-03        5.42082E-12
                1.62234E-03        5.2144E-12 
                1.6305E-03         6.72614E-12
                1.6468E-03       883.329E-15  
                1.65495E-03      974.414E-15  
                1.6631E-03         3.83445E-12
                1.67126E-03        6.64327E-12
                1.68756E-03        5.35014E-12
                1.69571E-03        3.48447E-12
                1.70386E-03        4.00738E-12
                1.71202E-03        3.35561E-12
                1.72017E-03        1.12789E-12
                1.73647E-03       -6.99982E-12
                1.74462E-03       -7.58745E-12
                1.75278E-03       -5.82138E-12
                1.76093E-03       -2.66418E-12
                1.77723E-03      236.578E-15  
                1.78539E-03      602.395E-15  
                1.79354E-03      458.252E-15  
                1.80169E-03     -367.436E-15  
                1.81799E-03       -4.22524E-12
                1.82615E-03       -5.98765E-12
                1.8343E-03        -7.09186E-12
                1.84245E-03       -8.10563E-12
                1.8506E-03        -8.88032E-12
                1.86691E-03       -9.69765E-12
                1.87506E-03       -9.75026E-12
                1.88321E-03       -8.49931E-12
                1.89136E-03       -5.05796E-12
                1.90767E-03        2.34671E-12
                1.91582E-03        2.96413E-12
                1.92397E-03        1.72192E-12
                1.93212E-03      117.608E-15  
                1.94028E-03     -612.512E-15  
                1.95658E-03      362.143E-15  
                1.96473E-03      412.918E-15  
                1.97288E-03        7.55464E-15
                1.98104E-03     -775.221E-15  
                1.99734E-03       -4.21091E-12
                2.00549E-03       -5.37967E-12
                2.01364E-03       -4.87162E-12
                2.0218E-03        -2.72674E-12
                2.0381E-03         3.59471E-12
                2.04625E-03        5.5489E-12 
                2.0544E-03         5.49856E-12
                2.06256E-03        3.30264E-12
                2.07071E-03     -345.984E-15  
                2.08701E-03       -4.99056E-12
                2.09517E-03       -3.56288E-12
                2.10332E-03     -192.163E-15  
                2.11147E-03        3.64812E-12
                2.12777E-03        7.17482E-12
                2.13593E-03        5.96901E-12
                2.14408E-03        3.42686E-12
                2.15223E-03      159.851E-15  
                2.16038E-03       -3.35824E-12
                2.17669E-03       -9.285E-12  
                2.18484E-03      -10.9483E-12 
                2.19299E-03      -11.6531E-12 
                2.20114E-03      -11.6603E-12 
                2.21745E-03      -10.4736E-12 
                2.2256E-03        -9.46213E-12
                2.23375E-03       -8.14071E-12
                2.2419E-03        -6.67678E-12
                2.25005E-03       -5.66122E-12
                2.26636E-03       -7.4796E-12 
                2.27451E-03       -9.88535E-12
                2.28266E-03      -11.721E-12  
                2.29082E-03      -11.7963E-12 
                2.30712E-03       -5.44674E-12
                2.31527E-03     -214.868E-15  
                2.32342E-03        4.75789E-12
                2.33158E-03        8.23051E-12
                2.34788E-03        9.10299E-12
                2.35603E-03        7.53217E-12
                2.36418E-03        5.64275E-12
                2.37234E-03        3.76379E-12
                2.38049E-03        1.93582E-12
                2.39679E-03     -321.716E-15  
                2.40494E-03      271.208E-15  
                2.4131E-03         1.94814E-12
                2.42125E-03        3.89513E-12
                2.43755E-03        5.61353E-12
                2.44571E-03        4.9831E-12 
                2.45386E-03        3.72664E-12
                2.46201E-03        2.29596E-12
                2.47016E-03        1.06056E-12
                2.48647E-03     -191.543E-15  
                2.49462E-03     -291.32E-15   
                2.50277E-03     -222.328E-15  
                2.51092E-03     -107.183E-15  
                2.52723E-03      399.098E-15  
                2.53538E-03        1.35875E-12
                2.54353E-03        3.01445E-12
                2.55168E-03        4.83718E-12
                2.56799E-03        5.32512E-12
                2.57614E-03        3.29464E-12
                2.58429E-03      547.915E-15  
                2.59244E-03       -1.96531E-12
                2.6006E-03        -3.7091E-12 
                2.6169E-03        -5.1674E-12 
                2.62505E-03       -5.27746E-12
                2.6332E-03        -4.99242E-12
                2.64136E-03       -4.25496E-12
                2.65766E-03       -1.58419E-12
                2.66581E-03      258.085E-15  
                2.67396E-03        2.48338E-12
                2.68212E-03        5.09957E-12
                2.69027E-03        7.95351E-12
                2.70657E-03       13.0019E-12 
                2.71472E-03       14.4452E-12 
                2.72288E-03       14.8696E-12 
                2.73103E-03       14.3426E-12 
                2.74733E-03       11.862E-12  
                2.75549E-03       10.8009E-12 
                2.76364E-03       10.1814E-12 
                2.77179E-03        9.85395E-12
                2.78809E-03        8.66666E-12
                2.79625E-03        7.53684E-12
                2.8044E-03         6.47935E-12
                2.81255E-03        6.02113E-12
                2.8207E-03         6.4032E-12 
                2.83701E-03        8.45706E-12
                2.84516E-03        9.05397E-12
                2.85331E-03        8.82091E-12
                2.86146E-03        7.53614E-12
                2.87777E-03        1.69685E-12
                2.88592E-03       -2.21885E-12
                2.89407E-03       -5.94806E-12
                2.90222E-03       -8.87546E-12
                2.91037E-03      -10.6819E-12 
                2.92668E-03      -11.0637E-12 
                2.93483E-03       -9.98956E-12
                2.94298E-03       -8.37228E-12
                2.95114E-03       -6.56325E-12
                2.96744E-03       -4.04809E-12
                2.97559E-03       -3.8086E-12 
                2.98374E-03       -4.10399E-12
                2.9919E-03        -4.56762E-12
                3.00005E-03       -4.8256E-12 
                3.01635E-03       -4.26458E-12
                3.0245E-03        -3.84516E-12
                3.03266E-03       -3.72237E-12
                3.04081E-03       -4.03248E-12
                3.05711E-03       -5.9532E-12 
                3.06526E-03       -7.53151E-12
                3.07342E-03       -9.44113E-12
                3.08157E-03      -11.4626E-12 
                3.09787E-03      -14.4762E-12 
                3.10603E-03      -14.9795E-12 
                3.11418E-03      -14.8504E-12 
                3.12233E-03      -14.3265E-12 
                3.13048E-03      -13.6091E-12 
                3.14679E-03      -11.6047E-12 
                3.15494E-03      -10.1024E-12 
                3.16309E-03       -8.22169E-12
                3.17124E-03       -6.07945E-12
                3.18755E-03       -1.77596E-12
                3.1957E-03       -34.421E-15  
                3.20385E-03        1.13722E-12
                3.212E-03          1.54222E-12
                3.22015E-03        1.09525E-12
                3.23646E-03       -1.74335E-12
                3.24461E-03       -3.37618E-12
                3.25276E-03       -4.52178E-12
                3.26092E-03       -4.83899E-12
                3.27722E-03       -3.0175E-12 
                3.28537E-03       -1.48022E-12
                3.29352E-03       51.9251E-15 
                3.30168E-03        1.49522E-12
                3.31798E-03        4.32587E-12
                3.32613E-03        5.48873E-12
                3.33428E-03        5.95249E-12
                3.34244E-03        5.26686E-12
                3.35059E-03        3.27279E-12
                3.36689E-03       -3.09787E-12
                3.37504E-03       -6.02237E-12
                3.3832E-03        -7.90842E-12
                3.39135E-03       -8.51248E-12
                3.40765E-03       -6.57165E-12
                3.41581E-03       -4.76597E-12
                3.42396E-03       -2.84973E-12
                3.43211E-03       -1.01496E-12
                3.44026E-03      635.297E-15  
                3.45657E-03        3.09636E-12
                3.46472E-03        3.78345E-12
                3.47287E-03        4.09898E-12
                3.48102E-03        4.14425E-12
                3.49733E-03        4.16138E-12
                3.50548E-03        4.45977E-12
                3.51363E-03        4.99885E-12
                3.52178E-03        5.65614E-12
                3.53809E-03        6.60618E-12
                3.54624E-03        6.68181E-12
                3.55439E-03        6.53036E-12
                3.56254E-03        6.2955E-12 
                3.57069E-03        6.14539E-12
                3.587E-03          6.42906E-12
                3.59515E-03        6.65302E-12
                3.6033E-03         6.54644E-12
                3.61146E-03        5.79764E-12
                3.62776E-03        2.02171E-12
                3.63591E-03     -637.068E-15  
                3.64406E-03       -3.38012E-12
                3.65222E-03       -5.93405E-12
                3.66037E-03       -8.14714E-12
                3.67667E-03      -11.4506E-12 
                3.68482E-03      -12.5936E-12 
                3.69298E-03      -13.4135E-12 
                3.70113E-03      -13.8852E-12 
                3.71743E-03      -13.6691E-12 
                3.72558E-03      -13.0318E-12 
                3.73374E-03      -12.2008E-12 
                3.74189E-03      -11.3695E-12 
                3.75004E-03      -10.7165E-12 
                3.76635E-03      -10.1439E-12 
                3.7745E-03       -10.0072E-12 
                3.78265E-03       -9.73103E-12
                3.7908E-03        -9.21013E-12
                3.80711E-03       -7.64651E-12
                3.81526E-03       -6.90228E-12
                3.82341E-03       -6.35101E-12
                3.83156E-03       -6.00726E-12
                3.84787E-03       -5.54681E-12
                3.85602E-03       -5.14199E-12
                3.86417E-03       -4.4934E-12 
                3.87232E-03       -3.63052E-12
                3.88047E-03       -2.692E-12  
                3.89678E-03       -1.36709E-12
                3.90493E-03       -1.27364E-12
                3.91308E-03       -1.61614E-12
                3.92124E-03       -2.34829E-12
                3.93754E-03       -4.63642E-12
                3.94569E-03       -5.97099E-12
                3.95384E-03       -7.25041E-12
                3.96199E-03       -8.31945E-12
                3.97015E-03       -9.02726E-12
                3.98645E-03       -8.91507E-12
                3.9946E-03        -8.02702E-12
                4.00275E-03       -6.68307E-12
                4.01091E-03       -5.07079E-12
                4.02721E-03       -2.02253E-12
                4.03536E-03       -1.00443E-12
                4.04351E-03     -435.648E-15  
                4.05166E-03     -252.952E-15  
                4.06797E-03     -591.595E-15  
                4.07612E-03       -1.01726E-12
                4.08427E-03       -1.68561E-12
                4.09242E-03       -2.6718E-12 
                4.10058E-03       -3.96245E-12
                4.11688E-03       -6.73102E-12
                4.12503E-03       -7.62209E-12
                4.13318E-03       -7.81695E-12
                4.14134E-03       -7.1894E-12 
                4.15764E-03       -3.83296E-12
                4.16579E-03       -1.63619E-12
                4.17394E-03      465.428E-15  
                4.18209E-03        2.20242E-12
                4.19025E-03        3.4236E-12 
                4.20655E-03        4.32336E-12
                4.2147E-03         4.19553E-12
                4.22285E-03        3.83678E-12
                4.23101E-03        3.3328E-12 
                4.24731E-03        2.15234E-12
                4.25546E-03        1.6335E-12 
                4.26361E-03        1.28833E-12
                4.27177E-03        1.18462E-12
                4.28807E-03        1.64043E-12
                4.29622E-03        2.01166E-12
                4.30437E-03        2.32218E-12
                4.31252E-03        2.49725E-12
                4.32068E-03        2.51888E-12
                4.33698E-03        2.20083E-12
                4.34513E-03        1.90587E-12
                4.35328E-03        1.51415E-12
                4.36144E-03        1.00356E-12
                4.37774E-03     -411.22E-15   
                4.38589E-03       -1.279E-12  
                4.39404E-03       -2.19155E-12
                4.40219E-03       -3.07559E-12
                4.41035E-03       -3.83708E-12
                4.42665E-03       -4.56032E-12
                4.4348E-03        -4.33813E-12
                4.44295E-03       -3.67805E-12
                4.45111E-03       -2.62907E-12
                4.46741E-03       86.9824E-15 
                4.47556E-03        1.35721E-12
                4.48371E-03        2.28153E-12
                4.49187E-03        2.67871E-12
                4.50002E-03        2.43293E-12
                4.51632E-03     -136.338E-18  
                4.52447E-03       -1.94969E-12
                4.53263E-03       -4.0885E-12 
                4.54078E-03       -6.13072E-12
                4.55708E-03       -8.85904E-12
                4.56523E-03       -9.18952E-12
                4.57338E-03       -8.76888E-12
                4.58154E-03       -7.68422E-12
                4.59784E-03       -4.24743E-12
                4.60599E-03       -2.35359E-12
                4.61414E-03     -657.079E-15  
                4.6223E-03       636.836E-15  
                4.63045E-03        1.37773E-12
                4.64675E-03        1.01646E-12
                4.6549E-03        65.5894E-15 
                4.66305E-03       -1.15963E-12
                4.67121E-03       -2.43205E-12
                4.68751E-03       -4.36716E-12
                4.69566E-03       -4.83857E-12
                4.70381E-03       -4.98573E-12
                4.71197E-03       -4.88102E-12
                4.72012E-03       -4.61052E-12
                4.73642E-03       -3.83842E-12
                4.74457E-03       -3.40315E-12
                4.75273E-03       -2.93834E-12
                4.76088E-03       -2.42662E-12
                4.77718E-03       -1.1899E-12 
                4.78533E-03     -465.317E-15  
                4.79348E-03      287.909E-15  
                4.80164E-03        1.00893E-12
                4.81794E-03        2.08825E-12
                4.82609E-03        2.35127E-12
                4.83424E-03        2.41095E-12
                4.8424E-03         2.2871E-12 
                4.85055E-03        2.01947E-12
                4.86685E-03        1.25996E-12
                4.875E-03        866.584E-15  
                4.88316E-03      506.653E-15  
                4.89131E-03      185.6E-15    
                4.90761E-03     -394.192E-15  
                4.91576E-03     -680.398E-15  
                4.92391E-03     -961.395E-15  
                4.93207E-03       -1.21662E-12
                4.94022E-03       -1.41803E-12
                4.95652E-03       -1.55065E-12
                4.96467E-03       -1.43848E-12
                4.97283E-03       -1.18945E-12
                4.98098E-03     -805.295E-15  
                4.99728E-03      249.131E-15  
                5.00543E-03      792.791E-15  
                5.01359E-03        1.22783E-12
                5.02174E-03        1.45627E-12
                5.03804E-03      962.396E-15  
                5.04619E-03      135.972E-15  
                5.05434E-03       -1.08708E-12
                5.0625E-03        -2.65493E-12
                5.07065E-03       -4.45834E-12
                5.08695E-03       -8.0809E-12 
                5.0951E-03        -9.49883E-12
                5.10326E-03      -10.4226E-12 
                5.11141E-03      -10.7559E-12 
                5.12771E-03       -9.67852E-12
                5.13586E-03       -8.45764E-12
                5.14401E-03       -6.9804E-12 
                5.15217E-03       -5.40933E-12
                5.16032E-03       -3.88835E-12
                5.17662E-03       -1.36871E-12
                5.18477E-03     -425.858E-15  
                5.19293E-03      349.157E-15  
                5.20108E-03        1.02546E-12
                5.21738E-03        2.33881E-12
                5.22553E-03        3.03558E-12
                5.23369E-03        3.73742E-12
                5.24184E-03        4.39059E-12
                5.25814E-03        5.30245E-12
                5.26629E-03        5.47727E-12
                5.27444E-03        5.46279E-12
                5.2826E-03         5.30278E-12
                5.29075E-03        5.06602E-12
                5.30705E-03        4.64115E-12
                5.3152E-03         4.52941E-12
                5.32336E-03        4.46692E-12
                5.33151E-03        4.3924E-12 
                5.34781E-03        3.91307E-12
                5.35596E-03        3.41672E-12
                5.36412E-03        2.76089E-12
                5.37227E-03        2.00929E-12
                5.38042E-03        1.24964E-12
                5.39672E-03       33.2464E-15 
                5.40487E-03     -323.619E-15  
                5.41303E-03     -496.378E-15  
                5.42118E-03     -497.38E-15   
                5.43748E-03      -43.0667E-15 
                5.44563E-03      396.723E-15  
                5.45379E-03      969.661E-15  
                5.46194E-03        1.65423E-12
                5.47009E-03        2.40361E-12
                5.48639E-03        3.77088E-12
                5.49454E-03        4.18451E-12
                5.5027E-03         4.29099E-12
                5.51085E-03        4.03251E-12
                5.52715E-03        2.43581E-12
                5.5353E-03         1.2328E-12 
                5.54346E-03      -80.7804E-15 
                5.55161E-03       -1.35365E-12
                5.56791E-03       -3.15364E-12
                5.57606E-03       -3.41488E-12
                5.58422E-03       -3.14632E-12
                5.59237E-03       -2.35471E-12
                5.60052E-03       -1.12552E-12
                5.61682E-03        1.99137E-12
                5.62498E-03        3.49064E-12
                5.63313E-03        4.72555E-12
                5.64128E-03        5.59404E-12
                5.65758E-03        6.12072E-12
                5.66573E-03        5.82595E-12
                5.67389E-03        5.21845E-12
                5.68204E-03        4.3426E-12 
                5.69019E-03        3.23916E-12
                5.70649E-03      534.416E-15  
                5.71465E-03     -940.717E-15  
                5.7228E-03        -2.38571E-12
                5.73095E-03       -3.70261E-12
                5.74725E-03       -5.58041E-12
                5.7554E-03        -6.00208E-12
                5.76356E-03       -6.0355E-12 
                5.77171E-03       -5.69131E-12
                5.78801E-03       -4.07156E-12
                5.79616E-03       -2.9556E-12 
                5.80432E-03       -1.76269E-12
                5.81247E-03     -588.814E-15  
                5.82062E-03      480.652E-15  
                5.83692E-03        2.06537E-12
                5.84508E-03        2.53067E-12
                5.85323E-03        2.80066E-12
                5.86138E-03        2.93393E-12
                5.87768E-03        3.12586E-12
                5.88583E-03        3.34907E-12
                5.89399E-03        3.7234E-12 
                5.90214E-03        4.24161E-12
                5.91029E-03        4.84446E-12
                5.92659E-03        5.8679E-12 
                5.93475E-03        6.03437E-12
                5.9429E-03         5.82777E-12
                5.95105E-03        5.1923E-12 
                5.96735E-03        2.67004E-12
                5.97551E-03      907.655E-15  
                5.98366E-03       -1.06641E-12
                5.99181E-03       -3.15556E-12
                6.00811E-03       -7.34466E-12
                6.01626E-03       -9.30748E-12
                6.02442E-03      -11.1038E-12 
                6.03257E-03      -12.677E-12  
                6.04072E-03      -13.9688E-12 
                6.05702E-03      -15.4773E-12 
                6.06518E-03      -15.5944E-12 
                6.07333E-03      -15.2447E-12 
                6.08148E-03      -14.4241E-12 
                6.09778E-03      -11.4884E-12 
                6.10594E-03       -9.49642E-12
                6.11409E-03       -7.27118E-12
                6.12224E-03       -4.91589E-12
                6.13039E-03       -2.53855E-12
                6.14669E-03        1.86389E-12
                6.15485E-03        3.70385E-12
                6.163E-03          5.20676E-12
                6.17115E-03        6.32885E-12
                6.18745E-03        7.38997E-12
                6.19561E-03        7.37131E-12
                6.20376E-03        7.04409E-12
                6.21191E-03        6.46032E-12
                6.22006E-03        5.6699E-12 
                6.23636E-03        3.64554E-12
                6.24452E-03        2.49662E-12
                6.25267E-03        1.32019E-12
                6.26082E-03      172.198E-15  
                6.27712E-03       -1.8074E-12 
                6.28528E-03       -2.54214E-12
                6.29343E-03       -3.06815E-12
                6.30158E-03       -3.3804E-12 
                6.31788E-03       -3.43185E-12
                6.32604E-03       -3.24017E-12
                6.33419E-03       -2.96693E-12
                6.34234E-03       -2.66752E-12
                6.35049E-03       -2.39756E-12
                6.3668E-03        -2.12415E-12
                6.37495E-03       -2.16449E-12
                6.3831E-03        -2.31197E-12
                6.39125E-03       -2.52868E-12
                6.40755E-03       -2.94179E-12
                6.41571E-03       -3.01607E-12
                6.42386E-03       -2.93774E-12
                6.43201E-03       -2.68754E-12
                6.44016E-03       -2.27978E-12
                6.45647E-03       -1.22861E-12
                6.46462E-03     -771.509E-15  
                6.47277E-03     -495.432E-15  
                6.48092E-03     -476.629E-15  
                6.49722E-03       -1.28847E-12
                6.50538E-03       -2.03247E-12
                6.51353E-03       -2.88206E-12
                6.52168E-03       -3.73164E-12
                6.53798E-03       -5.08795E-12
                6.54614E-03       -5.49658E-12
                6.55429E-03       -5.71127E-12
                6.56244E-03       -5.75134E-12
                6.57059E-03       -5.6513E-12 
                6.5869E-03        -5.21034E-12
                6.59505E-03       -4.96559E-12
                6.6032E-03        -4.76179E-12
                6.61135E-03       -4.62522E-12
                6.62765E-03       -4.54163E-12
                6.63581E-03       -4.52278E-12
                6.64396E-03       -4.43872E-12
                6.65211E-03       -4.22521E-12
                6.66026E-03       -3.8371E-12 
                6.67657E-03       -2.54363E-12
                6.68472E-03       -1.75109E-12
                6.69287E-03     -993.449E-15  
                6.70102E-03     -383.093E-15  
                6.71733E-03       62.3783E-15 
                6.72548E-03     -157.667E-15  
                6.73363E-03     -624.412E-15  
                6.74178E-03       -1.24896E-12
                6.75808E-03       -2.52041E-12
                6.76624E-03       -2.93879E-12
                6.77439E-03       -3.06487E-12
                6.78254E-03       -2.76175E-12
                6.79069E-03       -1.79139E-12
                6.807E-03          4.78625E-12
                6.81515E-03       13.9528E-12 
                6.8233E-03        32.9758E-12 
                6.83145E-03       72.2214E-12 
                6.84775E-03      309.976E-12  
                6.85591E-03      615.51E-12   
                6.86406E-03        1.18987E-09
                6.87221E-03        2.23974E-09
                6.88036E-03        4.10623E-09
                6.89667E-03       12.7757E-09 
                6.90482E-03       21.7068E-09 
                6.91297E-03       36.0036E-09 
                6.92112E-03       58.3349E-09 
                6.93743E-03      143.144E-09  
                6.94558E-03      217.079E-09  
                6.95373E-03      322.448E-09  
                6.96188E-03      469.446E-09  
                6.97003E-03      670.31E-09   
                6.98634E-03        1.29261E-06
                6.99449E-03        1.74793E-06
                7.00264E-03        2.3241E-06 
                7.01079E-03        3.04046E-06
                7.0271E-03         4.96891E-06
                7.03525E-03        6.21511E-06
                7.0434E-03         7.66806E-06
                7.05155E-03        9.33781E-06
                7.06786E-03       13.348E-06  
                7.07601E-03       15.6881E-06 
                7.08416E-03       18.2439E-06 
                7.09231E-03       21.0053E-06 
                7.10046E-03       23.9582E-06 
                7.11677E-03       30.3709E-06 
                7.12492E-03       33.7924E-06 
                7.13307E-03       37.3304E-06 
                7.14122E-03       40.9647E-06 
                7.15753E-03       48.4444E-06 
                7.16568E-03       52.2541E-06 
                7.17383E-03       56.0889E-06 
                7.18198E-03       59.9349E-06 
                7.19013E-03       63.7797E-06 
                7.20644E-03       71.4238E-06 
                7.21459E-03       75.2058E-06 
                7.22274E-03       78.9516E-06 
                7.23089E-03       82.6551E-06 
                7.2472E-03        89.916E-06  
                7.25535E-03       93.4651E-06 
                7.2635E-03        96.9553E-06 
                7.27165E-03      100.383E-06  
                7.28796E-03      107.043E-06  
                7.29611E-03      110.269E-06  
                7.30426E-03      113.424E-06  
                7.31241E-03      116.504E-06  
                7.32056E-03      119.508E-06  
                7.33687E-03      125.28E-06   
                7.34502E-03      128.044E-06  
                7.35317E-03      130.724E-06  
                7.36132E-03      133.318E-06  
                7.37763E-03      138.244E-06  
                7.38578E-03      140.571E-06  
                7.39393E-03      142.807E-06  
                7.40208E-03      144.949E-06  
                7.41023E-03      146.997E-06  
                7.42654E-03      150.801E-06  
                7.43469E-03      152.556E-06  
                7.44284E-03      154.21E-06   
                7.45099E-03      155.764E-06  
                7.4673E-03       158.564E-06  
                7.47545E-03      159.808E-06  
                7.4836E-03       160.947E-06  
                7.49175E-03      161.981E-06  
                7.50806E-03      163.729E-06  
                7.51621E-03      164.442E-06  
                7.52436E-03      165.046E-06  
                7.53251E-03      165.543E-06  
                7.54066E-03      165.931E-06  
                7.55697E-03      166.379E-06  
                7.56512E-03      166.439E-06  
                7.57327E-03      166.39E-06   
                7.58142E-03      166.232E-06  
                7.59773E-03      165.588E-06  
                7.60588E-03      165.102E-06  
                7.61403E-03      164.509E-06  
                7.62218E-03      163.807E-06  
                7.63033E-03      162.998E-06  
                7.64664E-03      161.059E-06  
                7.65479E-03      159.931E-06  
                7.66294E-03      158.698E-06  
                7.67109E-03      157.361E-06  
                7.6874E-03       154.379E-06  
                7.69555E-03      152.735E-06  
                7.7037E-03       150.992E-06  
                7.71185E-03      149.15E-06   
                7.72E-03         147.21E-06   
                7.73631E-03      143.043E-06  
                7.74446E-03      140.818E-06  
                7.75261E-03      138.501E-06  
                7.76076E-03      136.093E-06  
                7.77707E-03      131.012E-06  
                7.78522E-03      128.342E-06  
                7.79337E-03      125.588E-06  
                7.80152E-03      122.751E-06  
                7.81783E-03      116.839E-06  
                7.82598E-03      113.767E-06  
                7.83413E-03      110.62E-06   
                7.84228E-03      107.4E-06    
                7.85043E-03      104.11E-06   
                7.86674E-03       97.3269E-06 
                7.87489E-03       93.8389E-06 
                7.88304E-03       90.2899E-06 
                7.89119E-03       86.6831E-06 
                7.9075E-03        79.3097E-06 
                7.91565E-03       75.5517E-06 
                7.9238E-03        71.7533E-06 
                7.93195E-03       67.9211E-06 
                7.9401E-03        64.0631E-06 
                7.95641E-03       56.311E-06  
                7.96456E-03       52.442E-06  
                7.97271E-03       48.5979E-06 
                7.98086E-03       44.7964E-06 
                7.99717E-03       37.4E-06    
                8.00532E-03       33.8479E-06 
                8.01347E-03       30.4223E-06 
                8.02162E-03       27.1448E-06 
                8.03793E-03       21.1121E-06 
                8.04608E-03       18.3897E-06 
                8.05423E-03       15.8798E-06 
                8.06238E-03       13.5897E-06 
                8.07053E-03       11.5226E-06 
                8.08684E-03        8.0487E-06 
                8.09499E-03        6.62789E-06
                8.10314E-03        5.40284E-06
                8.11129E-03        4.35914E-06
                8.1276E-03         2.74996E-06
                8.13575E-03        2.14972E-06
                8.1439E-03         1.66259E-06
                8.15205E-03        1.27207E-06
                8.16021E-03      962.808E-09  
                8.17651E-03      533.911E-09  
                8.18466E-03      391.164E-09  
                8.19281E-03      283.496E-09  
                8.20096E-03      203.242E-09  
                8.21727E-03      101.129E-09  
                8.22542E-03       70.188E-09  
                8.23357E-03       48.1989E-09 
                8.24172E-03       32.7517E-09 
                8.25803E-03       14.644E-09  
                8.26618E-03        9.64329E-09
                8.27433E-03        6.2835E-09 
                8.28248E-03        4.05221E-09
                8.29064E-03        2.58752E-09
                8.30694E-03        1.02014E-09
                8.31509E-03      632.538E-12  
                8.32324E-03      389.681E-12  
                8.3314E-03       238.259E-12  
                8.3477E-03        99.7248E-12 
                8.35585E-03       74.9779E-12 
                8.364E-03         58.5467E-12 
                8.37215E-03       43.0618E-12 
                8.38031E-03       29.1839E-12 
                8.39661E-03        7.55E-12   
                8.40476E-03        8.24922E-12
                8.41291E-03       10.7337E-12 
                8.42107E-03        8.4112E-12 
                8.43737E-03       -7.71642E-12
                8.44552E-03       -9.47231E-12
                8.45367E-03       -3.49218E-12
                8.46182E-03        6.54034E-12
                8.47813E-03       12.9089E-12 
                8.48628E-03        8.57206E-12
                8.49443E-03        2.64167E-12
                8.50258E-03       -1.15064E-12
                8.51074E-03       -2.37373E-12
                8.52704E-03       -1.97824E-12
                8.53519E-03     -943.983E-15  
                8.54334E-03     -765.901E-15  
                8.5515E-03        -2.30267E-12
                8.5678E-03        -5.94967E-12
                8.57595E-03       -7.1554E-12 
                8.5841E-03        -8.57007E-12
                8.59225E-03       -9.77523E-12
                8.60041E-03       -9.50208E-12
                8.61671E-03       -3.72153E-12
                8.62486E-03       -3.61618E-12
                8.63301E-03       -6.34232E-12
                8.64117E-03       -8.82932E-12
                8.65747E-03       -9.85433E-12
                8.66562E-03       -9.09448E-12
                8.67377E-03       -7.66081E-12
                8.68192E-03       -6.78308E-12
                8.69008E-03       -7.41107E-12
                8.70638E-03       -9.37613E-12
                8.71453E-03       -9.31424E-12
                8.72268E-03       -8.0574E-12 
                8.73084E-03       -5.00512E-12
                8.74714E-03        4.70256E-12
                8.75529E-03        6.01879E-12
                8.76344E-03        3.3701E-12 
                8.7716E-03      -378.478E-15  
                8.7879E-03       561.099E-15  
                8.79605E-03        4.4311E-12 
                8.8042E-03         6.90015E-12
                8.81236E-03        5.77487E-12
                8.82051E-03        1.04964E-12
                8.83681E-03       -8.78957E-12
                8.84496E-03       -8.81571E-12
                8.85311E-03       -5.95684E-12
                8.86127E-03       -2.09035E-12
                8.87757E-03        4.22716E-12
                8.88572E-03        5.81525E-12
                8.89387E-03        6.38218E-12
                8.90203E-03        6.04625E-12
                8.91018E-03        4.41619E-12
                8.92648E-03      -34.7681E-15 
                8.93463E-03      366.426E-15  
                8.94278E-03        2.68188E-12
                8.95094E-03        5.16359E-12
                8.96724E-03        5.09965E-12
                8.97539E-03        3.31604E-12
                8.98354E-03        1.93697E-12
                8.9917E-03         1.11195E-12
                9.008E-03       -252.165E-15  
                9.01615E-03       -1.19966E-12
                9.0243E-03        -2.30957E-12
                9.03246E-03       -3.15703E-12
                9.04061E-03       -3.56822E-12
                9.05691E-03       -3.97313E-12
                9.06506E-03       -3.63304E-12
                9.07321E-03       -2.063E-12  
                9.08137E-03      878.559E-15  
                9.09767E-03        7.12566E-12
                9.10582E-03        8.05538E-12
                9.11397E-03        7.45916E-12
                9.12213E-03        6.85484E-12
                9.13028E-03        7.80305E-12
                9.14658E-03       14.1923E-12 
                9.15473E-03       17.264E-12  
                9.16288E-03       18.7923E-12 
                9.17104E-03       18.2585E-12 
                9.18734E-03       12.1313E-12 
                9.19549E-03        8.5147E-12 
                9.20364E-03        5.62594E-12
                9.2118E-03         3.20482E-12
                9.2281E-03        -2.41274E-12
                9.23625E-03       -5.51315E-12
                9.2444E-03        -8.35003E-12
                9.25256E-03      -10.7634E-12 
                9.26071E-03      -12.4523E-12 
                9.27701E-03      -10.793E-12  
                9.28516E-03       -6.99026E-12
                9.29331E-03       -2.40275E-12
                9.30147E-03        1.69033E-12
                9.31777E-03        6.82596E-12
                9.32592E-03        8.0366E-12 
                9.33407E-03        8.04897E-12
                9.34223E-03        6.70898E-12
                9.35038E-03        4.52971E-12
                9.36668E-03        1.60081E-12
                9.37483E-03        1.7414E-12 
                9.38299E-03        2.35799E-12
                9.39114E-03        2.7719E-12 
                9.40744E-03        2.38519E-12
                9.41559E-03        2.11084E-12
                9.42375E-03        2.07926E-12
                9.4319E-03         2.30396E-12
                9.44005E-03        2.64746E-12
                9.45635E-03        2.51349E-12
                9.4645E-03         1.56054E-12
                9.47266E-03       42.7975E-15 
                9.48081E-03       -1.71503E-12
                9.49711E-03       -4.10349E-12
                9.50526E-03       -4.20041E-12
                9.51342E-03       -3.6981E-12 
                9.52157E-03       -2.86673E-12
                9.53787E-03     -590.967E-15  
                9.54602E-03      777.124E-15  
                9.55417E-03        1.96731E-12
                9.56233E-03        2.57051E-12
                9.57048E-03        2.2529E-12 
                9.58678E-03       -1.04067E-12
                9.59493E-03       -2.90562E-12
                9.60309E-03       -3.81589E-12
                9.61124E-03       -3.33023E-12
                9.62754E-03      735.87E-15   
                9.63569E-03        3.03774E-12
                9.64385E-03        4.76122E-12
                9.652E-03          5.62617E-12
                9.66015E-03        5.57758E-12
                9.67645E-03        3.30743E-12
                9.6846E-03         1.62198E-12
                9.69276E-03       61.692E-15  
                9.70091E-03     -961.987E-15  
                9.71721E-03     -279.773E-15  
                9.72536E-03        1.42359E-12
                9.73352E-03        3.53813E-12
                9.74167E-03        5.44772E-12
                9.75797E-03        7.28435E-12
                9.76612E-03        7.53493E-12
                9.77427E-03        7.77612E-12
                9.78243E-03        8.10467E-12
                9.79058E-03        8.53813E-12
                9.80688E-03       10.5143E-12 
                9.81503E-03       12.3637E-12 
                9.82319E-03       14.2944E-12 
                9.83134E-03       15.4296E-12 
                9.84764E-03       13.1129E-12 
                9.85579E-03       10.2184E-12 
                9.86395E-03        7.31836E-12
                9.8721E-03         5.18684E-12
                9.88025E-03        4.11879E-12
                9.89655E-03        4.10813E-12
                9.90471E-03        4.19944E-12
                9.91286E-03        3.88069E-12
                9.92101E-03        3.09101E-12
                9.93717E-03      848.508E-15  
                9.94519E-03     -139.472E-15  
                9.95316E-03     -923.705E-15  
                9.96108E-03       -1.60219E-12
                9.97679E-03       -3.11823E-12
                9.98457E-03       -4.0614E-12 
                9.99231E-03       -5.2047E-12 
               10.E-03            -6.6832E-12 




