
                  X               _temp_1     

                0.                 0.         
               12.6684E-06         3.33109E-06
               25.3367E-06         6.64898E-06
               31.6709E-06         8.20931E-06
               44.3393E-06        11.5484E-06 
               50.6734E-06        13.2689E-06 
               63.3418E-06        16.5799E-06 
               76.0102E-06        19.8947E-06 
               82.3443E-06        21.5545E-06 
               95.0127E-06        24.8824E-06 
              101.347E-06         26.5033E-06 
              114.015E-06         29.5023E-06 
              120.349E-06         31.0175E-06 
              133.018E-06         34.0148E-06 
              145.686E-06         37.0118E-06 
              152.02E-06          38.5064E-06 
              164.689E-06         41.5074E-06 
              171.023E-06         43.0073E-06 
              183.691E-06         46.006E-06  
              190.025E-06         47.5074E-06 
              202.694E-06         50.3838E-06 
              215.362E-06         52.7624E-06 
              221.696E-06         53.9551E-06 
              234.365E-06         56.335E-06  
              240.699E-06         57.5214E-06 
              253.367E-06         59.9013E-06 
              266.036E-06         62.2815E-06 
              272.37E-06          63.4729E-06 
              285.038E-06         65.8522E-06 
              291.372E-06         67.0416E-06 
              304.041E-06         69.1684E-06 
              310.375E-06         69.9235E-06 
              323.043E-06         71.4532E-06 
              335.712E-06         72.9831E-06 
              342.046E-06         73.7516E-06 
              354.714E-06         75.2793E-06 
              361.048E-06         76.0426E-06 
              373.717E-06         77.5718E-06 
              380.051E-06         78.3356E-06 
              392.719E-06         79.8643E-06 
              405.388E-06         80.9955E-06 
              411.722E-06         81.2337E-06 
              424.39E-06          81.7612E-06 
              430.725E-06         82.045E-06  
              443.393E-06         82.568E-06  
              456.061E-06         83.0911E-06 
              462.395E-06         83.3481E-06 
              475.064E-06         83.876E-06  
              481.398E-06         84.1394E-06 
              494.066E-06         84.6647E-06 
              500.401E-06         84.8987E-06 
              513.069E-06         84.3705E-06 
              525.737E-06         83.8458E-06 
              532.071E-06         83.61E-06   
              544.74E-06          83.0801E-06 
              551.074E-06         82.801E-06  
              563.742E-06         82.2784E-06 
              570.076E-06         82.0212E-06 
              582.745E-06         81.493E-06  
              595.413E-06         80.9658E-06 
              601.747E-06         80.5761E-06 
              614.415E-06         79.0459E-06 
              620.75E-06          78.2957E-06 
              633.418E-06         76.7662E-06 
              646.086E-06         75.2359E-06 
              652.42E-06          74.4629E-06 
              665.089E-06         72.9359E-06 
              671.423E-06         72.1752E-06 
              684.091E-06         70.6454E-06 
              690.425E-06         69.8807E-06 
              703.094E-06         68.1587E-06 
              715.762E-06         65.7782E-06 
              722.096E-06         64.5887E-06 
              734.764E-06         62.2094E-06 
              741.099E-06         61.018E-06  
              753.767E-06         58.6383E-06 
              760.101E-06         57.4502E-06 
              772.769E-06         55.0703E-06 
              785.438E-06         52.6904E-06 
              791.772E-06         51.4999E-06 
              804.44E-06          48.9179E-06 
              810.774E-06         47.409E-06  
              823.443E-06         44.4104E-06 
              836.111E-06         41.4122E-06 
              842.445E-06         39.9174E-06 
              855.113E-06         36.917E-06  
              861.448E-06         35.4157E-06 
              874.116E-06         32.417E-06  
              880.45E-06          30.9171E-06 
              893.118E-06         27.9176E-06 
              905.787E-06         24.7799E-06 
              912.121E-06         23.1088E-06 
              924.789E-06         19.785E-06  
              931.123E-06         18.1307E-06 
              943.792E-06         14.8054E-06 
              950.126E-06         13.1387E-06 
              962.794E-06          9.81548E-06
              975.462E-06          6.49201E-06
              981.797E-06          4.83017E-06
              994.465E-06          1.50565E-06
                1.0008E-03        39.6483E-09 
                1.01347E-03       45.7032E-09 
                1.02614E-03       41.4045E-09 
                1.03247E-03      -36.8747E-09 
                1.04514E-03      -25.6972E-09 
                1.05147E-03       19.9589E-09 
                1.06414E-03        9.80667E-09
                1.07047E-03       -5.71395E-09
                1.08314E-03      111.811E-12  
                1.09581E-03        3.03993E-09
                1.10215E-03       -3.66594E-09
                1.11481E-03       -3.6051E-09 
                1.12115E-03        3.16468E-09
                1.13382E-03        2.00792E-09
                1.14015E-03       -1.41036E-09
                1.15282E-03     -378.035E-12  
                1.16549E-03      307.416E-12  
                1.17182E-03     -472.575E-12  
                1.18449E-03     -613.093E-12  
                1.19082E-03      600.504E-12  
                1.20349E-03      428.369E-12  
                1.21616E-03      222.367E-12  
                1.22249E-03     -168.081E-12  
                1.23516E-03      -12.0494E-12 
                1.2415E-03       -67.194E-12  
                1.25417E-03     -119.635E-12  
                1.2605E-03       105.178E-12  
                1.27317E-03       97.4785E-12 
                1.28584E-03       66.338E-12  
                1.29217E-03      -39.1128E-12 
                1.30484E-03       -5.88893E-12
                1.31117E-03      468.57E-15   
                1.32384E-03      -21.8192E-12 
                1.33018E-03       14.2538E-12 
                1.34284E-03        3.33031E-12
                1.35551E-03       -3.64166E-12
                1.36185E-03      -28.8674E-12 
                1.37451E-03      -12.5124E-12 
                1.38085E-03       -3.50546E-12
                1.39352E-03       -3.47588E-12
                1.40619E-03       41.4113E-15 
                1.41252E-03        6.62598E-12
                1.42519E-03       -2.03785E-12
                1.43152E-03       -8.78621E-12
                1.44419E-03       -2.84244E-12
                1.45052E-03      969.913E-15  
                1.46319E-03      615.793E-15  
                1.47586E-03       -5.2375E-12 
                1.4822E-03        -7.52879E-12
                1.49486E-03      -11.2056E-12 
                1.5012E-03        -9.64551E-12
                1.51387E-03       -3.55766E-12
                1.5202E-03        -4.27778E-12
                1.53287E-03       -6.49223E-12
                1.54554E-03     -790.98E-15   
                1.55187E-03        2.65742E-12
                1.56454E-03        6.6931E-12 
                1.57087E-03        6.37552E-12
                1.58354E-03        5.98616E-12
                1.59621E-03        4.57398E-12
                1.60254E-03        3.03968E-12
                1.61521E-03        1.41757E-12
                1.62155E-03        1.65806E-12
                1.63421E-03        1.0996E-12 
                1.64055E-03     -863.978E-15  
                1.65322E-03       -5.55452E-12
                1.66589E-03       -3.87194E-12
                1.67222E-03     -932.761E-15  
                1.68489E-03        3.24112E-12
                1.69122E-03        3.15883E-12
                1.70389E-03      422.972E-15  
                1.71022E-03       -1.20716E-12
                1.72289E-03       -2.27175E-12
                1.73556E-03        3.25359E-12
                1.7419E-03         8.28492E-12
                1.75456E-03       18.1823E-12 
                1.7609E-03        20.6879E-12 
                1.77357E-03       17.9697E-12 
                1.78623E-03        8.46495E-12
                1.79257E-03        3.83736E-12
                1.80524E-03        1.63048E-12
                1.81157E-03        4.4566E-12 
                1.82424E-03        9.5034E-12 
                1.83057E-03        8.24061E-12
                1.84324E-03     -160.742E-15  
                1.85591E-03       -4.32725E-12
                1.86224E-03       -2.79324E-12
                1.87491E-03        2.17779E-12
                1.88125E-03        2.92293E-12
                1.89392E-03        2.22242E-12
                1.90025E-03        2.24143E-12
                1.91292E-03        2.71905E-12
                1.92559E-03        4.72633E-12
                1.93192E-03        6.34199E-12
                1.94459E-03        7.76574E-12
                1.95092E-03        6.88612E-12
                1.96359E-03        4.81036E-12
                1.97626E-03        5.58801E-12
                1.98259E-03        6.63823E-12
                1.99526E-03        8.06559E-12
                2.0016E-03         8.02996E-12
                2.01426E-03        6.20864E-12
                2.0206E-03         4.80171E-12
                2.03327E-03        3.29464E-12
                2.04593E-03        6.21262E-12
                2.05227E-03        9.18684E-12
                2.06494E-03       14.127E-12  
                2.07127E-03       14.2657E-12 
                2.08394E-03       10.3013E-12 
                2.09027E-03        8.11397E-12
                2.10294E-03        4.99593E-12
                2.11561E-03      276.843E-15  
                2.12194E-03       -3.09645E-12
                2.13461E-03       -8.54242E-12
                2.14095E-03       -8.70481E-12
                2.15362E-03       -3.48271E-12
                2.16628E-03        2.78418E-12
                2.17262E-03        3.84279E-12
                2.18529E-03     -438.104E-15  
                2.19162E-03       -4.71834E-12
                2.20429E-03      -10.6683E-12 
                2.21062E-03      -10.1752E-12 
                2.22329E-03       -2.68918E-12
                2.23596E-03        6.38397E-12
                2.24229E-03        8.86525E-12
                2.25496E-03        8.76377E-12
                2.2613E-03         7.42815E-12
                2.27396E-03        6.45183E-12
                2.2803E-03         7.42107E-12
                2.29297E-03        8.79686E-12
                2.30564E-03        3.96499E-12
                2.31197E-03     -211.237E-15  
                2.32464E-03       -6.82487E-12
                2.33097E-03       -8.13427E-12
                2.34364E-03       -7.35843E-12
                2.35631E-03       -3.63084E-12
                2.36264E-03       -1.11376E-12
                2.37531E-03        3.81474E-12
                2.38165E-03        5.5991E-12 
                2.39431E-03        6.59404E-12
                2.40065E-03        5.48414E-12
                2.41332E-03       93.3071E-15 
                2.42598E-03       -6.58407E-12
                2.43232E-03       -8.65975E-12
                2.44499E-03       -8.34494E-12
                2.45132E-03       -6.25065E-12
                2.46399E-03     -499.351E-15  
                2.47032E-03        2.27252E-12
                2.48299E-03        6.38646E-12
                2.49566E-03        7.50917E-12
                2.50199E-03        6.66293E-12
                2.51466E-03        3.08392E-12
                2.521E-03          1.15643E-12
                2.53367E-03       -1.89132E-12
                2.54633E-03       -4.25594E-12
                2.55267E-03       -5.14382E-12
                2.56534E-03       -5.7563E-12 
                2.57167E-03       -5.55059E-12
                2.58434E-03       -4.85586E-12
                2.59067E-03       -4.55316E-12
                2.60334E-03       -3.99463E-12
                2.61601E-03       -3.12886E-12
                2.62234E-03       -2.5083E-12 
                2.63501E-03       -1.46914E-12
                2.64135E-03       -1.48406E-12
                2.65401E-03       -3.0619E-12 
                2.66035E-03       -4.32403E-12
                2.67302E-03       -6.30339E-12
                2.68568E-03       -6.04542E-12
                2.69202E-03       -4.91414E-12
                2.70469E-03       -1.19061E-12
                2.71102E-03      849.063E-15  
                2.72369E-03        3.11348E-12
                2.73002E-03        2.58924E-12
                2.74269E-03       -1.43844E-12
                2.75536E-03       -5.9658E-12 
                2.76169E-03       -7.30701E-12
                2.77436E-03       -7.9348E-12 
                2.7807E-03        -7.56606E-12
                2.79337E-03       -6.24324E-12
                2.80603E-03       -4.53719E-12
                2.81237E-03       -3.64469E-12
                2.82504E-03       -2.25575E-12
                2.83137E-03       -1.94876E-12
                2.84404E-03       -2.11466E-12
                2.85037E-03       -2.40532E-12
                2.86304E-03       -2.81527E-12
                2.87571E-03       -2.28129E-12
                2.88204E-03       -1.54109E-12
                2.89471E-03      311.288E-15  
                2.90105E-03      992.857E-15  
                2.91371E-03        1.20139E-12
                2.92005E-03      784.951E-15  
                2.93272E-03     -503.985E-15  
                2.94539E-03       -1.35218E-12
                2.95172E-03       -1.18902E-12
                2.96439E-03      513.311E-15  
                2.97072E-03        1.74898E-12
                2.98339E-03        3.91808E-12
                2.99606E-03        4.78952E-12
                3.00239E-03        4.55945E-12
                3.01506E-03        2.70457E-12
                3.0214E-03         1.2686E-12 
                3.03406E-03       -1.61768E-12
                3.0404E-03        -2.69014E-12
                3.05307E-03       -3.93264E-12
                3.06573E-03       -4.70998E-12
                3.07207E-03       -5.05324E-12
                3.08474E-03       -4.81488E-12
                3.09107E-03       -3.71324E-12
                3.10374E-03      841.058E-15  
                3.11007E-03        3.96372E-12
                3.12274E-03       14.3472E-12 
                3.13541E-03       73.7866E-12 
                3.14174E-03      188.751E-12  
                3.15441E-03        1.12476E-09
                3.16075E-03        2.53273E-09
                3.17342E-03       10.9153E-09 
                3.18608E-03       38.6336E-09 
                3.19242E-03       68.0041E-09 
                3.20509E-03      186.844E-09  
                3.21142E-03      293.006E-09  
                3.22409E-03      651.921E-09  
                3.23042E-03      928.671E-09  
                3.24309E-03        1.73512E-06
                3.25576E-03        2.93865E-06
                3.26209E-03        3.70174E-06
                3.27476E-03        5.54738E-06
                3.2811E-03         6.61943E-06
                3.29376E-03        9.01826E-06
                3.3001E-03        10.3233E-06 
                3.31277E-03       13.0877E-06 
                3.32543E-03       15.9871E-06 
                3.33177E-03       17.4648E-06 
                3.34444E-03       20.4419E-06 
                3.35077E-03       21.9313E-06 
                3.36344E-03       24.8953E-06 
                3.37611E-03       27.8285E-06 
                3.38244E-03       29.2815E-06 
                3.39511E-03       32.159E-06  
                3.40144E-03       33.5829E-06 
                3.41411E-03       36.3976E-06 
                3.42045E-03       37.7861E-06 
                3.43312E-03       40.5165E-06 
                3.44578E-03       43.1699E-06 
                3.45212E-03       44.4608E-06 
                3.46479E-03       46.9546E-06 
                3.47112E-03       48.1489E-06 
                3.48379E-03       50.4053E-06 
                3.49012E-03       51.4539E-06 
                3.50279E-03       53.3519E-06 
                3.51546E-03       54.9282E-06 
                3.52179E-03       55.5765E-06 
                3.53446E-03       56.5663E-06 
                3.5408E-03        56.9033E-06 
                3.55346E-03       57.2676E-06 
                3.56613E-03       57.2535E-06 
                3.57247E-03       57.1239E-06 
                3.58514E-03       56.6659E-06 
                3.59147E-03       56.3559E-06 
                3.60414E-03       55.6138E-06 
                3.61047E-03       55.1937E-06 
                3.62314E-03       54.2735E-06 
                3.63581E-03       53.2547E-06 
                3.64214E-03       52.7078E-06 
                3.65481E-03       51.5349E-06 
                3.66115E-03       50.9082E-06 
                3.67381E-03       49.5771E-06 
                3.68015E-03       48.876E-06  
                3.69282E-03       47.4142E-06 
                3.70548E-03       45.889E-06  
                3.71182E-03       45.1066E-06 
                3.72449E-03       43.5026E-06 
                3.73082E-03       42.6781E-06 
                3.74349E-03       40.9711E-06 
                3.75616E-03       39.1657E-06 
                3.76249E-03       38.2191E-06 
                3.77516E-03       36.23E-06   
                3.78149E-03       35.1872E-06 
                3.79416E-03       33.01E-06   
                3.8005E-03        31.8794E-06 
                3.81316E-03       29.5439E-06 
                3.82583E-03       27.1187E-06 
                3.83217E-03       25.8741E-06 
                3.84484E-03       23.3203E-06 
                3.85117E-03       22.0107E-06 
                3.86384E-03       19.3273E-06 
                3.87017E-03       17.9559E-06 
                3.88284E-03       15.165E-06  
                3.89551E-03       12.3318E-06 
                3.90184E-03       10.908E-06  
                3.91451E-03        8.06008E-06
                3.92085E-03        6.63919E-06
                3.93351E-03        3.80455E-06
                3.94618E-03      971.985E-09  
                3.95252E-03     -447.537E-09  
                3.96519E-03       -3.29925E-06
                3.97152E-03       -4.73199E-06
                3.98419E-03       -7.60644E-06
                3.99052E-03       -9.04412E-06
                4.00319E-03      -11.9078E-06 
                4.01586E-03      -14.741E-06  
                4.0222E-03       -16.1429E-06 
                4.03487E-03      -18.9179E-06 
                4.0412E-03       -20.2933E-06 
                4.05387E-03      -23.0286E-06 
                4.0602E-03       -24.3918E-06 
                4.07287E-03      -27.1135E-06 
                4.08554E-03      -29.8259E-06 
                4.09187E-03      -31.1745E-06 
                4.10454E-03      -33.8446E-06 
                4.11088E-03      -35.161E-06  
                4.12355E-03      -37.7465E-06 
                4.13622E-03      -40.2624E-06 
                4.14255E-03      -41.4941E-06 
                4.15522E-03      -43.908E-06  
                4.16155E-03      -45.0912E-06 
                4.17422E-03      -47.4087E-06 
                4.18056E-03      -48.5393E-06 
                4.19322E-03      -50.7238E-06 
                4.20589E-03      -52.7582E-06 
                4.21223E-03      -53.6944E-06 
                4.2249E-03       -55.3434E-06 
                4.23123E-03      -56.0304E-06 
                4.2439E-03       -57.0703E-06 
                4.25023E-03      -57.4055E-06 
                4.2629E-03       -57.6832E-06 
                4.27557E-03      -57.4438E-06 
                4.28191E-03      -57.1433E-06 
                4.29458E-03      -56.2251E-06 
                4.30091E-03      -55.628E-06  
                4.31358E-03      -54.2093E-06 
                4.32625E-03      -52.5531E-06 
                4.33258E-03      -51.6556E-06 
                4.34525E-03      -49.7524E-06 
                4.35158E-03      -48.7561E-06 
                4.36425E-03      -46.6916E-06 
                4.37059E-03      -45.6285E-06 
                4.38326E-03      -43.4485E-06 
                4.39593E-03      -41.2028E-06 
                4.40226E-03      -40.0565E-06 
                4.41493E-03      -37.718E-06  
                4.42126E-03      -36.5262E-06 
                4.43393E-03      -34.1004E-06 
                4.44027E-03      -32.8685E-06 
                4.45293E-03      -30.3759E-06 
                4.4656E-03       -27.8667E-06 
                4.47194E-03      -26.6178E-06 
                4.48461E-03      -24.1654E-06 
                4.49094E-03      -22.9783E-06 
                4.50361E-03      -20.7282E-06 
                4.51628E-03      -18.7017E-06 
                4.52261E-03      -17.79E-06   
                4.53528E-03      -16.1898E-06 
                4.54162E-03      -15.5022E-06 
                4.55429E-03      -14.3389E-06 
                4.56062E-03      -13.8523E-06 
                4.57329E-03      -13.0337E-06 
                4.58596E-03      -12.3704E-06 
                4.59229E-03      -12.0788E-06 
                4.60496E-03      -11.546E-06  
                4.61129E-03      -11.2955E-06 
                4.62396E-03      -10.8091E-06 
                4.6303E-03       -10.5687E-06 
                4.64297E-03      -10.0864E-06 
                4.65564E-03       -9.59679E-06
                4.66197E-03       -9.34808E-06
                4.67464E-03       -8.84168E-06
                4.68097E-03       -8.58379E-06
                4.69364E-03       -8.05852E-06
                4.70631E-03       -7.52123E-06
                4.71265E-03       -7.24868E-06
                4.72531E-03       -6.6981E-06 
                4.73165E-03       -6.42152E-06
                4.74432E-03       -5.871E-06  
                4.75065E-03       -5.59985E-06
                4.76332E-03       -5.07422E-06
                4.77599E-03       -4.58335E-06
                4.78232E-03       -4.35554E-06
                4.79499E-03       -3.94257E-06
                4.80133E-03       -3.75933E-06
                4.814E-03         -3.44084E-06
                4.82033E-03       -3.30486E-06
                4.833E-03         -3.07467E-06
                4.84567E-03       -2.89089E-06
                4.852E-03         -2.81249E-06
                4.86467E-03       -2.67504E-06
                4.871E-03         -2.61328E-06
                4.88367E-03       -2.49821E-06
                4.89001E-03       -2.44322E-06
                4.90268E-03       -2.33538E-06
                4.91535E-03       -2.22791E-06
                4.92168E-03       -2.17374E-06
                4.93435E-03       -2.06385E-06
                4.94068E-03       -2.008E-06  
                4.95335E-03       -1.89429E-06
                4.96602E-03       -1.77787E-06
                4.97235E-03       -1.71869E-06
                4.98502E-03       -1.59865E-06
                4.99136E-03       -1.53798E-06
                5.00403E-03       -1.41614E-06
                5.01036E-03       -1.35539E-06
                5.02303E-03       -1.23566E-06
                5.0357E-03        -1.12066E-06
                5.04203E-03       -1.06591E-06
                5.0547E-03      -963.803E-09  
                5.06104E-03     -917.099E-09  
                5.07371E-03     -833.514E-09  
                5.08004E-03     -796.826E-09  
                5.09271E-03     -733.477E-09  
                5.10538E-03     -682.307E-09  
                5.11171E-03     -660.623E-09  
                5.12438E-03     -623.457E-09  
                5.13071E-03     -607.326E-09  
                5.14338E-03     -578.478E-09  
                5.15605E-03     -552.551E-09  
                5.16239E-03     -540.204E-09  
                5.17506E-03     -516.072E-09  
                5.18139E-03     -504.101E-09  
                5.19406E-03     -480.057E-09  
                5.20039E-03     -467.91E-09   
                5.21306E-03     -443.25E-09   
                5.22573E-03     -418.031E-09  
                5.23207E-03     -405.203E-09  
                5.24473E-03     -379.129E-09  
                5.25107E-03     -365.905E-09  
                5.26374E-03     -339.184E-09  
                5.27007E-03     -325.751E-09  
                5.28274E-03     -298.968E-09  
                5.29541E-03     -272.697E-09  
                5.30174E-03     -259.936E-09  
                5.31441E-03     -235.57E-09   
                5.32075E-03     -224.127E-09  
                5.33342E-03     -203.071E-09  
                5.34608E-03     -184.778E-09  
                5.35242E-03     -176.724E-09  
                5.36509E-03     -162.755E-09  
                5.37142E-03     -156.772E-09  
                5.38409E-03     -146.544E-09  
                5.39042E-03     -142.17E-09   
                5.40309E-03     -134.565E-09  
                5.41576E-03     -128.06E-09   
                5.4221E-03      -125.081E-09  
                5.43477E-03     -119.452E-09  
                5.4411E-03      -116.735E-09  
                5.45377E-03     -111.38E-09   
                5.4601E-03      -108.709E-09  
                5.47277E-03     -103.328E-09  
                5.48544E-03      -97.8504E-09 
                5.49178E-03      -95.0677E-09 
                5.50444E-03      -89.4098E-09 
                5.51078E-03      -86.536E-09  
                5.52345E-03      -80.7098E-09 
                5.53612E-03      -74.8086E-09 
                5.54245E-03      -71.8468E-09 
                5.55512E-03      -65.9525E-09 
                5.56145E-03      -63.0464E-09 
                5.57412E-03      -57.394E-09  
                5.58046E-03      -54.6814E-09 
                5.59313E-03      -49.5674E-09 
                5.60579E-03      -44.9659E-09 
                5.61213E-03      -42.8851E-09 
                5.6248E-03       -39.1904E-09 
                5.63113E-03      -37.5759E-09 
                5.6438E-03       -34.7844E-09 
                5.65013E-03      -33.5876E-09 
                5.6628E-03       -31.5284E-09 
                5.67547E-03      -29.8205E-09 
                5.68181E-03      -29.0639E-09 
                5.69448E-03      -27.6851E-09 
                5.70081E-03      -27.0427E-09 
                5.71348E-03      -25.8121E-09 
                5.72615E-03      -24.6155E-09 
                5.73248E-03      -24.0199E-09 
                5.74515E-03      -22.8215E-09 
                5.75148E-03      -22.2156E-09 
                5.76415E-03      -20.9862E-09 
                5.77049E-03      -20.362E-09  
                5.78316E-03      -19.0946E-09 
                5.79583E-03      -17.8052E-09 
                5.80216E-03      -17.1548E-09 
                5.81483E-03      -15.8498E-09 
                5.82116E-03      -15.1991E-09 
                5.83383E-03      -13.9147E-09 
                5.84017E-03      -13.2875E-09 
                5.85284E-03      -12.0813E-09 
                5.8655E-03       -10.963E-09  
                5.87184E-03      -10.4447E-09 
                5.88451E-03       -9.50079E-09
                5.89084E-03       -9.07794E-09
                5.90351E-03       -8.33245E-09
                5.91618E-03       -7.71466E-09
                5.92251E-03       -7.44874E-09
                5.93518E-03       -6.9889E-09 
                5.94152E-03       -6.78905E-09
                5.95419E-03       -6.43542E-09
                5.96052E-03       -6.2764E-09 
                5.97319E-03       -5.98211E-09
                5.98586E-03       -5.70733E-09
                5.99219E-03       -5.57382E-09
                6.00486E-03       -5.30937E-09
                6.0112E-03        -5.17691E-09
                6.02386E-03       -4.90948E-09
                6.0302E-03        -4.7742E-09 
                6.04287E-03       -4.49962E-09
                6.05554E-03       -4.21846E-09
                6.06187E-03       -4.07554E-09
                6.07454E-03       -3.78713E-09
                6.08087E-03       -3.64272E-09
                6.09354E-03       -3.35556E-09
                6.10621E-03       -3.07335E-09
                6.11255E-03       -2.93567E-09
                6.12521E-03       -2.67121E-09
                6.13155E-03       -2.54599E-09
                6.14422E-03       -2.31282E-09
                6.15055E-03       -2.20594E-09
                6.16322E-03       -2.01332E-09
                6.17589E-03       -1.84941E-09
                6.18222E-03       -1.7778E-09 
                6.19489E-03       -1.65304E-09
                6.20123E-03       -1.59873E-09
                6.2139E-03        -1.50349E-09
                6.22023E-03       -1.46172E-09
                6.2329E-03        -1.38795E-09
                6.24557E-03       -1.32403E-09
                6.2519E-03        -1.29425E-09
                6.26457E-03       -1.236E-09  
                6.27091E-03       -1.20671E-09
                6.28357E-03       -1.14716E-09
                6.29624E-03       -1.08635E-09
                6.30258E-03       -1.05526E-09
                6.31525E-03     -989.796E-12  
                6.32158E-03     -953.45E-12   
                6.33425E-03     -861.142E-12  
                6.34058E-03     -793.734E-12  
                6.35325E-03     -550.552E-12  
                6.36592E-03       48.7635E-12 
                6.37226E-03      637.747E-12  
                6.38492E-03        3.02896E-09
                6.39126E-03        5.26965E-09
                6.40393E-03       13.6599E-09 
                6.41026E-03       20.9396E-09 
                6.42293E-03       45.8612E-09 
                6.4356E-03        92.8503E-09 
                6.44193E-03      128.694E-09  
                6.4546E-03       235.566E-09  
                6.46094E-03      311.502E-09  
                6.47361E-03      521.872E-09  
                6.48627E-03      828.752E-09  
                6.49261E-03        1.02494E-06
                6.50528E-03        1.51368E-06
                6.51161E-03        1.80934E-06
                6.52428E-03        2.50724E-06
                6.53061E-03        2.90938E-06
                6.54328E-03        3.8157E-06 
                6.55595E-03        4.84652E-06
                6.56229E-03        5.40288E-06
                6.57496E-03        6.58389E-06
                6.58129E-03        7.20282E-06
                6.59396E-03        8.48342E-06
                6.60029E-03        9.13981E-06
                6.61296E-03       10.473E-06  
                6.62563E-03       11.8202E-06 
                6.63197E-03       12.4948E-06 
                6.64463E-03       13.8393E-06 
                6.65097E-03       14.5066E-06 
                6.66364E-03       15.8259E-06 
                6.67631E-03       17.1161E-06 
                6.68264E-03       17.7466E-06 
                6.69531E-03       18.9691E-06 
                6.70164E-03       19.5565E-06 
                6.71431E-03       20.6696E-06 
                6.72065E-03       21.1886E-06 
                6.73332E-03       22.1322E-06 
                6.74598E-03       22.922E-06  
                6.75232E-03       23.2483E-06 
                6.76499E-03       23.7432E-06 
                6.77132E-03       23.9046E-06 
                6.78399E-03       24.041E-06  
                6.79033E-03       24.0127E-06 
                6.80299E-03       23.7604E-06 
                6.81566E-03       23.2536E-06 
                6.822E-03         22.9101E-06 
                6.83467E-03       22.0589E-06 
                6.841E-03         21.5589E-06 
                6.85367E-03       20.4307E-06 
                6.86E-03          19.8109E-06 
                6.87267E-03       18.4796E-06 
                6.88534E-03       17.0493E-06 
                6.89168E-03       16.3046E-06 
                6.90434E-03       14.7687E-06 
                6.91068E-03       13.9819E-06 
                6.92335E-03       12.3807E-06 
                6.93602E-03       10.7559E-06 
                6.94235E-03        9.94032E-06
                6.95502E-03        8.31603E-06
                6.96135E-03        7.51396E-06
                6.97402E-03        5.95039E-06
                6.98036E-03        5.19888E-06
                6.99303E-03        3.78612E-06
                7.00569E-03        2.54022E-06
                7.01203E-03        1.99895E-06
                7.0247E-03         1.11966E-06
                7.03103E-03      797.124E-09  
                7.0437E-03       420.806E-09  
                7.05003E-03      378.118E-09  
                7.0627E-03       601.998E-09  
                7.07537E-03        1.24546E-06
                7.08171E-03        1.72145E-06
                7.09438E-03        2.96322E-06
                7.10071E-03        3.71791E-06
                7.11338E-03        5.46092E-06
                7.12605E-03        7.46501E-06
                7.13238E-03        8.54581E-06
                7.14505E-03       10.8288E-06 
                7.15139E-03       12.018E-06  
                7.16405E-03       14.4632E-06 
                7.17039E-03       15.7097E-06 
                7.18306E-03       18.2309E-06 
                7.19573E-03       20.7693E-06 
                7.20206E-03       22.0391E-06 
                7.21473E-03       24.572E-06  
                7.22106E-03       25.8333E-06 
                7.23373E-03       28.3443E-06 
                7.24007E-03       29.595E-06  
                7.25274E-03       32.0933E-06 
                7.2654E-03        34.6008E-06 
                7.27174E-03       35.8645E-06 
                7.28441E-03       38.4267E-06 
                7.29074E-03       39.7313E-06 
                7.30341E-03       42.4022E-06 
                7.31608E-03       45.1709E-06 
                7.32241E-03       46.5962E-06 
                7.33508E-03       49.5324E-06 
                7.34142E-03       51.0431E-06 
                7.35409E-03       54.1446E-06 
                7.36042E-03       55.7318E-06 
                7.37309E-03       58.9666E-06 
                7.38576E-03       62.2612E-06 
                7.39209E-03       63.9223E-06 
                7.40476E-03       67.2547E-06 
                7.4111E-03        68.9193E-06 
                7.42376E-03       72.2307E-06 
                7.4301E-03        73.8731E-06 
                7.44277E-03       77.124E-06  
                7.45544E-03       80.3276E-06 
                7.46177E-03       81.9129E-06 
                7.47444E-03       85.0574E-06 
                7.48077E-03       86.6203E-06 
                7.49344E-03       89.7368E-06 
                7.50611E-03       92.8527E-06 
                7.51245E-03       94.4137E-06 
                7.52511E-03       97.5449E-06 
                7.53145E-03       99.1148E-06 
                7.54412E-03      102.26E-06   
                7.55045E-03      103.834E-06  
                7.56312E-03      106.973E-06  
                7.57579E-03      110.092E-06  
                7.58212E-03      111.638E-06  
                7.59479E-03      114.694E-06  
                7.60113E-03      116.199E-06  
                7.6138E-03       119.15E-06   
                7.62013E-03      120.592E-06  
                7.6328E-03       123.394E-06  
                7.64547E-03      126.071E-06  
                7.6518E-03       127.357E-06  
                7.66447E-03      129.81E-06   
                7.67081E-03      130.973E-06  
                7.68347E-03      133.157E-06  
                7.69614E-03      135.136E-06  
                7.70248E-03      136.04E-06   
                7.71515E-03      137.659E-06  
                7.72148E-03      138.366E-06  
                7.73415E-03      139.552E-06  
                7.74048E-03      140.021E-06  
                7.75315E-03      140.687E-06  
                7.76582E-03      140.963E-06  
                7.77216E-03      140.946E-06  
                7.78482E-03      140.588E-06  
                7.79116E-03      140.245E-06  
                7.80383E-03      139.23E-06   
                7.81016E-03      138.562E-06  
                7.82283E-03      136.916E-06  
                7.8355E-03       134.88E-06   
                7.84183E-03      133.726E-06  
                7.8545E-03       131.171E-06  
                7.86083E-03      129.778E-06  
                7.8735E-03       126.783E-06  
                7.88617E-03      123.537E-06  
                7.8925E-03       121.828E-06  
                7.90517E-03      118.253E-06  
                7.91151E-03      116.393E-06  
                7.92417E-03      112.537E-06  
                7.93051E-03      110.545E-06  
                7.94317E-03      106.446E-06  
                7.95584E-03      102.211E-06  
                7.96218E-03      100.051E-06  
                7.97484E-03       95.6662E-06 
                7.98118E-03       93.453E-06  
                7.99385E-03       89.0173E-06 
                8.00018E-03       86.8097E-06 
                8.01285E-03       82.4564E-06 
                8.02552E-03       78.243E-06  
                8.03185E-03       76.2098E-06 
                8.04452E-03       72.3271E-06 
                8.05085E-03       70.4896E-06 
                8.06352E-03       67.0427E-06 
                8.07619E-03       63.9102E-06 
                8.08252E-03       62.4603E-06 
                8.09519E-03       59.778E-06  
                8.10152E-03       58.5362E-06 
                8.11419E-03       56.2225E-06 
                8.12052E-03       55.1374E-06 
                8.13319E-03       53.0772E-06 
                8.14586E-03       51.1213E-06 
                8.15219E-03       50.1679E-06 
                8.16486E-03       48.2856E-06 
                8.1712E-03        47.3486E-06 
                8.18386E-03       45.4672E-06 
                8.1902E-03        44.5182E-06 
                8.20287E-03       42.5959E-06 
                8.21553E-03       40.6367E-06 
                8.22187E-03       39.6432E-06 
                8.23454E-03       37.6325E-06 
                8.24087E-03       36.6181E-06 
                8.25354E-03       34.5819E-06 
                8.2662E-03        32.5542E-06 
                8.27254E-03       31.5519E-06 
                8.28521E-03       29.5886E-06 
                8.29154E-03       28.6355E-06 
                8.30421E-03       26.805E-06  
                8.31054E-03       25.9346E-06 
                8.32321E-03       24.2972E-06 
                8.33588E-03       22.8106E-06 
                8.34221E-03       22.1261E-06 
                8.35488E-03       20.8738E-06 
                8.36121E-03       20.3036E-06 
                8.37388E-03       19.2657E-06 
                8.38022E-03       18.7929E-06 
                8.39288E-03       17.9251E-06 
                8.40555E-03       17.1408E-06 
                8.41189E-03       16.7725E-06 
                8.42455E-03       16.0697E-06 
                8.43089E-03       15.7304E-06 
                8.44355E-03       15.0659E-06 
                8.45622E-03       14.4097E-06 
                8.46256E-03       14.0816E-06 
                8.47522E-03       13.4218E-06 
                8.48156E-03       13.0891E-06 
                8.49423E-03       12.4171E-06 
                8.50056E-03       12.0782E-06 
                8.51323E-03       11.3959E-06 
                8.5259E-03        10.7122E-06 
                8.53223E-03       10.372E-06  
                8.5449E-03         9.69992E-06
                8.55123E-03        9.37052E-06
                8.5639E-03         8.7312E-06 
                8.57023E-03        8.42374E-06
                8.5829E-03         7.83898E-06
                8.59557E-03        7.30061E-06
                8.6019E-03         7.05052E-06
                8.61457E-03        6.59018E-06
                8.6209E-03         6.37995E-06
                8.63357E-03        5.99796E-06
                8.64624E-03        5.66328E-06
                8.65257E-03        5.5117E-06 
                8.66524E-03        5.23533E-06
                8.67158E-03        5.10854E-06
                8.68424E-03        4.87278E-06
                8.69058E-03        4.76195E-06
                8.70325E-03        4.55024E-06
                8.71591E-03        4.34706E-06
                8.72225E-03        4.24724E-06
                8.73492E-03        4.04898E-06
                8.74125E-03        3.94992E-06
                8.75392E-03        3.75096E-06
                8.76025E-03        3.65084E-06
                8.77292E-03        3.4493E-06 
                8.78559E-03        3.24656E-06
                8.79192E-03        3.14514E-06
                8.80459E-03        2.94338E-06
                8.81092E-03        2.84363E-06
                8.82359E-03        2.64807E-06
                8.83626E-03        2.46013E-06
                8.84259E-03        2.3699E-06 
                8.85526E-03        2.19853E-06
                8.86159E-03        2.11794E-06
                8.87426E-03        1.96794E-06
                8.8806E-03         1.89877E-06
                8.89326E-03        1.77224E-06
                8.90593E-03        1.66096E-06
                8.91227E-03        1.61066E-06
                8.92493E-03        1.51967E-06
                8.93127E-03        1.47844E-06
                8.94394E-03        1.40309E-06
                8.95027E-03        1.3684E-06 
                8.96294E-03        1.3036E-06 
                8.97561E-03        1.24325E-06
                8.98194E-03        1.21421E-06
                8.99461E-03        1.15749E-06
                9.00094E-03        1.12954E-06
                9.01361E-03        1.07394E-06
                9.02628E-03        1.0183E-06 
                9.03261E-03      990.372E-09  
                9.04528E-03      934.267E-09  
                9.05161E-03      906.127E-09  
                9.06428E-03      849.869E-09  
                9.07061E-03      821.871E-09  
                9.08328E-03      766.514E-09  
                9.09595E-03      712.59E-09   
                9.10228E-03      686.4E-09    
                9.11495E-03      636.045E-09  
                9.12128E-03      612.058E-09  
                9.13395E-03      566.848E-09  
                9.14029E-03      545.744E-09  
                9.15295E-03      506.723E-09  
                9.16562E-03      472.022E-09  
                9.17196E-03      456.259E-09  
                9.18462E-03      427.721E-09  
                9.19096E-03      414.837E-09  
                9.20363E-03      391.497E-09  
                9.21629E-03      370.888E-09  
                9.22263E-03      361.414E-09  
                9.2353E-03       343.751E-09  
                9.24163E-03      335.426E-09  
                9.2543E-03       319.486E-09  
                9.26063E-03      311.771E-09  
                9.2733E-03       296.645E-09  
                9.28597E-03      281.716E-09  
                9.2923E-03       274.27E-09   
                9.30497E-03      259.352E-09  
                9.3113E-03       251.874E-09  
                9.32397E-03      236.892E-09  
                9.3303E-03       229.405E-09  
                9.34297E-03      214.508E-09  
                9.35564E-03      199.838E-09  
                9.36197E-03      192.643E-09  
                9.37464E-03      178.656E-09  
                9.38098E-03      171.912E-09  
                9.39364E-03      159.042E-09  
                9.40631E-03      147.129E-09  
                9.41265E-03      141.571E-09  
                9.42531E-03      131.294E-09  
                9.43165E-03      126.58E-09   
                9.44431E-03      117.989E-09  
                9.45065E-03      114.096E-09  
                9.46332E-03      107.053E-09  
                9.47598E-03      100.89E-09   
                9.48232E-03       98.0904E-09 
                9.49499E-03       92.9502E-09 
                9.50132E-03       90.5714E-09 
                9.51399E-03       86.1073E-09 
                9.52032E-03       83.9904E-09 
                9.53299E-03       79.9154E-09 
                9.54566E-03       75.976E-09  
                9.55199E-03       74.0375E-09 
                9.56466E-03       70.2078E-09 
                9.57099E-03       68.3203E-09 
                9.58366E-03       64.6387E-09 
                9.59633E-03       61.1998E-09 
                9.60266E-03       59.6487E-09 
                9.61533E-03       57.1518E-09 
                9.62167E-03       56.369E-09  
                9.63433E-03       56.3332E-09 
                9.64067E-03       57.4182E-09 
                9.65333E-03       62.9555E-09 
                9.666E-03         75.1312E-09 
                9.67234E-03       84.7376E-09 
                9.685E-03        113.617E-09  
                9.69134E-03      134.142E-09  
                9.70401E-03      190.954E-09  
                9.71034E-03      228.833E-09  
                9.72301E-03      327.755E-09  
                9.73568E-03      463.27E-09   
                9.74201E-03      546.8E-09    
                9.75468E-03      749.014E-09  
                9.76101E-03      868.875E-09  
                9.77368E-03        1.14818E-06
                9.78001E-03        1.30806E-06
                9.79268E-03        1.66825E-06
                9.80535E-03        2.08064E-06
                9.81168E-03        2.30526E-06
                9.82435E-03        2.78807E-06
                9.83068E-03        3.04467E-06
                9.84335E-03        3.5838E-06 
                9.85602E-03        4.1512E-06 
                9.86235E-03        4.44306E-06
                9.87502E-03        5.03835E-06
                9.88136E-03        5.33987E-06
                9.89402E-03        5.94604E-06
                9.90036E-03        6.24884E-06
                9.91303E-03        6.84906E-06
                9.92569E-03        7.43531E-06
                9.93203E-03        7.72039E-06
                9.94466E-03        8.26669E-06
                9.95094E-03        8.52389E-06
                9.96339E-03        8.99921E-06
                9.97572E-03        9.41222E-06
                9.98183E-03        9.59138E-06
                9.99397E-03        9.88707E-06
               10.E-03            10.0006E-06 





                  X               _temp_1     

                0.                 0.         
               12.6684E-06         3.33109E-06
               25.3367E-06         6.64898E-06
               31.6709E-06         8.20931E-06
               44.3393E-06        11.5484E-06 
               50.6734E-06        13.2689E-06 
               63.3418E-06        16.5799E-06 
               76.0102E-06        19.8947E-06 
               82.3443E-06        21.5545E-06 
               95.0127E-06        24.8824E-06 
              101.347E-06         26.5033E-06 
              114.015E-06         29.5023E-06 
              120.349E-06         31.0175E-06 
              133.018E-06         34.0148E-06 
              145.686E-06         37.0118E-06 
              152.02E-06          38.5064E-06 
              164.689E-06         41.5074E-06 
              171.023E-06         43.0073E-06 
              183.691E-06         46.006E-06  
              190.025E-06         47.5074E-06 
              202.694E-06         50.3838E-06 
              215.362E-06         52.7624E-06 
              221.696E-06         53.9551E-06 
              234.365E-06         56.335E-06  
              240.699E-06         57.5214E-06 
              253.367E-06         59.9013E-06 
              266.036E-06         62.2815E-06 
              272.37E-06          63.4729E-06 
              285.038E-06         65.8522E-06 
              291.372E-06         67.0416E-06 
              304.041E-06         69.1684E-06 
              310.375E-06         69.9235E-06 
              323.043E-06         71.4532E-06 
              335.712E-06         72.9831E-06 
              342.046E-06         73.7516E-06 
              354.714E-06         75.2793E-06 
              361.048E-06         76.0426E-06 
              373.717E-06         77.5718E-06 
              380.051E-06         78.3356E-06 
              392.719E-06         79.8643E-06 
              405.388E-06         80.9955E-06 
              411.722E-06         81.2337E-06 
              424.39E-06          81.7612E-06 
              430.725E-06         82.045E-06  
              443.393E-06         82.568E-06  
              456.061E-06         83.0911E-06 
              462.395E-06         83.3481E-06 
              475.064E-06         83.876E-06  
              481.398E-06         84.1394E-06 
              494.066E-06         84.6647E-06 
              500.401E-06         84.8987E-06 
              513.069E-06         84.3705E-06 
              525.737E-06         83.8458E-06 
              532.071E-06         83.61E-06   
              544.74E-06          83.0801E-06 
              551.074E-06         82.801E-06  
              563.742E-06         82.2784E-06 
              570.076E-06         82.0212E-06 
              582.745E-06         81.493E-06  
              595.413E-06         80.9658E-06 
              601.747E-06         80.5761E-06 
              614.415E-06         79.0459E-06 
              620.75E-06          78.2957E-06 
              633.418E-06         76.7662E-06 
              646.086E-06         75.2359E-06 
              652.42E-06          74.4629E-06 
              665.089E-06         72.9359E-06 
              671.423E-06         72.1752E-06 
              684.091E-06         70.6454E-06 
              690.425E-06         69.8807E-06 
              703.094E-06         68.1587E-06 
              715.762E-06         65.7782E-06 
              722.096E-06         64.5887E-06 
              734.764E-06         62.2094E-06 
              741.099E-06         61.018E-06  
              753.767E-06         58.6383E-06 
              760.101E-06         57.4502E-06 
              772.769E-06         55.0703E-06 
              785.438E-06         52.6904E-06 
              791.772E-06         51.4999E-06 
              804.44E-06          48.9179E-06 
              810.774E-06         47.409E-06  
              823.443E-06         44.4104E-06 
              836.111E-06         41.4122E-06 
              842.445E-06         39.9174E-06 
              855.113E-06         36.917E-06  
              861.448E-06         35.4157E-06 
              874.116E-06         32.417E-06  
              880.45E-06          30.9171E-06 
              893.118E-06         27.9176E-06 
              905.787E-06         24.7799E-06 
              912.121E-06         23.1088E-06 
              924.789E-06         19.785E-06  
              931.123E-06         18.1307E-06 
              943.792E-06         14.8054E-06 
              950.126E-06         13.1387E-06 
              962.794E-06          9.81548E-06
              975.462E-06          6.49201E-06
              981.797E-06          4.83017E-06
              994.465E-06          1.50565E-06
                1.0008E-03        39.6483E-09 
                1.01347E-03       45.7032E-09 
                1.02614E-03       41.4045E-09 
                1.03247E-03      -36.8747E-09 
                1.04514E-03      -25.6972E-09 
                1.05147E-03       19.9589E-09 
                1.06414E-03        9.80667E-09
                1.07047E-03       -5.71395E-09
                1.08314E-03      111.811E-12  
                1.09581E-03        3.03993E-09
                1.10215E-03       -3.66594E-09
                1.11481E-03       -3.6051E-09 
                1.12115E-03        3.16468E-09
                1.13382E-03        2.00792E-09
                1.14015E-03       -1.41036E-09
                1.15282E-03     -378.035E-12  
                1.16549E-03      307.416E-12  
                1.17182E-03     -472.575E-12  
                1.18449E-03     -613.093E-12  
                1.19082E-03      600.504E-12  
                1.20349E-03      428.369E-12  
                1.21616E-03      222.367E-12  
                1.22249E-03     -168.081E-12  
                1.23516E-03      -12.0494E-12 
                1.2415E-03       -67.194E-12  
                1.25417E-03     -119.635E-12  
                1.2605E-03       105.178E-12  
                1.27317E-03       97.4785E-12 
                1.28584E-03       66.338E-12  
                1.29217E-03      -39.1128E-12 
                1.30484E-03       -5.88893E-12
                1.31117E-03      468.57E-15   
                1.32384E-03      -21.8192E-12 
                1.33018E-03       14.2538E-12 
                1.34284E-03        3.33031E-12
                1.35551E-03       -3.64166E-12
                1.36185E-03      -28.8674E-12 
                1.37451E-03      -12.5124E-12 
                1.38085E-03       -3.50546E-12
                1.39352E-03       -3.47588E-12
                1.40619E-03       41.4113E-15 
                1.41252E-03        6.62598E-12
                1.42519E-03       -2.03785E-12
                1.43152E-03       -8.78621E-12
                1.44419E-03       -2.84244E-12
                1.45052E-03      969.913E-15  
                1.46319E-03      615.793E-15  
                1.47586E-03       -5.2375E-12 
                1.4822E-03        -7.52879E-12
                1.49486E-03      -11.2056E-12 
                1.5012E-03        -9.64551E-12
                1.51387E-03       -3.55766E-12
                1.5202E-03        -4.27778E-12
                1.53287E-03       -6.49223E-12
                1.54554E-03     -790.98E-15   
                1.55187E-03        2.65742E-12
                1.56454E-03        6.6931E-12 
                1.57087E-03        6.37552E-12
                1.58354E-03        5.98616E-12
                1.59621E-03        4.57398E-12
                1.60254E-03        3.03968E-12
                1.61521E-03        1.41757E-12
                1.62155E-03        1.65806E-12
                1.63421E-03        1.0996E-12 
                1.64055E-03     -863.978E-15  
                1.65322E-03       -5.55452E-12
                1.66589E-03       -3.87194E-12
                1.67222E-03     -932.761E-15  
                1.68489E-03        3.24112E-12
                1.69122E-03        3.15883E-12
                1.70389E-03      422.972E-15  
                1.71022E-03       -1.20716E-12
                1.72289E-03       -2.27175E-12
                1.73556E-03        3.25359E-12
                1.7419E-03         8.28492E-12
                1.75456E-03       18.1823E-12 
                1.7609E-03        20.6879E-12 
                1.77357E-03       17.9697E-12 
                1.78623E-03        8.46495E-12
                1.79257E-03        3.83736E-12
                1.80524E-03        1.63048E-12
                1.81157E-03        4.4566E-12 
                1.82424E-03        9.5034E-12 
                1.83057E-03        8.24061E-12
                1.84324E-03     -160.742E-15  
                1.85591E-03       -4.32725E-12
                1.86224E-03       -2.79324E-12
                1.87491E-03        2.17779E-12
                1.88125E-03        2.92293E-12
                1.89392E-03        2.22242E-12
                1.90025E-03        2.24143E-12
                1.91292E-03        2.71905E-12
                1.92559E-03        4.72633E-12
                1.93192E-03        6.34199E-12
                1.94459E-03        7.76574E-12
                1.95092E-03        6.88612E-12
                1.96359E-03        4.81036E-12
                1.97626E-03        5.58801E-12
                1.98259E-03        6.63823E-12
                1.99526E-03        8.06559E-12
                2.0016E-03         8.02996E-12
                2.01426E-03        6.20864E-12
                2.0206E-03         4.80171E-12
                2.03327E-03        3.29464E-12
                2.04593E-03        6.21262E-12
                2.05227E-03        9.18684E-12
                2.06494E-03       14.127E-12  
                2.07127E-03       14.2657E-12 
                2.08394E-03       10.3013E-12 
                2.09027E-03        8.11397E-12
                2.10294E-03        4.99593E-12
                2.11561E-03      276.843E-15  
                2.12194E-03       -3.09645E-12
                2.13461E-03       -8.54242E-12
                2.14095E-03       -8.70481E-12
                2.15362E-03       -3.48271E-12
                2.16628E-03        2.78418E-12
                2.17262E-03        3.84279E-12
                2.18529E-03     -438.104E-15  
                2.19162E-03       -4.71834E-12
                2.20429E-03      -10.6683E-12 
                2.21062E-03      -10.1752E-12 
                2.22329E-03       -2.68918E-12
                2.23596E-03        6.38397E-12
                2.24229E-03        8.86525E-12
                2.25496E-03        8.76377E-12
                2.2613E-03         7.42815E-12
                2.27396E-03        6.45183E-12
                2.2803E-03         7.42107E-12
                2.29297E-03        8.79686E-12
                2.30564E-03        3.96499E-12
                2.31197E-03     -211.237E-15  
                2.32464E-03       -6.82487E-12
                2.33097E-03       -8.13427E-12
                2.34364E-03       -7.35843E-12
                2.35631E-03       -3.63084E-12
                2.36264E-03       -1.11376E-12
                2.37531E-03        3.81474E-12
                2.38165E-03        5.5991E-12 
                2.39431E-03        6.59404E-12
                2.40065E-03        5.48414E-12
                2.41332E-03       93.3071E-15 
                2.42598E-03       -6.58407E-12
                2.43232E-03       -8.65975E-12
                2.44499E-03       -8.34494E-12
                2.45132E-03       -6.25065E-12
                2.46399E-03     -499.351E-15  
                2.47032E-03        2.27252E-12
                2.48299E-03        6.38646E-12
                2.49566E-03        7.50917E-12
                2.50199E-03        6.66293E-12
                2.51466E-03        3.08392E-12
                2.521E-03          1.15643E-12
                2.53367E-03       -1.89132E-12
                2.54633E-03       -4.25594E-12
                2.55267E-03       -5.14382E-12
                2.56534E-03       -5.7563E-12 
                2.57167E-03       -5.55059E-12
                2.58434E-03       -4.85586E-12
                2.59067E-03       -4.55316E-12
                2.60334E-03       -3.99463E-12
                2.61601E-03       -3.12886E-12
                2.62234E-03       -2.5083E-12 
                2.63501E-03       -1.46914E-12
                2.64135E-03       -1.48406E-12
                2.65401E-03       -3.0619E-12 
                2.66035E-03       -4.32403E-12
                2.67302E-03       -6.30339E-12
                2.68568E-03       -6.04542E-12
                2.69202E-03       -4.91414E-12
                2.70469E-03       -1.19061E-12
                2.71102E-03      849.063E-15  
                2.72369E-03        3.11348E-12
                2.73002E-03        2.58924E-12
                2.74269E-03       -1.43844E-12
                2.75536E-03       -5.9658E-12 
                2.76169E-03       -7.30701E-12
                2.77436E-03       -7.9348E-12 
                2.7807E-03        -7.56606E-12
                2.79337E-03       -6.24324E-12
                2.80603E-03       -4.53719E-12
                2.81237E-03       -3.64469E-12
                2.82504E-03       -2.25575E-12
                2.83137E-03       -1.94876E-12
                2.84404E-03       -2.11466E-12
                2.85037E-03       -2.40532E-12
                2.86304E-03       -2.81527E-12
                2.87571E-03       -2.28129E-12
                2.88204E-03       -1.54109E-12
                2.89471E-03      311.288E-15  
                2.90105E-03      992.857E-15  
                2.91371E-03        1.20139E-12
                2.92005E-03      784.951E-15  
                2.93272E-03     -503.985E-15  
                2.94539E-03       -1.35218E-12
                2.95172E-03       -1.18902E-12
                2.96439E-03      513.311E-15  
                2.97072E-03        1.74898E-12
                2.98339E-03        3.91808E-12
                2.99606E-03        4.78952E-12
                3.00239E-03        4.55945E-12
                3.01506E-03        2.70457E-12
                3.0214E-03         1.2686E-12 
                3.03406E-03       -1.61768E-12
                3.0404E-03        -2.69014E-12
                3.05307E-03       -3.93264E-12
                3.06573E-03       -4.70998E-12
                3.07207E-03       -5.05324E-12
                3.08474E-03       -4.81488E-12
                3.09107E-03       -3.71324E-12
                3.10374E-03      841.058E-15  
                3.11007E-03        3.96372E-12
                3.12274E-03       14.3472E-12 
                3.13541E-03       73.7866E-12 
                3.14174E-03      188.751E-12  
                3.15441E-03        1.12476E-09
                3.16075E-03        2.53273E-09
                3.17342E-03       10.9153E-09 
                3.18608E-03       38.6336E-09 
                3.19242E-03       68.0041E-09 
                3.20509E-03      186.844E-09  
                3.21142E-03      293.006E-09  
                3.22409E-03      651.921E-09  
                3.23042E-03      928.671E-09  
                3.24309E-03        1.73512E-06
                3.25576E-03        2.93865E-06
                3.26209E-03        3.70174E-06
                3.27476E-03        5.54738E-06
                3.2811E-03         6.61943E-06
                3.29376E-03        9.01826E-06
                3.3001E-03        10.3233E-06 
                3.31277E-03       13.0877E-06 
                3.32543E-03       15.9871E-06 
                3.33177E-03       17.4648E-06 
                3.34444E-03       20.4419E-06 
                3.35077E-03       21.9313E-06 
                3.36344E-03       24.8953E-06 
                3.37611E-03       27.8285E-06 
                3.38244E-03       29.2815E-06 
                3.39511E-03       32.159E-06  
                3.40144E-03       33.5829E-06 
                3.41411E-03       36.3976E-06 
                3.42045E-03       37.7861E-06 
                3.43312E-03       40.5165E-06 
                3.44578E-03       43.1699E-06 
                3.45212E-03       44.4608E-06 
                3.46479E-03       46.9546E-06 
                3.47112E-03       48.1489E-06 
                3.48379E-03       50.4053E-06 
                3.49012E-03       51.4539E-06 
                3.50279E-03       53.3519E-06 
                3.51546E-03       54.9282E-06 
                3.52179E-03       55.5765E-06 
                3.53446E-03       56.5663E-06 
                3.5408E-03        56.9033E-06 
                3.55346E-03       57.2676E-06 
                3.56613E-03       57.2535E-06 
                3.57247E-03       57.1239E-06 
                3.58514E-03       56.6659E-06 
                3.59147E-03       56.3559E-06 
                3.60414E-03       55.6138E-06 
                3.61047E-03       55.1937E-06 
                3.62314E-03       54.2735E-06 
                3.63581E-03       53.2547E-06 
                3.64214E-03       52.7078E-06 
                3.65481E-03       51.5349E-06 
                3.66115E-03       50.9082E-06 
                3.67381E-03       49.5771E-06 
                3.68015E-03       48.876E-06  
                3.69282E-03       47.4142E-06 
                3.70548E-03       45.889E-06  
                3.71182E-03       45.1066E-06 
                3.72449E-03       43.5026E-06 
                3.73082E-03       42.6781E-06 
                3.74349E-03       40.9711E-06 
                3.75616E-03       39.1657E-06 
                3.76249E-03       38.2191E-06 
                3.77516E-03       36.23E-06   
                3.78149E-03       35.1872E-06 
                3.79416E-03       33.01E-06   
                3.8005E-03        31.8794E-06 
                3.81316E-03       29.5439E-06 
                3.82583E-03       27.1187E-06 
                3.83217E-03       25.8741E-06 
                3.84484E-03       23.3203E-06 
                3.85117E-03       22.0107E-06 
                3.86384E-03       19.3273E-06 
                3.87017E-03       17.9559E-06 
                3.88284E-03       15.165E-06  
                3.89551E-03       12.3318E-06 
                3.90184E-03       10.908E-06  
                3.91451E-03        8.06008E-06
                3.92085E-03        6.63919E-06
                3.93351E-03        3.80455E-06
                3.94618E-03      971.985E-09  
                3.95252E-03     -447.537E-09  
                3.96519E-03       -3.29925E-06
                3.97152E-03       -4.73199E-06
                3.98419E-03       -7.60644E-06
                3.99052E-03       -9.04412E-06
                4.00319E-03      -11.9078E-06 
                4.01586E-03      -14.741E-06  
                4.0222E-03       -16.1429E-06 
                4.03487E-03      -18.9179E-06 
                4.0412E-03       -20.2933E-06 
                4.05387E-03      -23.0286E-06 
                4.0602E-03       -24.3918E-06 
                4.07287E-03      -27.1135E-06 
                4.08554E-03      -29.8259E-06 
                4.09187E-03      -31.1745E-06 
                4.10454E-03      -33.8446E-06 
                4.11088E-03      -35.161E-06  
                4.12355E-03      -37.7465E-06 
                4.13622E-03      -40.2624E-06 
                4.14255E-03      -41.4941E-06 
                4.15522E-03      -43.908E-06  
                4.16155E-03      -45.0912E-06 
                4.17422E-03      -47.4087E-06 
                4.18056E-03      -48.5393E-06 
                4.19322E-03      -50.7238E-06 
                4.20589E-03      -52.7582E-06 
                4.21223E-03      -53.6944E-06 
                4.2249E-03       -55.3434E-06 
                4.23123E-03      -56.0304E-06 
                4.2439E-03       -57.0703E-06 
                4.25023E-03      -57.4055E-06 
                4.2629E-03       -57.6832E-06 
                4.27557E-03      -57.4438E-06 
                4.28191E-03      -57.1433E-06 
                4.29458E-03      -56.2251E-06 
                4.30091E-03      -55.628E-06  
                4.31358E-03      -54.2093E-06 
                4.32625E-03      -52.5531E-06 
                4.33258E-03      -51.6556E-06 
                4.34525E-03      -49.7524E-06 
                4.35158E-03      -48.7561E-06 
                4.36425E-03      -46.6916E-06 
                4.37059E-03      -45.6285E-06 
                4.38326E-03      -43.4485E-06 
                4.39593E-03      -41.2028E-06 
                4.40226E-03      -40.0565E-06 
                4.41493E-03      -37.718E-06  
                4.42126E-03      -36.5262E-06 
                4.43393E-03      -34.1004E-06 
                4.44027E-03      -32.8685E-06 
                4.45293E-03      -30.3759E-06 
                4.4656E-03       -27.8667E-06 
                4.47194E-03      -26.6178E-06 
                4.48461E-03      -24.1654E-06 
                4.49094E-03      -22.9783E-06 
                4.50361E-03      -20.7282E-06 
                4.51628E-03      -18.7017E-06 
                4.52261E-03      -17.79E-06   
                4.53528E-03      -16.1898E-06 
                4.54162E-03      -15.5022E-06 
                4.55429E-03      -14.3389E-06 
                4.56062E-03      -13.8523E-06 
                4.57329E-03      -13.0337E-06 
                4.58596E-03      -12.3704E-06 
                4.59229E-03      -12.0788E-06 
                4.60496E-03      -11.546E-06  
                4.61129E-03      -11.2955E-06 
                4.62396E-03      -10.8091E-06 
                4.6303E-03       -10.5687E-06 
                4.64297E-03      -10.0864E-06 
                4.65564E-03       -9.59679E-06
                4.66197E-03       -9.34808E-06
                4.67464E-03       -8.84168E-06
                4.68097E-03       -8.58379E-06
                4.69364E-03       -8.05852E-06
                4.70631E-03       -7.52123E-06
                4.71265E-03       -7.24868E-06
                4.72531E-03       -6.6981E-06 
                4.73165E-03       -6.42152E-06
                4.74432E-03       -5.871E-06  
                4.75065E-03       -5.59985E-06
                4.76332E-03       -5.07422E-06
                4.77599E-03       -4.58335E-06
                4.78232E-03       -4.35554E-06
                4.79499E-03       -3.94257E-06
                4.80133E-03       -3.75933E-06
                4.814E-03         -3.44084E-06
                4.82033E-03       -3.30486E-06
                4.833E-03         -3.07467E-06
                4.84567E-03       -2.89089E-06
                4.852E-03         -2.81249E-06
                4.86467E-03       -2.67504E-06
                4.871E-03         -2.61328E-06
                4.88367E-03       -2.49821E-06
                4.89001E-03       -2.44322E-06
                4.90268E-03       -2.33538E-06
                4.91535E-03       -2.22791E-06
                4.92168E-03       -2.17374E-06
                4.93435E-03       -2.06385E-06
                4.94068E-03       -2.008E-06  
                4.95335E-03       -1.89429E-06
                4.96602E-03       -1.77787E-06
                4.97235E-03       -1.71869E-06
                4.98502E-03       -1.59865E-06
                4.99136E-03       -1.53798E-06
                5.00403E-03       -1.41614E-06
                5.01036E-03       -1.35539E-06
                5.02303E-03       -1.23566E-06
                5.0357E-03        -1.12066E-06
                5.04203E-03       -1.06591E-06
                5.0547E-03      -963.803E-09  
                5.06104E-03     -917.099E-09  
                5.07371E-03     -833.514E-09  
                5.08004E-03     -796.826E-09  
                5.09271E-03     -733.477E-09  
                5.10538E-03     -682.307E-09  
                5.11171E-03     -660.623E-09  
                5.12438E-03     -623.457E-09  
                5.13071E-03     -607.326E-09  
                5.14338E-03     -578.478E-09  
                5.15605E-03     -552.551E-09  
                5.16239E-03     -540.204E-09  
                5.17506E-03     -516.072E-09  
                5.18139E-03     -504.101E-09  
                5.19406E-03     -480.057E-09  
                5.20039E-03     -467.91E-09   
                5.21306E-03     -443.25E-09   
                5.22573E-03     -418.031E-09  
                5.23207E-03     -405.203E-09  
                5.24473E-03     -379.129E-09  
                5.25107E-03     -365.905E-09  
                5.26374E-03     -339.184E-09  
                5.27007E-03     -325.751E-09  
                5.28274E-03     -298.968E-09  
                5.29541E-03     -272.697E-09  
                5.30174E-03     -259.936E-09  
                5.31441E-03     -235.57E-09   
                5.32075E-03     -224.127E-09  
                5.33342E-03     -203.071E-09  
                5.34608E-03     -184.778E-09  
                5.35242E-03     -176.724E-09  
                5.36509E-03     -162.755E-09  
                5.37142E-03     -156.772E-09  
                5.38409E-03     -146.544E-09  
                5.39042E-03     -142.17E-09   
                5.40309E-03     -134.565E-09  
                5.41576E-03     -128.06E-09   
                5.4221E-03      -125.081E-09  
                5.43477E-03     -119.452E-09  
                5.4411E-03      -116.735E-09  
                5.45377E-03     -111.38E-09   
                5.4601E-03      -108.709E-09  
                5.47277E-03     -103.328E-09  
                5.48544E-03      -97.8504E-09 
                5.49178E-03      -95.0677E-09 
                5.50444E-03      -89.4098E-09 
                5.51078E-03      -86.536E-09  
                5.52345E-03      -80.7098E-09 
                5.53612E-03      -74.8086E-09 
                5.54245E-03      -71.8468E-09 
                5.55512E-03      -65.9525E-09 
                5.56145E-03      -63.0464E-09 
                5.57412E-03      -57.394E-09  
                5.58046E-03      -54.6814E-09 
                5.59313E-03      -49.5674E-09 
                5.60579E-03      -44.9659E-09 
                5.61213E-03      -42.8851E-09 
                5.6248E-03       -39.1904E-09 
                5.63113E-03      -37.5759E-09 
                5.6438E-03       -34.7844E-09 
                5.65013E-03      -33.5876E-09 
                5.6628E-03       -31.5284E-09 
                5.67547E-03      -29.8205E-09 
                5.68181E-03      -29.0639E-09 
                5.69448E-03      -27.6851E-09 
                5.70081E-03      -27.0427E-09 
                5.71348E-03      -25.8121E-09 
                5.72615E-03      -24.6155E-09 
                5.73248E-03      -24.0199E-09 
                5.74515E-03      -22.8215E-09 
                5.75148E-03      -22.2156E-09 
                5.76415E-03      -20.9862E-09 
                5.77049E-03      -20.362E-09  
                5.78316E-03      -19.0946E-09 
                5.79583E-03      -17.8052E-09 
                5.80216E-03      -17.1548E-09 
                5.81483E-03      -15.8498E-09 
                5.82116E-03      -15.1991E-09 
                5.83383E-03      -13.9147E-09 
                5.84017E-03      -13.2875E-09 
                5.85284E-03      -12.0813E-09 
                5.8655E-03       -10.963E-09  
                5.87184E-03      -10.4447E-09 
                5.88451E-03       -9.50079E-09
                5.89084E-03       -9.07794E-09
                5.90351E-03       -8.33245E-09
                5.91618E-03       -7.71466E-09
                5.92251E-03       -7.44874E-09
                5.93518E-03       -6.9889E-09 
                5.94152E-03       -6.78905E-09
                5.95419E-03       -6.43542E-09
                5.96052E-03       -6.2764E-09 
                5.97319E-03       -5.98211E-09
                5.98586E-03       -5.70733E-09
                5.99219E-03       -5.57382E-09
                6.00486E-03       -5.30937E-09
                6.0112E-03        -5.17691E-09
                6.02386E-03       -4.90948E-09
                6.0302E-03        -4.7742E-09 
                6.04287E-03       -4.49962E-09
                6.05554E-03       -4.21846E-09
                6.06187E-03       -4.07554E-09
                6.07454E-03       -3.78713E-09
                6.08087E-03       -3.64272E-09
                6.09354E-03       -3.35556E-09
                6.10621E-03       -3.07335E-09
                6.11255E-03       -2.93567E-09
                6.12521E-03       -2.67121E-09
                6.13155E-03       -2.54599E-09
                6.14422E-03       -2.31282E-09
                6.15055E-03       -2.20594E-09
                6.16322E-03       -2.01332E-09
                6.17589E-03       -1.84941E-09
                6.18222E-03       -1.7778E-09 
                6.19489E-03       -1.65304E-09
                6.20123E-03       -1.59873E-09
                6.2139E-03        -1.50349E-09
                6.22023E-03       -1.46172E-09
                6.2329E-03        -1.38795E-09
                6.24557E-03       -1.32403E-09
                6.2519E-03        -1.29425E-09
                6.26457E-03       -1.236E-09  
                6.27091E-03       -1.20671E-09
                6.28357E-03       -1.14716E-09
                6.29624E-03       -1.08635E-09
                6.30258E-03       -1.05526E-09
                6.31525E-03     -989.796E-12  
                6.32158E-03     -953.45E-12   
                6.33425E-03     -861.142E-12  
                6.34058E-03     -793.734E-12  
                6.35325E-03     -550.552E-12  
                6.36592E-03       48.7635E-12 
                6.37226E-03      637.747E-12  
                6.38492E-03        3.02896E-09
                6.39126E-03        5.26965E-09
                6.40393E-03       13.6599E-09 
                6.41026E-03       20.9396E-09 
                6.42293E-03       45.8612E-09 
                6.4356E-03        92.8503E-09 
                6.44193E-03      128.694E-09  
                6.4546E-03       235.566E-09  
                6.46094E-03      311.502E-09  
                6.47361E-03      521.872E-09  
                6.48627E-03      828.752E-09  
                6.49261E-03        1.02494E-06
                6.50528E-03        1.51368E-06
                6.51161E-03        1.80934E-06
                6.52428E-03        2.50724E-06
                6.53061E-03        2.90938E-06
                6.54328E-03        3.8157E-06 
                6.55595E-03        4.84652E-06
                6.56229E-03        5.40288E-06
                6.57496E-03        6.58389E-06
                6.58129E-03        7.20282E-06
                6.59396E-03        8.48342E-06
                6.60029E-03        9.13981E-06
                6.61296E-03       10.473E-06  
                6.62563E-03       11.8202E-06 
                6.63197E-03       12.4948E-06 
                6.64463E-03       13.8393E-06 
                6.65097E-03       14.5066E-06 
                6.66364E-03       15.8259E-06 
                6.67631E-03       17.1161E-06 
                6.68264E-03       17.7466E-06 
                6.69531E-03       18.9691E-06 
                6.70164E-03       19.5565E-06 
                6.71431E-03       20.6696E-06 
                6.72065E-03       21.1886E-06 
                6.73332E-03       22.1322E-06 
                6.74598E-03       22.922E-06  
                6.75232E-03       23.2483E-06 
                6.76499E-03       23.7432E-06 
                6.77132E-03       23.9046E-06 
                6.78399E-03       24.041E-06  
                6.79033E-03       24.0127E-06 
                6.80299E-03       23.7604E-06 
                6.81566E-03       23.2536E-06 
                6.822E-03         22.9101E-06 
                6.83467E-03       22.0589E-06 
                6.841E-03         21.5589E-06 
                6.85367E-03       20.4307E-06 
                6.86E-03          19.8109E-06 
                6.87267E-03       18.4796E-06 
                6.88534E-03       17.0493E-06 
                6.89168E-03       16.3046E-06 
                6.90434E-03       14.7687E-06 
                6.91068E-03       13.9819E-06 
                6.92335E-03       12.3807E-06 
                6.93602E-03       10.7559E-06 
                6.94235E-03        9.94032E-06
                6.95502E-03        8.31603E-06
                6.96135E-03        7.51396E-06
                6.97402E-03        5.95039E-06
                6.98036E-03        5.19888E-06
                6.99303E-03        3.78612E-06
                7.00569E-03        2.54022E-06
                7.01203E-03        1.99895E-06
                7.0247E-03         1.11966E-06
                7.03103E-03      797.124E-09  
                7.0437E-03       420.806E-09  
                7.05003E-03      378.118E-09  
                7.0627E-03       601.998E-09  
                7.07537E-03        1.24546E-06
                7.08171E-03        1.72145E-06
                7.09438E-03        2.96322E-06
                7.10071E-03        3.71791E-06
                7.11338E-03        5.46092E-06
                7.12605E-03        7.46501E-06
                7.13238E-03        8.54581E-06
                7.14505E-03       10.8288E-06 
                7.15139E-03       12.018E-06  
                7.16405E-03       14.4632E-06 
                7.17039E-03       15.7097E-06 
                7.18306E-03       18.2309E-06 
                7.19573E-03       20.7693E-06 
                7.20206E-03       22.0391E-06 
                7.21473E-03       24.572E-06  
                7.22106E-03       25.8333E-06 
                7.23373E-03       28.3443E-06 
                7.24007E-03       29.595E-06  
                7.25274E-03       32.0933E-06 
                7.2654E-03        34.6008E-06 
                7.27174E-03       35.8645E-06 
                7.28441E-03       38.4267E-06 
                7.29074E-03       39.7313E-06 
                7.30341E-03       42.4022E-06 
                7.31608E-03       45.1709E-06 
                7.32241E-03       46.5962E-06 
                7.33508E-03       49.5324E-06 
                7.34142E-03       51.0431E-06 
                7.35409E-03       54.1446E-06 
                7.36042E-03       55.7318E-06 
                7.37309E-03       58.9666E-06 
                7.38576E-03       62.2612E-06 
                7.39209E-03       63.9223E-06 
                7.40476E-03       67.2547E-06 
                7.4111E-03        68.9193E-06 
                7.42376E-03       72.2307E-06 
                7.4301E-03        73.8731E-06 
                7.44277E-03       77.124E-06  
                7.45544E-03       80.3276E-06 
                7.46177E-03       81.9129E-06 
                7.47444E-03       85.0574E-06 
                7.48077E-03       86.6203E-06 
                7.49344E-03       89.7368E-06 
                7.50611E-03       92.8527E-06 
                7.51245E-03       94.4137E-06 
                7.52511E-03       97.5449E-06 
                7.53145E-03       99.1148E-06 
                7.54412E-03      102.26E-06   
                7.55045E-03      103.834E-06  
                7.56312E-03      106.973E-06  
                7.57579E-03      110.092E-06  
                7.58212E-03      111.638E-06  
                7.59479E-03      114.694E-06  
                7.60113E-03      116.199E-06  
                7.6138E-03       119.15E-06   
                7.62013E-03      120.592E-06  
                7.6328E-03       123.394E-06  
                7.64547E-03      126.071E-06  
                7.6518E-03       127.357E-06  
                7.66447E-03      129.81E-06   
                7.67081E-03      130.973E-06  
                7.68347E-03      133.157E-06  
                7.69614E-03      135.136E-06  
                7.70248E-03      136.04E-06   
                7.71515E-03      137.659E-06  
                7.72148E-03      138.366E-06  
                7.73415E-03      139.552E-06  
                7.74048E-03      140.021E-06  
                7.75315E-03      140.687E-06  
                7.76582E-03      140.963E-06  
                7.77216E-03      140.946E-06  
                7.78482E-03      140.588E-06  
                7.79116E-03      140.245E-06  
                7.80383E-03      139.23E-06   
                7.81016E-03      138.562E-06  
                7.82283E-03      136.916E-06  
                7.8355E-03       134.88E-06   
                7.84183E-03      133.726E-06  
                7.8545E-03       131.171E-06  
                7.86083E-03      129.778E-06  
                7.8735E-03       126.783E-06  
                7.88617E-03      123.537E-06  
                7.8925E-03       121.828E-06  
                7.90517E-03      118.253E-06  
                7.91151E-03      116.393E-06  
                7.92417E-03      112.537E-06  
                7.93051E-03      110.545E-06  
                7.94317E-03      106.446E-06  
                7.95584E-03      102.211E-06  
                7.96218E-03      100.051E-06  
                7.97484E-03       95.6662E-06 
                7.98118E-03       93.453E-06  
                7.99385E-03       89.0173E-06 
                8.00018E-03       86.8097E-06 
                8.01285E-03       82.4564E-06 
                8.02552E-03       78.243E-06  
                8.03185E-03       76.2098E-06 
                8.04452E-03       72.3271E-06 
                8.05085E-03       70.4896E-06 
                8.06352E-03       67.0427E-06 
                8.07619E-03       63.9102E-06 
                8.08252E-03       62.4603E-06 
                8.09519E-03       59.778E-06  
                8.10152E-03       58.5362E-06 
                8.11419E-03       56.2225E-06 
                8.12052E-03       55.1374E-06 
                8.13319E-03       53.0772E-06 
                8.14586E-03       51.1213E-06 
                8.15219E-03       50.1679E-06 
                8.16486E-03       48.2856E-06 
                8.1712E-03        47.3486E-06 
                8.18386E-03       45.4672E-06 
                8.1902E-03        44.5182E-06 
                8.20287E-03       42.5959E-06 
                8.21553E-03       40.6367E-06 
                8.22187E-03       39.6432E-06 
                8.23454E-03       37.6325E-06 
                8.24087E-03       36.6181E-06 
                8.25354E-03       34.5819E-06 
                8.2662E-03        32.5542E-06 
                8.27254E-03       31.5519E-06 
                8.28521E-03       29.5886E-06 
                8.29154E-03       28.6355E-06 
                8.30421E-03       26.805E-06  
                8.31054E-03       25.9346E-06 
                8.32321E-03       24.2972E-06 
                8.33588E-03       22.8106E-06 
                8.34221E-03       22.1261E-06 
                8.35488E-03       20.8738E-06 
                8.36121E-03       20.3036E-06 
                8.37388E-03       19.2657E-06 
                8.38022E-03       18.7929E-06 
                8.39288E-03       17.9251E-06 
                8.40555E-03       17.1408E-06 
                8.41189E-03       16.7725E-06 
                8.42455E-03       16.0697E-06 
                8.43089E-03       15.7304E-06 
                8.44355E-03       15.0659E-06 
                8.45622E-03       14.4097E-06 
                8.46256E-03       14.0816E-06 
                8.47522E-03       13.4218E-06 
                8.48156E-03       13.0891E-06 
                8.49423E-03       12.4171E-06 
                8.50056E-03       12.0782E-06 
                8.51323E-03       11.3959E-06 
                8.5259E-03        10.7122E-06 
                8.53223E-03       10.372E-06  
                8.5449E-03         9.69992E-06
                8.55123E-03        9.37052E-06
                8.5639E-03         8.7312E-06 
                8.57023E-03        8.42374E-06
                8.5829E-03         7.83898E-06
                8.59557E-03        7.30061E-06
                8.6019E-03         7.05052E-06
                8.61457E-03        6.59018E-06
                8.6209E-03         6.37995E-06
                8.63357E-03        5.99796E-06
                8.64624E-03        5.66328E-06
                8.65257E-03        5.5117E-06 
                8.66524E-03        5.23533E-06
                8.67158E-03        5.10854E-06
                8.68424E-03        4.87278E-06
                8.69058E-03        4.76195E-06
                8.70325E-03        4.55024E-06
                8.71591E-03        4.34706E-06
                8.72225E-03        4.24724E-06
                8.73492E-03        4.04898E-06
                8.74125E-03        3.94992E-06
                8.75392E-03        3.75096E-06
                8.76025E-03        3.65084E-06
                8.77292E-03        3.4493E-06 
                8.78559E-03        3.24656E-06
                8.79192E-03        3.14514E-06
                8.80459E-03        2.94338E-06
                8.81092E-03        2.84363E-06
                8.82359E-03        2.64807E-06
                8.83626E-03        2.46013E-06
                8.84259E-03        2.3699E-06 
                8.85526E-03        2.19853E-06
                8.86159E-03        2.11794E-06
                8.87426E-03        1.96794E-06
                8.8806E-03         1.89877E-06
                8.89326E-03        1.77224E-06
                8.90593E-03        1.66096E-06
                8.91227E-03        1.61066E-06
                8.92493E-03        1.51967E-06
                8.93127E-03        1.47844E-06
                8.94394E-03        1.40309E-06
                8.95027E-03        1.3684E-06 
                8.96294E-03        1.3036E-06 
                8.97561E-03        1.24325E-06
                8.98194E-03        1.21421E-06
                8.99461E-03        1.15749E-06
                9.00094E-03        1.12954E-06
                9.01361E-03        1.07394E-06
                9.02628E-03        1.0183E-06 
                9.03261E-03      990.372E-09  
                9.04528E-03      934.267E-09  
                9.05161E-03      906.127E-09  
                9.06428E-03      849.869E-09  
                9.07061E-03      821.871E-09  
                9.08328E-03      766.514E-09  
                9.09595E-03      712.59E-09   
                9.10228E-03      686.4E-09    
                9.11495E-03      636.045E-09  
                9.12128E-03      612.058E-09  
                9.13395E-03      566.848E-09  
                9.14029E-03      545.744E-09  
                9.15295E-03      506.723E-09  
                9.16562E-03      472.022E-09  
                9.17196E-03      456.259E-09  
                9.18462E-03      427.721E-09  
                9.19096E-03      414.837E-09  
                9.20363E-03      391.497E-09  
                9.21629E-03      370.888E-09  
                9.22263E-03      361.414E-09  
                9.2353E-03       343.751E-09  
                9.24163E-03      335.426E-09  
                9.2543E-03       319.486E-09  
                9.26063E-03      311.771E-09  
                9.2733E-03       296.645E-09  
                9.28597E-03      281.716E-09  
                9.2923E-03       274.27E-09   
                9.30497E-03      259.352E-09  
                9.3113E-03       251.874E-09  
                9.32397E-03      236.892E-09  
                9.3303E-03       229.405E-09  
                9.34297E-03      214.508E-09  
                9.35564E-03      199.838E-09  
                9.36197E-03      192.643E-09  
                9.37464E-03      178.656E-09  
                9.38098E-03      171.912E-09  
                9.39364E-03      159.042E-09  
                9.40631E-03      147.129E-09  
                9.41265E-03      141.571E-09  
                9.42531E-03      131.294E-09  
                9.43165E-03      126.58E-09   
                9.44431E-03      117.989E-09  
                9.45065E-03      114.096E-09  
                9.46332E-03      107.053E-09  
                9.47598E-03      100.89E-09   
                9.48232E-03       98.0904E-09 
                9.49499E-03       92.9502E-09 
                9.50132E-03       90.5714E-09 
                9.51399E-03       86.1073E-09 
                9.52032E-03       83.9904E-09 
                9.53299E-03       79.9154E-09 
                9.54566E-03       75.976E-09  
                9.55199E-03       74.0375E-09 
                9.56466E-03       70.2078E-09 
                9.57099E-03       68.3203E-09 
                9.58366E-03       64.6387E-09 
                9.59633E-03       61.1998E-09 
                9.60266E-03       59.6487E-09 
                9.61533E-03       57.1518E-09 
                9.62167E-03       56.369E-09  
                9.63433E-03       56.3332E-09 
                9.64067E-03       57.4182E-09 
                9.65333E-03       62.9555E-09 
                9.666E-03         75.1312E-09 
                9.67234E-03       84.7376E-09 
                9.685E-03        113.617E-09  
                9.69134E-03      134.142E-09  
                9.70401E-03      190.954E-09  
                9.71034E-03      228.833E-09  
                9.72301E-03      327.755E-09  
                9.73568E-03      463.27E-09   
                9.74201E-03      546.8E-09    
                9.75468E-03      749.014E-09  
                9.76101E-03      868.875E-09  
                9.77368E-03        1.14818E-06
                9.78001E-03        1.30806E-06
                9.79268E-03        1.66825E-06
                9.80535E-03        2.08064E-06
                9.81168E-03        2.30526E-06
                9.82435E-03        2.78807E-06
                9.83068E-03        3.04467E-06
                9.84335E-03        3.5838E-06 
                9.85602E-03        4.1512E-06 
                9.86235E-03        4.44306E-06
                9.87502E-03        5.03835E-06
                9.88136E-03        5.33987E-06
                9.89402E-03        5.94604E-06
                9.90036E-03        6.24884E-06
                9.91303E-03        6.84906E-06
                9.92569E-03        7.43531E-06
                9.93203E-03        7.72039E-06
                9.94466E-03        8.26669E-06
                9.95094E-03        8.52389E-06
                9.96339E-03        8.99921E-06
                9.97572E-03        9.41222E-06
                9.98183E-03        9.59138E-06
                9.99397E-03        9.88707E-06
               10.E-03            10.0006E-06 




