
                  X               _temp_1     

                0.                 0.         
               10.0586E-06         2.6808E-06 
               20.0918E-06         5.31949E-06
               30.1251E-06         7.97458E-06
               40.1583E-06        10.6448E-06 
               50.1916E-06        13.3114E-06 
               60.2248E-06        15.9101E-06 
               70.2581E-06        18.5102E-06 
               80.2913E-06        21.1112E-06 
               90.3246E-06        23.7118E-06 
              100.358E-06         26.3076E-06 
              110.391E-06         28.7781E-06 
              120.424E-06         31.2499E-06 
              130.458E-06         33.7211E-06 
              140.491E-06         36.1918E-06 
              150.524E-06         38.6533E-06 
              160.557E-06         40.9328E-06 
              170.591E-06         43.2139E-06 
              180.624E-06         45.4944E-06 
              190.657E-06         47.7742E-06 
              200.69E-06          50.0384E-06 
              210.724E-06         52.0707E-06 
              220.757E-06         54.1047E-06 
              230.79E-06          56.1381E-06 
              240.823E-06         58.1708E-06 
              250.857E-06         60.1802E-06 
              260.89E-06          61.9159E-06 
              270.923E-06         63.6533E-06 
              280.956E-06         65.3902E-06 
              290.99E-06          67.1265E-06 
              301.023E-06         68.8308E-06 
              311.056E-06         70.2273E-06 
              321.089E-06         71.6253E-06 
              331.123E-06         73.023E-06  
              341.156E-06         74.4202E-06 
              351.189E-06         75.7766E-06 
              361.222E-06         76.7998E-06 
              371.256E-06         77.8242E-06 
              381.289E-06         78.8488E-06 
              391.322E-06         79.8729E-06 
              401.355E-06         80.8469E-06 
              411.389E-06         81.4695E-06 
              421.422E-06         82.093E-06  
              431.455E-06         82.7171E-06 
              441.488E-06         83.3408E-06 
              451.522E-06         83.9064E-06 
              461.555E-06         84.1149E-06 
              471.588E-06         84.3238E-06 
              481.621E-06         84.5336E-06 
              491.655E-06         84.7434E-06 
              501.688E-06         84.8878E-06 
              511.721E-06         84.6771E-06 
              521.754E-06         84.4663E-06 
              531.787E-06         84.2567E-06 
              541.82E-06          84.0474E-06 
              551.854E-06         83.7673E-06 
              561.887E-06         83.1424E-06 
              571.92E-06          82.517E-06  
              581.953E-06         81.8933E-06 
              591.986E-06         81.27E-06   
              602.019E-06         80.572E-06  
              612.052E-06         79.5467E-06 
              622.086E-06         78.5204E-06 
              632.119E-06         77.4961E-06 
              642.152E-06         76.4725E-06 
              652.185E-06         75.3734E-06 
              662.218E-06         73.975E-06  
              672.251E-06         72.5753E-06 
              682.284E-06         71.1777E-06 
              692.318E-06         69.781E-06  
              702.351E-06         68.3104E-06 
              712.384E-06         66.573E-06  
              722.417E-06         64.8339E-06 
              732.45E-06          63.0972E-06 
              742.483E-06         61.3614E-06 
              750.008E-06         60.0586E-06 
              760.041E-06         58.0251E-06 
              770.074E-06         55.9951E-06 
              780.107E-06         53.9632E-06 
              790.141E-06         51.9297E-06 
              800.174E-06         49.8926E-06 
              810.207E-06         47.6121E-06 
              820.24E-06          45.3343E-06 
              830.273E-06         43.055E-06  
              840.306E-06         40.7746E-06 
              850.339E-06         38.4885E-06 
              860.373E-06         36.0173E-06 
              870.406E-06         33.5478E-06 
              880.439E-06         31.0775E-06 
              890.472E-06         28.6064E-06 
              900.505E-06         26.1295E-06 
              910.538E-06         23.5289E-06 
              920.571E-06         20.9293E-06 
              930.604E-06         18.3293E-06 
              940.638E-06         15.7288E-06 
              950.671E-06         13.1244E-06 
              960.704E-06         10.4592E-06 
              970.737E-06          7.79446E-06
              980.77E-06           5.12947E-06
              990.803E-06          2.46434E-06
                1.00084E-03        4.31544E-09
                1.01087E-03       11.648E-09  
                1.0209E-03         2.75688E-09
                1.03094E-03       -2.15243E-09
                1.04097E-03     -688.886E-12  
                1.051E-03        629.658E-12  
                1.06104E-03      179.427E-12  
                1.07107E-03     -209.61E-12   
                1.0811E-03       -69.6435E-12 
                1.09113E-03       41.4739E-12 
                1.10117E-03       -7.2593E-12 
                1.1112E-03       -14.5046E-12 
                1.12123E-03     -500.558E-15  
                1.13127E-03       25.2051E-12 
                1.1413E-03         3.5132E-12 
                1.15133E-03       -1.51404E-12
                1.16137E-03        9.29409E-12
                1.1714E-03        -5.03327E-12
                1.18143E-03      -10.7209E-12 
                1.19147E-03       -4.44908E-12
                1.2015E-03         2.7288E-12 
                1.21153E-03        3.75029E-12
                1.22157E-03       -2.38404E-12
                1.2316E-03        -5.97756E-12
                1.24163E-03        1.42819E-12
                1.25166E-03        5.57974E-12
                1.2617E-03         1.81027E-12
                1.27173E-03       11.9113E-12 
                1.28176E-03        8.49424E-12
                1.2918E-03         4.33728E-12
                1.30183E-03       16.8828E-12 
                1.31186E-03       12.4905E-12 
                1.3219E-03         8.40146E-12
                1.33193E-03       10.4753E-12 
                1.34196E-03       14.066E-12  
                1.352E-03         16.9579E-12 
                1.36203E-03        6.46849E-12
                1.37206E-03      879.655E-15  
                1.3821E-03      -236.944E-15  
                1.39213E-03       -7.80044E-12
                1.40216E-03      -15.232E-12  
                1.4122E-03        -7.77554E-12
                1.42223E-03       -1.03978E-12
                1.43226E-03       -8.01755E-12
                1.44229E-03      -13.2992E-12 
                1.45233E-03      -17.2757E-12 
                1.46236E-03      -13.6476E-12 
                1.47239E-03     -380.358E-15  
                1.48243E-03        2.20361E-12
                1.49246E-03       -3.99861E-12
                1.50249E-03        3.11047E-12
                1.51002E-03        2.57547E-12
                1.52005E-03        3.52389E-12
                1.53008E-03       17.6813E-12 
                1.54012E-03       19.4263E-12 
                1.55015E-03        2.50723E-12
                1.56018E-03      -19.5928E-12 
                1.57022E-03      -26.2715E-12 
                1.58025E-03      -11.6411E-12 
                1.59028E-03      452.75E-15   
                1.60032E-03       -2.62378E-12
                1.61035E-03       -2.43517E-12
                1.62038E-03       -4.71117E-12
                1.63042E-03       -4.02043E-12
                1.64045E-03       -5.23813E-12
                1.65048E-03      -11.0111E-12 
                1.66052E-03      -11.3327E-12 
                1.67055E-03       -3.80812E-12
                1.68058E-03     -580.625E-15  
                1.69061E-03       -2.06061E-12
                1.70065E-03        3.82305E-12
                1.71068E-03        2.52317E-12
                1.72071E-03     -362.549E-15  
                1.73075E-03     -413.204E-15  
                1.74078E-03       -6.46441E-12
                1.75081E-03       -4.99977E-12
                1.76085E-03       -1.86304E-12
                1.77088E-03        2.40799E-12
                1.78091E-03        5.84081E-12
                1.79095E-03        6.90346E-12
                1.80098E-03       10.0782E-12 
                1.81101E-03       16.7811E-12 
                1.82105E-03       18.6856E-12 
                1.83108E-03       16.1981E-12 
                1.84111E-03        4.40499E-12
                1.85114E-03       -4.50838E-12
                1.86118E-03       -1.77897E-12
                1.87121E-03        2.54847E-12
                1.88124E-03        1.19903E-12
                1.89128E-03       -4.82553E-12
                1.90131E-03      -10.1383E-12 
                1.91134E-03      -10.8717E-12 
                1.92138E-03       -7.23814E-12
                1.93141E-03       -4.08616E-12
                1.94144E-03       -6.42314E-12
                1.95148E-03      -10.4249E-12 
                1.96151E-03       -8.40288E-12
                1.97154E-03       -3.93669E-12
                1.98158E-03       -4.24571E-12
                1.99161E-03       -6.48201E-12
                2.00164E-03       -8.56502E-12
                2.01168E-03      -10.0226E-12 
                2.02171E-03       -7.41622E-12
                2.03174E-03       -2.02708E-12
                2.04177E-03      626.077E-15  
                2.05181E-03      387.405E-15  
                2.06184E-03        1.6275E-12 
                2.07187E-03        2.62408E-12
                2.08191E-03        5.16647E-12
                2.09194E-03        7.0405E-12 
                2.10197E-03        3.14217E-12
                2.11201E-03       -9.70993E-12
                2.12204E-03      -22.9311E-12 
                2.13207E-03      -23.3652E-12 
                2.14211E-03      -14.6737E-12 
                2.15214E-03       -5.15284E-12
                2.16217E-03        5.27111E-12
                2.17221E-03       11.788E-12  
                2.18224E-03        4.62207E-12
                2.19227E-03       -8.43537E-12
                2.2023E-03       -15.5357E-12 
                2.21234E-03      -13.8959E-12 
                2.22237E-03       -8.27683E-12
                2.2324E-03        -1.84618E-12
                2.24244E-03        3.2385E-12 
                2.25247E-03        2.81204E-12
                2.2625E-03        -1.32114E-12
                2.27003E-03       -3.13687E-12
                2.28006E-03     -582.838E-15  
                2.29009E-03        2.37466E-12
                2.30013E-03       48.6837E-15 
                2.31016E-03       -4.10491E-12
                2.32019E-03       -3.75714E-12
                2.33023E-03      712.987E-15  
                2.34026E-03        3.3238E-12 
                2.35029E-03        2.387E-12  
                2.36033E-03       -1.47153E-12
                2.37036E-03       -5.75858E-12
                2.38039E-03       -7.93857E-12
                2.39043E-03      -10.1107E-12 
                2.40046E-03      -12.5311E-12 
                2.41049E-03      -13.1589E-12 
                2.42053E-03      -13.3606E-12 
                2.43056E-03      -13.4924E-12 
                2.44059E-03      -11.5194E-12 
                2.45062E-03       -8.50799E-12
                2.46066E-03       -6.89053E-12
                2.47069E-03       -7.33034E-12
                2.48072E-03       -6.32578E-12
                2.49076E-03       -3.50701E-12
                2.50079E-03       -5.74219E-12
                2.51082E-03      -12.9285E-12 
                2.52086E-03      -18.3171E-12 
                2.53089E-03      -17.2876E-12 
                2.54092E-03      -11.3794E-12 
                2.55096E-03       -4.87651E-12
                2.56099E-03       -2.52447E-12
                2.57102E-03       -7.33856E-12
                2.58106E-03      -14.4681E-12 
                2.59109E-03      -16.9843E-12 
                2.60112E-03      -13.1133E-12 
                2.61116E-03       -5.91884E-12
                2.62119E-03       -3.59234E-12
                2.63122E-03       -6.94317E-12
                2.64125E-03       -8.91573E-12
                2.65129E-03       -5.63552E-12
                2.66132E-03        2.53227E-12
                2.67135E-03        8.46443E-12
                2.68139E-03        4.53205E-12
                2.69142E-03       -3.77229E-12
                2.70145E-03       -5.46918E-12
                2.71149E-03      522.861E-15  
                2.72152E-03        7.45935E-12
                2.73155E-03        9.81775E-12
                2.74159E-03        7.34119E-12
                2.75162E-03        3.67582E-12
                2.76165E-03        1.32347E-12
                2.77169E-03      -28.1432E-15 
                2.78172E-03       -1.10505E-12
                2.79175E-03       -2.19052E-12
                2.80178E-03       -1.60621E-12
                2.81182E-03        1.3096E-12 
                2.82185E-03        2.75921E-12
                2.83188E-03        1.03851E-12
                2.84192E-03       -3.12295E-12
                2.85195E-03       -7.85345E-12
                2.86198E-03       -9.88524E-12
                2.87202E-03      -10.4509E-12 
                2.88205E-03      -11.8298E-12 
                2.89208E-03      -12.282E-12  
                2.90212E-03      -11.7161E-12 
                2.91215E-03      -12.9561E-12 
                2.92218E-03      -15.3194E-12 
                2.93222E-03      -13.687E-12  
                2.94225E-03       -5.68856E-12
                2.95228E-03      485.648E-15  
                2.96232E-03       -1.97377E-12
                2.97235E-03       -6.24856E-12
                2.98238E-03       -5.34589E-12
                2.99241E-03       -2.17401E-12
                3.00245E-03     -941.587E-15  
                3.01248E-03       -1.56364E-12
                3.02001E-03       -2.62403E-12
                3.03004E-03       -4.83062E-12
                3.04007E-03       -7.16658E-12
                3.0501E-03        -6.93968E-12
                3.06014E-03       -2.97817E-12
                3.07017E-03       86.9338E-15 
                3.0802E-03        -2.46633E-12
                3.09024E-03       -7.22644E-12
                3.10027E-03       -8.16312E-12
                3.1103E-03        -5.17115E-12
                3.12034E-03       -2.4499E-12 
                3.13037E-03       -3.7665E-12 
                3.1404E-03        -7.72009E-12
                3.15044E-03       -9.10336E-12
                3.16047E-03       -6.86159E-12
                3.1705E-03        -3.74644E-12
                3.18054E-03       -1.57043E-12
                3.19057E-03       -1.39341E-12
                3.2006E-03        -1.73596E-12
                3.21064E-03        2.00833E-12
                3.22067E-03        8.96969E-12
                3.2307E-03        11.9158E-12 
                3.24073E-03        9.47276E-12
                3.25077E-03        7.7213E-12 
                3.2608E-03         9.42786E-12
                3.27083E-03       14.9837E-12 
                3.28087E-03       60.2216E-12 
                3.2909E-03       444.532E-12  
                3.30093E-03        2.90402E-09
                3.31097E-03       15.0867E-09 
                3.321E-03         62.8658E-09 
                3.33103E-03      213.741E-09  
                3.34107E-03      603.455E-09  
                3.3511E-03         1.4403E-06 
                3.36113E-03        2.96007E-06
                3.37117E-03        5.33817E-06
                3.3812E-03         8.61088E-06
                3.39123E-03       12.6615E-06 
                3.40126E-03       17.278E-06  
                3.4113E-03        22.238E-06  
                3.42133E-03       27.3676E-06 
                3.43136E-03       32.5585E-06 
                3.4414E-03        37.7533E-06 
                3.45143E-03       42.924E-06  
                3.46146E-03       48.0554E-06 
                3.4715E-03        53.1384E-06 
                3.48153E-03       58.1683E-06 
                3.49156E-03       63.1418E-06 
                3.5016E-03        68.0542E-06 
                3.51163E-03       72.8988E-06 
                3.52166E-03       77.6686E-06 
                3.5317E-03        82.36E-06   
                3.54173E-03       86.971E-06  
                3.55176E-03       91.4977E-06 
                3.56179E-03       95.9332E-06 
                3.57183E-03      100.271E-06  
                3.58186E-03      104.507E-06  
                3.59189E-03      108.641E-06  
                3.60193E-03      112.67E-06   
                3.61196E-03      116.586E-06  
                3.62199E-03      120.384E-06  
                3.63203E-03      124.061E-06  
                3.64206E-03      127.616E-06  
                3.65209E-03      131.048E-06  
                3.66213E-03      134.35E-06   
                3.67216E-03      137.515E-06  
                3.68219E-03      140.542E-06  
                3.69223E-03      143.431E-06  
                3.70226E-03      146.181E-06  
                3.71229E-03      148.787E-06  
                3.72233E-03      151.242E-06  
                3.73236E-03      153.543E-06  
                3.74239E-03      155.695E-06  
                3.75242E-03      157.695E-06  
                3.76246E-03      159.539E-06  
                3.77249E-03      161.221E-06  
                3.78002E-03      162.374E-06  
                3.79005E-03      163.772E-06  
                3.80008E-03      165.011E-06  
                3.81012E-03      166.088E-06  
                3.82015E-03      166.996E-06  
                3.83018E-03      167.736E-06  
                3.84021E-03      168.309E-06  
                3.85025E-03      168.719E-06  
                3.86028E-03      168.964E-06  
                3.87031E-03      169.038E-06  
                3.88035E-03      168.941E-06  
                3.89038E-03      168.677E-06  
                3.90041E-03      168.249E-06  
                3.91045E-03      167.656E-06  
                3.92048E-03      166.894E-06  
                3.93052E-03      165.963E-06  
                3.94055E-03      164.867E-06  
                3.95058E-03      163.611E-06  
                3.96062E-03      162.195E-06  
                3.97065E-03      160.614E-06  
                3.98069E-03      158.869E-06  
                3.99072E-03      156.967E-06  
                4.00075E-03      154.912E-06  
                4.01079E-03      152.706E-06  
                4.02082E-03      150.345E-06  
                4.03086E-03      147.832E-06  
                4.04089E-03      145.172E-06  
                4.05092E-03      142.372E-06  
                4.06096E-03      139.433E-06  
                4.07099E-03      136.353E-06  
                4.08103E-03      133.134E-06  
                4.09106E-03      129.784E-06  
                4.10109E-03      126.308E-06  
                4.11113E-03      122.708E-06  
                4.12116E-03      118.984E-06  
                4.1312E-03       115.14E-06   
                4.14123E-03      111.181E-06  
                4.15126E-03      107.114E-06  
                4.1613E-03       102.943E-06  
                4.17133E-03       98.6672E-06 
                4.18137E-03       94.2911E-06 
                4.1914E-03        89.8212E-06 
                4.20144E-03       85.264E-06  
                4.21147E-03       80.6234E-06 
                4.2215E-03        75.9014E-06 
                4.23154E-03       71.1019E-06 
                4.24157E-03       66.2315E-06 
                4.25161E-03       61.2968E-06 
                4.26164E-03       56.3024E-06 
                4.27167E-03       51.2516E-06 
                4.28171E-03       46.1485E-06 
                4.29174E-03       40.9996E-06 
                4.30178E-03       35.8136E-06 
                4.31181E-03       30.6043E-06 
                4.32184E-03       25.4043E-06 
                4.33188E-03       20.2903E-06 
                4.34191E-03       15.4095E-06 
                4.35195E-03       10.981E-06  
                4.36198E-03        7.2442E-06 
                4.37201E-03        4.36996E-06
                4.38205E-03        2.38581E-06
                4.39208E-03        1.16967E-06
                4.40212E-03      512.145E-09  
                4.41215E-03      199.614E-09  
                4.42218E-03       69.137E-09  
                4.43222E-03       21.2813E-09 
                4.44225E-03        5.83102E-09
                4.45229E-03        1.4401E-09 
                4.46232E-03      325.391E-12  
                4.47235E-03       49.0289E-12 
                4.48239E-03        3.61751E-12
                4.49242E-03     -627.812E-15  
                4.50246E-03       -2.9411E-12 
                4.51249E-03       25.3852E-12 
                4.52002E-03       33.1057E-12 
                4.53005E-03       31.3816E-12 
                4.54008E-03        5.52877E-12
                4.55012E-03       -1.6511E-12 
                4.56015E-03       13.081E-12  
                4.57019E-03       18.9911E-12 
                4.58022E-03        5.45227E-12
                4.59026E-03       -8.57537E-12
                4.60029E-03        1.28146E-12
                4.61032E-03       11.0892E-12 
                4.62036E-03       12.5205E-12 
                4.63039E-03        2.97964E-12
                4.64043E-03       -4.48343E-12
                4.65046E-03     -586.345E-15  
                4.66049E-03        8.15336E-12
                4.67053E-03        3.17776E-12
                4.68056E-03        8.17371E-12
                4.6906E-03        25.2813E-12 
                4.70063E-03       21.4734E-12 
                4.71066E-03       10.9889E-12 
                4.7207E-03         7.51636E-12
                4.73073E-03       20.5808E-12 
                4.74077E-03       12.4018E-12 
                4.7508E-03         4.16945E-12
                4.76083E-03       10.5807E-12 
                4.77087E-03       11.1539E-12 
                4.7809E-03         5.52291E-12
                4.79094E-03        3.55987E-12
                4.80097E-03      105.3E-15    
                4.811E-03         -3.68181E-12
                4.82104E-03       -4.18311E-12
                4.83107E-03       -1.41765E-12
                4.84111E-03       -3.59461E-12
                4.85114E-03       -2.42821E-12
                4.86118E-03       13.7313E-12 
                4.87121E-03       13.6758E-12 
                4.88124E-03        8.94533E-12
                4.89128E-03       24.7486E-12 
                4.90131E-03       16.4814E-12 
                4.91135E-03     -697.009E-15  
                4.92138E-03      347.049E-15  
                4.93141E-03        2.37154E-12
                4.94145E-03       -2.81951E-12
                4.95148E-03       -3.39401E-12
                4.96152E-03      145.045E-15  
                4.97155E-03       -5.82896E-12
                4.98158E-03       -5.56994E-12
                4.99162E-03       -3.981E-12  
                5.00165E-03      -10.8402E-12 
                5.01169E-03      -13.4426E-12 
                5.02172E-03      -14.6253E-12 
                5.03175E-03       -9.0362E-12 
                5.04179E-03       -2.28784E-12
                5.05182E-03      551.08E-15   
                5.06186E-03        8.03855E-12
                5.07189E-03       21.2741E-12 
                5.08192E-03       30.2733E-12 
                5.09196E-03       18.3389E-12 
                5.10199E-03       -2.50121E-12
                5.11203E-03      -18.2794E-12 
                5.12206E-03      -22.8453E-12 
                5.13209E-03      -12.0206E-12 
                5.14213E-03        4.64066E-12
                5.15216E-03       17.3543E-12 
                5.1622E-03        21.1157E-12 
                5.17223E-03       17.7082E-12 
                5.18227E-03       16.9236E-12 
                5.1923E-03        19.3116E-12 
                5.20233E-03       21.576E-12  
                5.21237E-03       20.9126E-12 
                5.2224E-03        21.0545E-12 
                5.23244E-03       24.0909E-12 
                5.24247E-03       18.1807E-12 
                5.2525E-03         6.16258E-12
                5.26003E-03       -1.09018E-12
                5.27006E-03       -9.31226E-12
                5.2801E-03       -11.4367E-12 
                5.29013E-03       -7.14162E-12
                5.30017E-03     -433.613E-15  
                5.3102E-03         4.09115E-12
                5.32023E-03      266.962E-15  
                5.33027E-03       -6.11416E-12
                5.3403E-03        -7.73751E-12
                5.35034E-03      -10.3651E-12 
                5.36037E-03      -17.1923E-12 
                5.3704E-03       -20.1064E-12 
                5.38044E-03      -21.975E-12  
                5.39047E-03      -19.1514E-12 
                5.40051E-03      -13.0449E-12 
                5.41054E-03      -14.6909E-12 
                5.42057E-03      -13.5382E-12 
                5.43061E-03       -4.9833E-12 
                5.44064E-03        2.30351E-12
                5.45068E-03       10.7419E-12 
                5.46071E-03       14.9318E-12 
                5.47074E-03       11.2443E-12 
                5.48078E-03        6.92638E-12
                5.49081E-03        1.31677E-12
                5.50085E-03       -4.72903E-12
                5.51088E-03       -4.65961E-12
                5.52092E-03       -3.1575E-12 
                5.53095E-03       -7.94629E-12
                5.54098E-03      -12.2977E-12 
                5.55102E-03       -9.41872E-12
                5.56105E-03       -7.35398E-12
                5.57109E-03       -9.79511E-12
                5.58112E-03       -9.02369E-12
                5.59115E-03       -5.69276E-12
                5.60119E-03       -8.62731E-12
                5.61122E-03      -15.0606E-12 
                5.62126E-03      -13.8048E-12 
                5.63129E-03       -4.98709E-12
                5.64132E-03        1.59229E-12
                5.65136E-03      991.962E-15  
                5.66139E-03       -4.53987E-12
                5.67143E-03      -11.852E-12  
                5.68146E-03      -15.8352E-12 
                5.69149E-03       -9.2841E-12 
                5.70153E-03        5.11812E-12
                5.71156E-03       12.5952E-12 
                5.7216E-03         4.76373E-12
                5.73163E-03       -7.23612E-12
                5.74166E-03      -12.5157E-12 
                5.7517E-03       -14.5914E-12 
                5.76173E-03      -16.5641E-12 
                5.77177E-03      -14.8379E-12 
                5.7818E-03       -12.878E-12  
                5.79183E-03      -18.4471E-12 
                5.80187E-03      -26.5887E-12 
                5.8119E-03       -29.1422E-12 
                5.82194E-03      -28.0752E-12 
                5.83197E-03      -26.3761E-12 
                5.84201E-03      -24.4818E-12 
                5.85204E-03      -22.9437E-12 
                5.86207E-03      -22.8108E-12 
                5.87211E-03      -24.8056E-12 
                5.88214E-03      -25.444E-12  
                5.89218E-03      -24.4556E-12 
                5.90221E-03      -23.0501E-12 
                5.91224E-03      -17.7975E-12 
                5.92228E-03      -11.6606E-12 
                5.93231E-03       -9.12796E-12
                5.94235E-03       -6.19744E-12
                5.95238E-03       -1.25332E-12
                5.96241E-03       -1.71453E-12
                5.97245E-03       -7.37937E-12
                5.98248E-03       -7.83239E-12
                5.99001E-03       -3.04221E-12
                6.00004E-03        2.00404E-12
                6.01008E-03     -579.92E-15   
                6.02011E-03       -4.76795E-12
                6.03014E-03       -4.60204E-12
                6.04018E-03       -1.80853E-12
                6.05021E-03     -908.905E-15  
                6.06025E-03       -4.92816E-12
                6.07028E-03      -11.8992E-12 
                6.08031E-03      -15.7423E-12 
                6.09035E-03      -13.4892E-12 
                6.10038E-03       -8.26159E-12
                6.11042E-03       -3.98322E-12
                6.12045E-03       -3.3397E-12 
                6.13049E-03       -6.80174E-12
                6.14052E-03      -11.6376E-12 
                6.15055E-03      -13.2911E-12 
                6.16059E-03      -12.3064E-12 
                6.17062E-03      -13.1875E-12 
                6.18066E-03      -14.3656E-12 
                6.19069E-03      -12.3729E-12 
                6.20072E-03      -10.1176E-12 
                6.21076E-03      -11.2122E-12 
                6.22079E-03      -14.5449E-12 
                6.23083E-03      -17.7558E-12 
                6.24086E-03      -20.6929E-12 
                6.25089E-03      -24.015E-12  
                6.26093E-03      -25.1437E-12 
                6.27096E-03      -23.552E-12  
                6.281E-03        -23.6215E-12 
                6.29103E-03      -26.8098E-12 
                6.30106E-03      -28.9103E-12 
                6.3111E-03       -26.4713E-12 
                6.32113E-03      -19.7252E-12 
                6.33117E-03      -11.0053E-12 
                6.3412E-03        -3.69893E-12
                6.35123E-03      -62.9486E-15 
                6.36127E-03     -371.895E-15  
                6.3713E-03        -2.52532E-12
                6.38134E-03       -3.89727E-12
                6.39137E-03       -2.9188E-12 
                6.4014E-03      -179.818E-15  
                6.41144E-03        1.10258E-12
                6.42147E-03     -473.227E-15  
                6.43151E-03       -2.90791E-12
                6.44154E-03       -5.53458E-12
                6.45158E-03       -9.08236E-12
                6.46161E-03      -12.5934E-12 
                6.47164E-03      -14.4465E-12 
                6.48168E-03      -13.9239E-12 
                6.49171E-03      -11.4727E-12 
                6.50175E-03       -6.89414E-12
                6.51178E-03     -597.037E-15  
                6.52181E-03        3.85005E-12
                6.53185E-03        3.86383E-12
                6.54188E-03      990.078E-15  
                6.55192E-03     -604.355E-15  
                6.56195E-03        1.40005E-12
                6.57198E-03        4.83456E-12
                6.58202E-03        6.92998E-12
                6.59205E-03       10.5321E-12 
                6.60209E-03       27.299E-12  
                6.61212E-03       97.8095E-12 
                6.62215E-03      385.433E-12  
                6.63219E-03        1.45953E-09
                6.64222E-03        5.03513E-09
                6.65226E-03       15.6595E-09 
                6.66229E-03       43.9915E-09 
                6.67232E-03      112.126E-09  
                6.68236E-03      260.52E-09   
                6.69239E-03      554.455E-09  
                6.70243E-03        1.08631E-06
                6.71246E-03        1.96956E-06
                6.7225E-03         3.32277E-06
                6.73002E-03        4.70779E-06
                6.74005E-03        7.10037E-06
                6.75009E-03       10.1292E-06 
                6.76012E-03       13.7537E-06 
                6.77016E-03       17.8862E-06 
                6.78019E-03       22.4125E-06 
                6.79023E-03       27.2151E-06 
                6.80026E-03       32.1896E-06 
                6.81029E-03       37.2545E-06 
                6.82033E-03       42.3518E-06 
                6.83036E-03       47.4434E-06 
                6.8404E-03        52.5055E-06 
                6.85043E-03       57.5234E-06 
                6.86046E-03       62.4875E-06 
                6.8705E-03        67.3909E-06 
                6.88053E-03       72.2277E-06 
                6.89057E-03       76.9928E-06 
                6.9006E-03        81.6813E-06 
                6.91063E-03       86.2886E-06 
                6.92067E-03       90.8102E-06 
                6.9307E-03        95.2413E-06 
                6.94074E-03       99.5776E-06 
                6.95077E-03      103.815E-06  
                6.9608E-03       107.949E-06  
                6.97084E-03      111.976E-06  
                6.98087E-03      115.891E-06  
                6.99091E-03      119.692E-06  
                7.00094E-03      123.373E-06  
                7.01097E-03      126.932E-06  
                7.02101E-03      130.365E-06  
                7.03104E-03      133.669E-06  
                7.04108E-03      136.84E-06   
                7.05111E-03      139.875E-06  
                7.06114E-03      142.771E-06  
                7.07118E-03      145.526E-06  
                7.08121E-03      148.136E-06  
                7.09125E-03      150.599E-06  
                7.10128E-03      152.913E-06  
                7.11132E-03      155.075E-06  
                7.12135E-03      157.082E-06  
                7.13138E-03      158.934E-06  
                7.14142E-03      160.627E-06  
                7.15145E-03      162.161E-06  
                7.16149E-03      163.533E-06  
                7.17152E-03      164.742E-06  
                7.18155E-03      165.788E-06  
                7.19159E-03      166.669E-06  
                7.20162E-03      167.384E-06  
                7.21166E-03      167.933E-06  
                7.22169E-03      168.316E-06  
                7.23172E-03      168.531E-06  
                7.24176E-03      168.579E-06  
                7.25179E-03      168.46E-06   
                7.26183E-03      168.174E-06  
                7.27186E-03      167.72E-06   
                7.28189E-03      167.101E-06  
                7.29193E-03      166.315E-06  
                7.30196E-03      165.364E-06  
                7.312E-03        164.248E-06  
                7.32203E-03      162.97E-06   
                7.33206E-03      161.529E-06  
                7.3421E-03       159.927E-06  
                7.35213E-03      158.166E-06  
                7.36217E-03      156.248E-06  
                7.3722E-03       154.175E-06  
                7.38224E-03      151.948E-06  
                7.39227E-03      149.571E-06  
                7.4023E-03       147.045E-06  
                7.41234E-03      144.373E-06  
                7.42237E-03      141.558E-06  
                7.43241E-03      138.602E-06  
                7.44244E-03      135.509E-06  
                7.45247E-03      132.281E-06  
                7.46251E-03      128.922E-06  
                7.47003E-03      126.319E-06  
                7.48007E-03      122.738E-06  
                7.4901E-03       119.036E-06  
                7.50014E-03      115.215E-06  
                7.51017E-03      111.279E-06  
                7.5202E-03       107.234E-06  
                7.53024E-03      103.081E-06  
                7.54027E-03       98.8263E-06 
                7.55031E-03       94.473E-06  
                7.56034E-03       90.0257E-06 
                7.57037E-03       85.4889E-06 
                7.58041E-03       80.8671E-06 
                7.59044E-03       76.1648E-06 
                7.60048E-03       71.3867E-06 
                7.61051E-03       66.5376E-06 
                7.62054E-03       61.6226E-06 
                7.63058E-03       56.6471E-06 
                7.64061E-03       51.6174E-06 
                7.65065E-03       46.5424E-06 
                7.66068E-03       41.4368E-06 
                7.67071E-03       36.3252E-06 
                7.68075E-03       31.2499E-06 
                7.69078E-03       26.2768E-06 
                7.70082E-03       21.4989E-06 
                7.71085E-03       17.0322E-06 
                7.72088E-03       13.0009E-06 
                7.73092E-03        9.51522E-06
                7.74095E-03        6.64727E-06
                7.75099E-03        4.41465E-06
                7.76102E-03        2.77761E-06
                7.77106E-03        1.6509E-06 
                7.78109E-03      924.751E-09  
                7.79112E-03      487.351E-09  
                7.80116E-03      241.314E-09  
                7.81119E-03      112.165E-09  
                7.82122E-03       48.9004E-09 
                7.83126E-03       20.0077E-09 
                7.84129E-03        7.67846E-09
                7.85132E-03        2.77424E-09
                7.86135E-03      934.291E-12  
                7.87138E-03      284.671E-12  
                7.88142E-03       81.4093E-12 
                7.89145E-03       21.3155E-12 
                7.90148E-03       -3.02186E-12
                7.91151E-03        5.53871E-12
                7.92155E-03        8.24663E-12
                7.93158E-03       25.4661E-12 
                7.94161E-03       29.4686E-12 
                7.95164E-03        2.67564E-12
                7.96167E-03        7.81324E-12
                7.97171E-03       16.8829E-12 
                7.98174E-03       25.5139E-12 
                7.99177E-03       11.2754E-12 
                8.0018E-03        12.5535E-12 
                8.01184E-03        2.65909E-12
                8.02187E-03        9.87649E-12
                8.0319E-03        15.7316E-12 
                8.04193E-03       30.1905E-12 
                8.05196E-03       18.9912E-12 
                8.062E-03          6.78396E-12
                8.07203E-03        2.56492E-12
                8.08206E-03       10.9053E-12 
                8.09209E-03       22.3065E-12 
                8.10213E-03       20.7691E-12 
                8.11216E-03      -83.1281E-15 
                8.12219E-03        6.09388E-12
                8.13222E-03        8.94361E-12
                8.14225E-03        4.47905E-12
                8.15229E-03       -2.97679E-12
                8.16232E-03        7.85985E-12
                8.17235E-03       24.9098E-12 
                8.18238E-03       22.5961E-12 
                8.19242E-03       20.8343E-12 
                8.20245E-03       24.1314E-12 
                8.21248E-03       23.5464E-12 
                8.22E-03          28.1779E-12 
                8.23004E-03       35.6855E-12 
                8.24007E-03       31.2183E-12 
                8.2501E-03        20.0301E-12 
                8.26013E-03       18.3278E-12 
                8.27016E-03       12.5604E-12 
                8.2802E-03         1.83805E-12
                8.29023E-03        5.3559E-12 
                8.30026E-03        8.92151E-12
                8.31029E-03       10.798E-12  
                8.32033E-03        7.98471E-12
                8.33036E-03       10.5201E-12 
                8.34039E-03       13.0961E-12 
                8.35042E-03        8.97757E-12
                8.36045E-03       10.4992E-12 
                8.37049E-03       17.37E-12   
                8.38052E-03       23.3075E-12 
                8.39055E-03       22.5699E-12 
                8.40058E-03        9.71026E-12
                8.41062E-03        5.93675E-12
                8.42065E-03        8.1711E-12 
                8.43068E-03        8.78566E-12
                8.44071E-03       10.4245E-12 
                8.45074E-03       10.1175E-12 
                8.46078E-03        8.17017E-12
                8.47081E-03        3.14732E-12
                8.48084E-03        4.80918E-12
                8.49087E-03        6.68318E-12
                8.50091E-03       10.1898E-12 
                8.51094E-03       20.2914E-12 
                8.52097E-03       24.0573E-12 
                8.531E-03         18.5019E-12 
                8.54103E-03       18.0578E-12 
                8.55107E-03       23.147E-12  
                8.5611E-03        31.0987E-12 
                8.57113E-03       38.325E-12  
                8.58116E-03       40.7368E-12 
                8.5912E-03        46.1028E-12 
                8.60123E-03       55.5639E-12 
                8.61126E-03       51.8652E-12 
                8.62129E-03       33.8844E-12 
                8.63132E-03       19.9265E-12 
                8.64136E-03        9.0006E-12 
                8.65139E-03       -4.10349E-12
                8.66142E-03       -9.53064E-12
                8.67145E-03       -7.41649E-12
                8.68149E-03       -2.5306E-12 
                8.69152E-03        4.90989E-12
                8.70155E-03       11.2541E-12 
                8.71158E-03       10.0907E-12 
                8.72161E-03     -912.794E-15  
                8.73165E-03       -7.35975E-12
                8.74168E-03       -7.07016E-12
                8.75171E-03       -8.13822E-12
                8.76174E-03      -11.3066E-12 
                8.77178E-03      -15.1492E-12 
                8.78181E-03      -16.338E-12  
                8.79184E-03       -7.51886E-12
                8.80187E-03        4.20908E-12
                8.8119E-03         8.89429E-12
                8.82194E-03        9.33449E-12
                8.83197E-03        6.68192E-12
                8.842E-03          1.84257E-12
                8.85203E-03        1.81102E-12
                8.86207E-03        2.46594E-12
                8.8721E-03        -6.34792E-12
                8.88213E-03      -17.2017E-12 
                8.89216E-03      -19.6104E-12 
                8.90219E-03      -12.6744E-12 
                8.91223E-03       -1.7892E-12 
                8.92226E-03      637.419E-15  
                8.93229E-03       -6.6104E-12 
                8.94232E-03      -20.3534E-12 
                8.95236E-03      -26.9845E-12 
                8.96239E-03      -16.5751E-12 
                8.97242E-03       -7.32197E-12
                8.98245E-03       -6.72249E-12
                8.99248E-03       -6.42006E-12
                9.00001E-03       -8.27711E-12
                9.01004E-03      -14.4949E-12 
                9.02007E-03      -19.7835E-12 
                9.0301E-03       -21.8325E-12 
                9.04014E-03      -18.5716E-12 
                9.05017E-03       -8.34395E-12
                9.0602E-03         2.96983E-12
                9.07023E-03        9.26645E-12
                9.08027E-03       12.4728E-12 
                9.0903E-03        17.9401E-12 
                9.10033E-03       20.0458E-12 
                9.11036E-03        9.1531E-12 
                9.12039E-03       -9.77051E-12
                9.13043E-03      -23.67E-12   
                9.14046E-03      -29.9882E-12 
                9.15049E-03      -30.8524E-12 
                9.16052E-03      -27.8644E-12 
                9.17056E-03      -22.7928E-12 
                9.18059E-03      -19.8358E-12 
                9.19062E-03      -24.3431E-12 
                9.20065E-03      -33.0341E-12 
                9.21068E-03      -37.0034E-12 
                9.22072E-03      -33.1715E-12 
                9.23075E-03      -27.4181E-12 
                9.24078E-03      -23.4592E-12 
                9.25081E-03      -19.0298E-12 
                9.26085E-03      -11.5889E-12 
                9.27088E-03       -6.63056E-12
                9.28091E-03      -11.1788E-12 
                9.29094E-03      -19.7872E-12 
                9.30097E-03      -23.4194E-12 
                9.31101E-03      -19.3891E-12 
                9.32104E-03       -9.19896E-12
                9.33107E-03        1.82483E-12
                9.3411E-03         5.95681E-12
                9.35114E-03        1.73532E-12
                9.36117E-03       -5.83774E-12
                9.3712E-03       -10.7946E-12 
                9.38123E-03      -11.3615E-12 
                9.39126E-03       -9.2554E-12 
                9.4013E-03        -6.5964E-12 
                9.41133E-03       -7.30197E-12
                9.42136E-03      -10.5574E-12 
                9.43139E-03      -12.4377E-12 
                9.44143E-03      -14.0481E-12 
                9.45146E-03      -15.5275E-12 
                9.46149E-03      -15.0829E-12 
                9.47152E-03      -14.9566E-12 
                9.48155E-03      -17.853E-12  
                9.49159E-03      -23.0478E-12 
                9.50162E-03      -29.2082E-12 
                9.51165E-03      -35.4305E-12 
                9.52168E-03      -38.8367E-12 
                9.53172E-03      -35.7699E-12 
                9.54175E-03      -27.395E-12  
                9.55178E-03      -19.5457E-12 
                9.56181E-03      -16.2483E-12 
                9.57184E-03      -17.3881E-12 
                9.58188E-03      -18.8756E-12 
                9.59191E-03      -19.3691E-12 
                9.60194E-03      -20.8313E-12 
                9.61197E-03      -20.9675E-12 
                9.622E-03        -17.017E-12  
                9.63204E-03      -11.7E-12    
                9.64207E-03      -10.2448E-12 
                9.6521E-03       -16.0188E-12 
                9.66213E-03      -27.65E-12   
                9.67217E-03      -38.8287E-12 
                9.6822E-03       -43.6732E-12 
                9.69223E-03      -41.6775E-12 
                9.70226E-03      -35.3513E-12 
                9.71229E-03      -26.2749E-12 
                9.72233E-03      -15.9004E-12 
                9.73236E-03       -8.24469E-12
                9.74239E-03       -4.81809E-12
                9.75242E-03       -2.52566E-12
                9.76246E-03     -608.286E-15  
                9.77249E-03       -1.39348E-12
                9.78001E-03       -3.7751E-12 
                9.79004E-03       -6.80983E-12
                9.80008E-03       -7.41754E-12
                9.81011E-03       -5.85186E-12
                9.82014E-03       -5.46004E-12
                9.83017E-03       -9.24761E-12
                9.84021E-03      -15.5284E-12 
                9.85024E-03      -19.226E-12  
                9.86027E-03      -16.1279E-12 
                9.8703E-03        -7.33258E-12
                9.88033E-03      626.541E-15  
                9.89037E-03        3.75467E-12
                9.9004E-03         4.37521E-12
                9.91043E-03        6.56375E-12
                9.92046E-03       11.2448E-12 
                9.9305E-03        18.5852E-12 
                9.94053E-03       39.4472E-12 
                9.95056E-03      109.373E-12  
                9.96059E-03      328.444E-12  
                9.97062E-03      975.027E-12  
                9.98062E-03        2.74341E-09
                9.99041E-03        7.11503E-09
               10.E-03            17.0104E-09 





                  X               _temp_1     

                0.                 0.         
               10.0586E-06         2.6808E-06 
               20.0918E-06         5.31949E-06
               30.1251E-06         7.97458E-06
               40.1583E-06        10.6448E-06 
               50.1916E-06        13.3114E-06 
               60.2248E-06        15.9101E-06 
               70.2581E-06        18.5102E-06 
               80.2913E-06        21.1112E-06 
               90.3246E-06        23.7118E-06 
              100.358E-06         26.3076E-06 
              110.391E-06         28.7781E-06 
              120.424E-06         31.2499E-06 
              130.458E-06         33.7211E-06 
              140.491E-06         36.1918E-06 
              150.524E-06         38.6533E-06 
              160.557E-06         40.9328E-06 
              170.591E-06         43.2139E-06 
              180.624E-06         45.4944E-06 
              190.657E-06         47.7742E-06 
              200.69E-06          50.0384E-06 
              210.724E-06         52.0707E-06 
              220.757E-06         54.1047E-06 
              230.79E-06          56.1381E-06 
              240.823E-06         58.1708E-06 
              250.857E-06         60.1802E-06 
              260.89E-06          61.9159E-06 
              270.923E-06         63.6533E-06 
              280.956E-06         65.3902E-06 
              290.99E-06          67.1265E-06 
              301.023E-06         68.8308E-06 
              311.056E-06         70.2273E-06 
              321.089E-06         71.6253E-06 
              331.123E-06         73.023E-06  
              341.156E-06         74.4202E-06 
              351.189E-06         75.7766E-06 
              361.222E-06         76.7998E-06 
              371.256E-06         77.8242E-06 
              381.289E-06         78.8488E-06 
              391.322E-06         79.8729E-06 
              401.355E-06         80.8469E-06 
              411.389E-06         81.4695E-06 
              421.422E-06         82.093E-06  
              431.455E-06         82.7171E-06 
              441.488E-06         83.3408E-06 
              451.522E-06         83.9064E-06 
              461.555E-06         84.1149E-06 
              471.588E-06         84.3238E-06 
              481.621E-06         84.5336E-06 
              491.655E-06         84.7434E-06 
              501.688E-06         84.8878E-06 
              511.721E-06         84.6771E-06 
              521.754E-06         84.4663E-06 
              531.787E-06         84.2567E-06 
              541.82E-06          84.0474E-06 
              551.854E-06         83.7673E-06 
              561.887E-06         83.1424E-06 
              571.92E-06          82.517E-06  
              581.953E-06         81.8933E-06 
              591.986E-06         81.27E-06   
              602.019E-06         80.572E-06  
              612.052E-06         79.5467E-06 
              622.086E-06         78.5204E-06 
              632.119E-06         77.4961E-06 
              642.152E-06         76.4725E-06 
              652.185E-06         75.3734E-06 
              662.218E-06         73.975E-06  
              672.251E-06         72.5753E-06 
              682.284E-06         71.1777E-06 
              692.318E-06         69.781E-06  
              702.351E-06         68.3104E-06 
              712.384E-06         66.573E-06  
              722.417E-06         64.8339E-06 
              732.45E-06          63.0972E-06 
              742.483E-06         61.3614E-06 
              750.008E-06         60.0586E-06 
              760.041E-06         58.0251E-06 
              770.074E-06         55.9951E-06 
              780.107E-06         53.9632E-06 
              790.141E-06         51.9297E-06 
              800.174E-06         49.8926E-06 
              810.207E-06         47.6121E-06 
              820.24E-06          45.3343E-06 
              830.273E-06         43.055E-06  
              840.306E-06         40.7746E-06 
              850.339E-06         38.4885E-06 
              860.373E-06         36.0173E-06 
              870.406E-06         33.5478E-06 
              880.439E-06         31.0775E-06 
              890.472E-06         28.6064E-06 
              900.505E-06         26.1295E-06 
              910.538E-06         23.5289E-06 
              920.571E-06         20.9293E-06 
              930.604E-06         18.3293E-06 
              940.638E-06         15.7288E-06 
              950.671E-06         13.1244E-06 
              960.704E-06         10.4592E-06 
              970.737E-06          7.79446E-06
              980.77E-06           5.12947E-06
              990.803E-06          2.46434E-06
                1.00084E-03        4.31544E-09
                1.01087E-03       11.648E-09  
                1.0209E-03         2.75688E-09
                1.03094E-03       -2.15243E-09
                1.04097E-03     -688.886E-12  
                1.051E-03        629.658E-12  
                1.06104E-03      179.427E-12  
                1.07107E-03     -209.61E-12   
                1.0811E-03       -69.6435E-12 
                1.09113E-03       41.4739E-12 
                1.10117E-03       -7.2593E-12 
                1.1112E-03       -14.5046E-12 
                1.12123E-03     -500.558E-15  
                1.13127E-03       25.2051E-12 
                1.1413E-03         3.5132E-12 
                1.15133E-03       -1.51404E-12
                1.16137E-03        9.29409E-12
                1.1714E-03        -5.03327E-12
                1.18143E-03      -10.7209E-12 
                1.19147E-03       -4.44908E-12
                1.2015E-03         2.7288E-12 
                1.21153E-03        3.75029E-12
                1.22157E-03       -2.38404E-12
                1.2316E-03        -5.97756E-12
                1.24163E-03        1.42819E-12
                1.25166E-03        5.57974E-12
                1.2617E-03         1.81027E-12
                1.27173E-03       11.9113E-12 
                1.28176E-03        8.49424E-12
                1.2918E-03         4.33728E-12
                1.30183E-03       16.8828E-12 
                1.31186E-03       12.4905E-12 
                1.3219E-03         8.40146E-12
                1.33193E-03       10.4753E-12 
                1.34196E-03       14.066E-12  
                1.352E-03         16.9579E-12 
                1.36203E-03        6.46849E-12
                1.37206E-03      879.655E-15  
                1.3821E-03      -236.944E-15  
                1.39213E-03       -7.80044E-12
                1.40216E-03      -15.232E-12  
                1.4122E-03        -7.77554E-12
                1.42223E-03       -1.03978E-12
                1.43226E-03       -8.01755E-12
                1.44229E-03      -13.2992E-12 
                1.45233E-03      -17.2757E-12 
                1.46236E-03      -13.6476E-12 
                1.47239E-03     -380.358E-15  
                1.48243E-03        2.20361E-12
                1.49246E-03       -3.99861E-12
                1.50249E-03        3.11047E-12
                1.51002E-03        2.57547E-12
                1.52005E-03        3.52389E-12
                1.53008E-03       17.6813E-12 
                1.54012E-03       19.4263E-12 
                1.55015E-03        2.50723E-12
                1.56018E-03      -19.5928E-12 
                1.57022E-03      -26.2715E-12 
                1.58025E-03      -11.6411E-12 
                1.59028E-03      452.75E-15   
                1.60032E-03       -2.62378E-12
                1.61035E-03       -2.43517E-12
                1.62038E-03       -4.71117E-12
                1.63042E-03       -4.02043E-12
                1.64045E-03       -5.23813E-12
                1.65048E-03      -11.0111E-12 
                1.66052E-03      -11.3327E-12 
                1.67055E-03       -3.80812E-12
                1.68058E-03     -580.625E-15  
                1.69061E-03       -2.06061E-12
                1.70065E-03        3.82305E-12
                1.71068E-03        2.52317E-12
                1.72071E-03     -362.549E-15  
                1.73075E-03     -413.204E-15  
                1.74078E-03       -6.46441E-12
                1.75081E-03       -4.99977E-12
                1.76085E-03       -1.86304E-12
                1.77088E-03        2.40799E-12
                1.78091E-03        5.84081E-12
                1.79095E-03        6.90346E-12
                1.80098E-03       10.0782E-12 
                1.81101E-03       16.7811E-12 
                1.82105E-03       18.6856E-12 
                1.83108E-03       16.1981E-12 
                1.84111E-03        4.40499E-12
                1.85114E-03       -4.50838E-12
                1.86118E-03       -1.77897E-12
                1.87121E-03        2.54847E-12
                1.88124E-03        1.19903E-12
                1.89128E-03       -4.82553E-12
                1.90131E-03      -10.1383E-12 
                1.91134E-03      -10.8717E-12 
                1.92138E-03       -7.23814E-12
                1.93141E-03       -4.08616E-12
                1.94144E-03       -6.42314E-12
                1.95148E-03      -10.4249E-12 
                1.96151E-03       -8.40288E-12
                1.97154E-03       -3.93669E-12
                1.98158E-03       -4.24571E-12
                1.99161E-03       -6.48201E-12
                2.00164E-03       -8.56502E-12
                2.01168E-03      -10.0226E-12 
                2.02171E-03       -7.41622E-12
                2.03174E-03       -2.02708E-12
                2.04177E-03      626.077E-15  
                2.05181E-03      387.405E-15  
                2.06184E-03        1.6275E-12 
                2.07187E-03        2.62408E-12
                2.08191E-03        5.16647E-12
                2.09194E-03        7.0405E-12 
                2.10197E-03        3.14217E-12
                2.11201E-03       -9.70993E-12
                2.12204E-03      -22.9311E-12 
                2.13207E-03      -23.3652E-12 
                2.14211E-03      -14.6737E-12 
                2.15214E-03       -5.15284E-12
                2.16217E-03        5.27111E-12
                2.17221E-03       11.788E-12  
                2.18224E-03        4.62207E-12
                2.19227E-03       -8.43537E-12
                2.2023E-03       -15.5357E-12 
                2.21234E-03      -13.8959E-12 
                2.22237E-03       -8.27683E-12
                2.2324E-03        -1.84618E-12
                2.24244E-03        3.2385E-12 
                2.25247E-03        2.81204E-12
                2.2625E-03        -1.32114E-12
                2.27003E-03       -3.13687E-12
                2.28006E-03     -582.838E-15  
                2.29009E-03        2.37466E-12
                2.30013E-03       48.6837E-15 
                2.31016E-03       -4.10491E-12
                2.32019E-03       -3.75714E-12
                2.33023E-03      712.987E-15  
                2.34026E-03        3.3238E-12 
                2.35029E-03        2.387E-12  
                2.36033E-03       -1.47153E-12
                2.37036E-03       -5.75858E-12
                2.38039E-03       -7.93857E-12
                2.39043E-03      -10.1107E-12 
                2.40046E-03      -12.5311E-12 
                2.41049E-03      -13.1589E-12 
                2.42053E-03      -13.3606E-12 
                2.43056E-03      -13.4924E-12 
                2.44059E-03      -11.5194E-12 
                2.45062E-03       -8.50799E-12
                2.46066E-03       -6.89053E-12
                2.47069E-03       -7.33034E-12
                2.48072E-03       -6.32578E-12
                2.49076E-03       -3.50701E-12
                2.50079E-03       -5.74219E-12
                2.51082E-03      -12.9285E-12 
                2.52086E-03      -18.3171E-12 
                2.53089E-03      -17.2876E-12 
                2.54092E-03      -11.3794E-12 
                2.55096E-03       -4.87651E-12
                2.56099E-03       -2.52447E-12
                2.57102E-03       -7.33856E-12
                2.58106E-03      -14.4681E-12 
                2.59109E-03      -16.9843E-12 
                2.60112E-03      -13.1133E-12 
                2.61116E-03       -5.91884E-12
                2.62119E-03       -3.59234E-12
                2.63122E-03       -6.94317E-12
                2.64125E-03       -8.91573E-12
                2.65129E-03       -5.63552E-12
                2.66132E-03        2.53227E-12
                2.67135E-03        8.46443E-12
                2.68139E-03        4.53205E-12
                2.69142E-03       -3.77229E-12
                2.70145E-03       -5.46918E-12
                2.71149E-03      522.861E-15  
                2.72152E-03        7.45935E-12
                2.73155E-03        9.81775E-12
                2.74159E-03        7.34119E-12
                2.75162E-03        3.67582E-12
                2.76165E-03        1.32347E-12
                2.77169E-03      -28.1432E-15 
                2.78172E-03       -1.10505E-12
                2.79175E-03       -2.19052E-12
                2.80178E-03       -1.60621E-12
                2.81182E-03        1.3096E-12 
                2.82185E-03        2.75921E-12
                2.83188E-03        1.03851E-12
                2.84192E-03       -3.12295E-12
                2.85195E-03       -7.85345E-12
                2.86198E-03       -9.88524E-12
                2.87202E-03      -10.4509E-12 
                2.88205E-03      -11.8298E-12 
                2.89208E-03      -12.282E-12  
                2.90212E-03      -11.7161E-12 
                2.91215E-03      -12.9561E-12 
                2.92218E-03      -15.3194E-12 
                2.93222E-03      -13.687E-12  
                2.94225E-03       -5.68856E-12
                2.95228E-03      485.648E-15  
                2.96232E-03       -1.97377E-12
                2.97235E-03       -6.24856E-12
                2.98238E-03       -5.34589E-12
                2.99241E-03       -2.17401E-12
                3.00245E-03     -941.587E-15  
                3.01248E-03       -1.56364E-12
                3.02001E-03       -2.62403E-12
                3.03004E-03       -4.83062E-12
                3.04007E-03       -7.16658E-12
                3.0501E-03        -6.93968E-12
                3.06014E-03       -2.97817E-12
                3.07017E-03       86.9338E-15 
                3.0802E-03        -2.46633E-12
                3.09024E-03       -7.22644E-12
                3.10027E-03       -8.16312E-12
                3.1103E-03        -5.17115E-12
                3.12034E-03       -2.4499E-12 
                3.13037E-03       -3.7665E-12 
                3.1404E-03        -7.72009E-12
                3.15044E-03       -9.10336E-12
                3.16047E-03       -6.86159E-12
                3.1705E-03        -3.74644E-12
                3.18054E-03       -1.57043E-12
                3.19057E-03       -1.39341E-12
                3.2006E-03        -1.73596E-12
                3.21064E-03        2.00833E-12
                3.22067E-03        8.96969E-12
                3.2307E-03        11.9158E-12 
                3.24073E-03        9.47276E-12
                3.25077E-03        7.7213E-12 
                3.2608E-03         9.42786E-12
                3.27083E-03       14.9837E-12 
                3.28087E-03       60.2216E-12 
                3.2909E-03       444.532E-12  
                3.30093E-03        2.90402E-09
                3.31097E-03       15.0867E-09 
                3.321E-03         62.8658E-09 
                3.33103E-03      213.741E-09  
                3.34107E-03      603.455E-09  
                3.3511E-03         1.4403E-06 
                3.36113E-03        2.96007E-06
                3.37117E-03        5.33817E-06
                3.3812E-03         8.61088E-06
                3.39123E-03       12.6615E-06 
                3.40126E-03       17.278E-06  
                3.4113E-03        22.238E-06  
                3.42133E-03       27.3676E-06 
                3.43136E-03       32.5585E-06 
                3.4414E-03        37.7533E-06 
                3.45143E-03       42.924E-06  
                3.46146E-03       48.0554E-06 
                3.4715E-03        53.1384E-06 
                3.48153E-03       58.1683E-06 
                3.49156E-03       63.1418E-06 
                3.5016E-03        68.0542E-06 
                3.51163E-03       72.8988E-06 
                3.52166E-03       77.6686E-06 
                3.5317E-03        82.36E-06   
                3.54173E-03       86.971E-06  
                3.55176E-03       91.4977E-06 
                3.56179E-03       95.9332E-06 
                3.57183E-03      100.271E-06  
                3.58186E-03      104.507E-06  
                3.59189E-03      108.641E-06  
                3.60193E-03      112.67E-06   
                3.61196E-03      116.586E-06  
                3.62199E-03      120.384E-06  
                3.63203E-03      124.061E-06  
                3.64206E-03      127.616E-06  
                3.65209E-03      131.048E-06  
                3.66213E-03      134.35E-06   
                3.67216E-03      137.515E-06  
                3.68219E-03      140.542E-06  
                3.69223E-03      143.431E-06  
                3.70226E-03      146.181E-06  
                3.71229E-03      148.787E-06  
                3.72233E-03      151.242E-06  
                3.73236E-03      153.543E-06  
                3.74239E-03      155.695E-06  
                3.75242E-03      157.695E-06  
                3.76246E-03      159.539E-06  
                3.77249E-03      161.221E-06  
                3.78002E-03      162.374E-06  
                3.79005E-03      163.772E-06  
                3.80008E-03      165.011E-06  
                3.81012E-03      166.088E-06  
                3.82015E-03      166.996E-06  
                3.83018E-03      167.736E-06  
                3.84021E-03      168.309E-06  
                3.85025E-03      168.719E-06  
                3.86028E-03      168.964E-06  
                3.87031E-03      169.038E-06  
                3.88035E-03      168.941E-06  
                3.89038E-03      168.677E-06  
                3.90041E-03      168.249E-06  
                3.91045E-03      167.656E-06  
                3.92048E-03      166.894E-06  
                3.93052E-03      165.963E-06  
                3.94055E-03      164.867E-06  
                3.95058E-03      163.611E-06  
                3.96062E-03      162.195E-06  
                3.97065E-03      160.614E-06  
                3.98069E-03      158.869E-06  
                3.99072E-03      156.967E-06  
                4.00075E-03      154.912E-06  
                4.01079E-03      152.706E-06  
                4.02082E-03      150.345E-06  
                4.03086E-03      147.832E-06  
                4.04089E-03      145.172E-06  
                4.05092E-03      142.372E-06  
                4.06096E-03      139.433E-06  
                4.07099E-03      136.353E-06  
                4.08103E-03      133.134E-06  
                4.09106E-03      129.784E-06  
                4.10109E-03      126.308E-06  
                4.11113E-03      122.708E-06  
                4.12116E-03      118.984E-06  
                4.1312E-03       115.14E-06   
                4.14123E-03      111.181E-06  
                4.15126E-03      107.114E-06  
                4.1613E-03       102.943E-06  
                4.17133E-03       98.6672E-06 
                4.18137E-03       94.2911E-06 
                4.1914E-03        89.8212E-06 
                4.20144E-03       85.264E-06  
                4.21147E-03       80.6234E-06 
                4.2215E-03        75.9014E-06 
                4.23154E-03       71.1019E-06 
                4.24157E-03       66.2315E-06 
                4.25161E-03       61.2968E-06 
                4.26164E-03       56.3024E-06 
                4.27167E-03       51.2516E-06 
                4.28171E-03       46.1485E-06 
                4.29174E-03       40.9996E-06 
                4.30178E-03       35.8136E-06 
                4.31181E-03       30.6043E-06 
                4.32184E-03       25.4043E-06 
                4.33188E-03       20.2903E-06 
                4.34191E-03       15.4095E-06 
                4.35195E-03       10.981E-06  
                4.36198E-03        7.2442E-06 
                4.37201E-03        4.36996E-06
                4.38205E-03        2.38581E-06
                4.39208E-03        1.16967E-06
                4.40212E-03      512.145E-09  
                4.41215E-03      199.614E-09  
                4.42218E-03       69.137E-09  
                4.43222E-03       21.2813E-09 
                4.44225E-03        5.83102E-09
                4.45229E-03        1.4401E-09 
                4.46232E-03      325.391E-12  
                4.47235E-03       49.0289E-12 
                4.48239E-03        3.61751E-12
                4.49242E-03     -627.812E-15  
                4.50246E-03       -2.9411E-12 
                4.51249E-03       25.3852E-12 
                4.52002E-03       33.1057E-12 
                4.53005E-03       31.3816E-12 
                4.54008E-03        5.52877E-12
                4.55012E-03       -1.6511E-12 
                4.56015E-03       13.081E-12  
                4.57019E-03       18.9911E-12 
                4.58022E-03        5.45227E-12
                4.59026E-03       -8.57537E-12
                4.60029E-03        1.28146E-12
                4.61032E-03       11.0892E-12 
                4.62036E-03       12.5205E-12 
                4.63039E-03        2.97964E-12
                4.64043E-03       -4.48343E-12
                4.65046E-03     -586.345E-15  
                4.66049E-03        8.15336E-12
                4.67053E-03        3.17776E-12
                4.68056E-03        8.17371E-12
                4.6906E-03        25.2813E-12 
                4.70063E-03       21.4734E-12 
                4.71066E-03       10.9889E-12 
                4.7207E-03         7.51636E-12
                4.73073E-03       20.5808E-12 
                4.74077E-03       12.4018E-12 
                4.7508E-03         4.16945E-12
                4.76083E-03       10.5807E-12 
                4.77087E-03       11.1539E-12 
                4.7809E-03         5.52291E-12
                4.79094E-03        3.55987E-12
                4.80097E-03      105.3E-15    
                4.811E-03         -3.68181E-12
                4.82104E-03       -4.18311E-12
                4.83107E-03       -1.41765E-12
                4.84111E-03       -3.59461E-12
                4.85114E-03       -2.42821E-12
                4.86118E-03       13.7313E-12 
                4.87121E-03       13.6758E-12 
                4.88124E-03        8.94533E-12
                4.89128E-03       24.7486E-12 
                4.90131E-03       16.4814E-12 
                4.91135E-03     -697.009E-15  
                4.92138E-03      347.049E-15  
                4.93141E-03        2.37154E-12
                4.94145E-03       -2.81951E-12
                4.95148E-03       -3.39401E-12
                4.96152E-03      145.045E-15  
                4.97155E-03       -5.82896E-12
                4.98158E-03       -5.56994E-12
                4.99162E-03       -3.981E-12  
                5.00165E-03      -10.8402E-12 
                5.01169E-03      -13.4426E-12 
                5.02172E-03      -14.6253E-12 
                5.03175E-03       -9.0362E-12 
                5.04179E-03       -2.28784E-12
                5.05182E-03      551.08E-15   
                5.06186E-03        8.03855E-12
                5.07189E-03       21.2741E-12 
                5.08192E-03       30.2733E-12 
                5.09196E-03       18.3389E-12 
                5.10199E-03       -2.50121E-12
                5.11203E-03      -18.2794E-12 
                5.12206E-03      -22.8453E-12 
                5.13209E-03      -12.0206E-12 
                5.14213E-03        4.64066E-12
                5.15216E-03       17.3543E-12 
                5.1622E-03        21.1157E-12 
                5.17223E-03       17.7082E-12 
                5.18227E-03       16.9236E-12 
                5.1923E-03        19.3116E-12 
                5.20233E-03       21.576E-12  
                5.21237E-03       20.9126E-12 
                5.2224E-03        21.0545E-12 
                5.23244E-03       24.0909E-12 
                5.24247E-03       18.1807E-12 
                5.2525E-03         6.16258E-12
                5.26003E-03       -1.09018E-12
                5.27006E-03       -9.31226E-12
                5.2801E-03       -11.4367E-12 
                5.29013E-03       -7.14162E-12
                5.30017E-03     -433.613E-15  
                5.3102E-03         4.09115E-12
                5.32023E-03      266.962E-15  
                5.33027E-03       -6.11416E-12
                5.3403E-03        -7.73751E-12
                5.35034E-03      -10.3651E-12 
                5.36037E-03      -17.1923E-12 
                5.3704E-03       -20.1064E-12 
                5.38044E-03      -21.975E-12  
                5.39047E-03      -19.1514E-12 
                5.40051E-03      -13.0449E-12 
                5.41054E-03      -14.6909E-12 
                5.42057E-03      -13.5382E-12 
                5.43061E-03       -4.9833E-12 
                5.44064E-03        2.30351E-12
                5.45068E-03       10.7419E-12 
                5.46071E-03       14.9318E-12 
                5.47074E-03       11.2443E-12 
                5.48078E-03        6.92638E-12
                5.49081E-03        1.31677E-12
                5.50085E-03       -4.72903E-12
                5.51088E-03       -4.65961E-12
                5.52092E-03       -3.1575E-12 
                5.53095E-03       -7.94629E-12
                5.54098E-03      -12.2977E-12 
                5.55102E-03       -9.41872E-12
                5.56105E-03       -7.35398E-12
                5.57109E-03       -9.79511E-12
                5.58112E-03       -9.02369E-12
                5.59115E-03       -5.69276E-12
                5.60119E-03       -8.62731E-12
                5.61122E-03      -15.0606E-12 
                5.62126E-03      -13.8048E-12 
                5.63129E-03       -4.98709E-12
                5.64132E-03        1.59229E-12
                5.65136E-03      991.962E-15  
                5.66139E-03       -4.53987E-12
                5.67143E-03      -11.852E-12  
                5.68146E-03      -15.8352E-12 
                5.69149E-03       -9.2841E-12 
                5.70153E-03        5.11812E-12
                5.71156E-03       12.5952E-12 
                5.7216E-03         4.76373E-12
                5.73163E-03       -7.23612E-12
                5.74166E-03      -12.5157E-12 
                5.7517E-03       -14.5914E-12 
                5.76173E-03      -16.5641E-12 
                5.77177E-03      -14.8379E-12 
                5.7818E-03       -12.878E-12  
                5.79183E-03      -18.4471E-12 
                5.80187E-03      -26.5887E-12 
                5.8119E-03       -29.1422E-12 
                5.82194E-03      -28.0752E-12 
                5.83197E-03      -26.3761E-12 
                5.84201E-03      -24.4818E-12 
                5.85204E-03      -22.9437E-12 
                5.86207E-03      -22.8108E-12 
                5.87211E-03      -24.8056E-12 
                5.88214E-03      -25.444E-12  
                5.89218E-03      -24.4556E-12 
                5.90221E-03      -23.0501E-12 
                5.91224E-03      -17.7975E-12 
                5.92228E-03      -11.6606E-12 
                5.93231E-03       -9.12796E-12
                5.94235E-03       -6.19744E-12
                5.95238E-03       -1.25332E-12
                5.96241E-03       -1.71453E-12
                5.97245E-03       -7.37937E-12
                5.98248E-03       -7.83239E-12
                5.99001E-03       -3.04221E-12
                6.00004E-03        2.00404E-12
                6.01008E-03     -579.92E-15   
                6.02011E-03       -4.76795E-12
                6.03014E-03       -4.60204E-12
                6.04018E-03       -1.80853E-12
                6.05021E-03     -908.905E-15  
                6.06025E-03       -4.92816E-12
                6.07028E-03      -11.8992E-12 
                6.08031E-03      -15.7423E-12 
                6.09035E-03      -13.4892E-12 
                6.10038E-03       -8.26159E-12
                6.11042E-03       -3.98322E-12
                6.12045E-03       -3.3397E-12 
                6.13049E-03       -6.80174E-12
                6.14052E-03      -11.6376E-12 
                6.15055E-03      -13.2911E-12 
                6.16059E-03      -12.3064E-12 
                6.17062E-03      -13.1875E-12 
                6.18066E-03      -14.3656E-12 
                6.19069E-03      -12.3729E-12 
                6.20072E-03      -10.1176E-12 
                6.21076E-03      -11.2122E-12 
                6.22079E-03      -14.5449E-12 
                6.23083E-03      -17.7558E-12 
                6.24086E-03      -20.6929E-12 
                6.25089E-03      -24.015E-12  
                6.26093E-03      -25.1437E-12 
                6.27096E-03      -23.552E-12  
                6.281E-03        -23.6215E-12 
                6.29103E-03      -26.8098E-12 
                6.30106E-03      -28.9103E-12 
                6.3111E-03       -26.4713E-12 
                6.32113E-03      -19.7252E-12 
                6.33117E-03      -11.0053E-12 
                6.3412E-03        -3.69893E-12
                6.35123E-03      -62.9486E-15 
                6.36127E-03     -371.895E-15  
                6.3713E-03        -2.52532E-12
                6.38134E-03       -3.89727E-12
                6.39137E-03       -2.9188E-12 
                6.4014E-03      -179.818E-15  
                6.41144E-03        1.10258E-12
                6.42147E-03     -473.227E-15  
                6.43151E-03       -2.90791E-12
                6.44154E-03       -5.53458E-12
                6.45158E-03       -9.08236E-12
                6.46161E-03      -12.5934E-12 
                6.47164E-03      -14.4465E-12 
                6.48168E-03      -13.9239E-12 
                6.49171E-03      -11.4727E-12 
                6.50175E-03       -6.89414E-12
                6.51178E-03     -597.037E-15  
                6.52181E-03        3.85005E-12
                6.53185E-03        3.86383E-12
                6.54188E-03      990.078E-15  
                6.55192E-03     -604.355E-15  
                6.56195E-03        1.40005E-12
                6.57198E-03        4.83456E-12
                6.58202E-03        6.92998E-12
                6.59205E-03       10.5321E-12 
                6.60209E-03       27.299E-12  
                6.61212E-03       97.8095E-12 
                6.62215E-03      385.433E-12  
                6.63219E-03        1.45953E-09
                6.64222E-03        5.03513E-09
                6.65226E-03       15.6595E-09 
                6.66229E-03       43.9915E-09 
                6.67232E-03      112.126E-09  
                6.68236E-03      260.52E-09   
                6.69239E-03      554.455E-09  
                6.70243E-03        1.08631E-06
                6.71246E-03        1.96956E-06
                6.7225E-03         3.32277E-06
                6.73002E-03        4.70779E-06
                6.74005E-03        7.10037E-06
                6.75009E-03       10.1292E-06 
                6.76012E-03       13.7537E-06 
                6.77016E-03       17.8862E-06 
                6.78019E-03       22.4125E-06 
                6.79023E-03       27.2151E-06 
                6.80026E-03       32.1896E-06 
                6.81029E-03       37.2545E-06 
                6.82033E-03       42.3518E-06 
                6.83036E-03       47.4434E-06 
                6.8404E-03        52.5055E-06 
                6.85043E-03       57.5234E-06 
                6.86046E-03       62.4875E-06 
                6.8705E-03        67.3909E-06 
                6.88053E-03       72.2277E-06 
                6.89057E-03       76.9928E-06 
                6.9006E-03        81.6813E-06 
                6.91063E-03       86.2886E-06 
                6.92067E-03       90.8102E-06 
                6.9307E-03        95.2413E-06 
                6.94074E-03       99.5776E-06 
                6.95077E-03      103.815E-06  
                6.9608E-03       107.949E-06  
                6.97084E-03      111.976E-06  
                6.98087E-03      115.891E-06  
                6.99091E-03      119.692E-06  
                7.00094E-03      123.373E-06  
                7.01097E-03      126.932E-06  
                7.02101E-03      130.365E-06  
                7.03104E-03      133.669E-06  
                7.04108E-03      136.84E-06   
                7.05111E-03      139.875E-06  
                7.06114E-03      142.771E-06  
                7.07118E-03      145.526E-06  
                7.08121E-03      148.136E-06  
                7.09125E-03      150.599E-06  
                7.10128E-03      152.913E-06  
                7.11132E-03      155.075E-06  
                7.12135E-03      157.082E-06  
                7.13138E-03      158.934E-06  
                7.14142E-03      160.627E-06  
                7.15145E-03      162.161E-06  
                7.16149E-03      163.533E-06  
                7.17152E-03      164.742E-06  
                7.18155E-03      165.788E-06  
                7.19159E-03      166.669E-06  
                7.20162E-03      167.384E-06  
                7.21166E-03      167.933E-06  
                7.22169E-03      168.316E-06  
                7.23172E-03      168.531E-06  
                7.24176E-03      168.579E-06  
                7.25179E-03      168.46E-06   
                7.26183E-03      168.174E-06  
                7.27186E-03      167.72E-06   
                7.28189E-03      167.101E-06  
                7.29193E-03      166.315E-06  
                7.30196E-03      165.364E-06  
                7.312E-03        164.248E-06  
                7.32203E-03      162.97E-06   
                7.33206E-03      161.529E-06  
                7.3421E-03       159.927E-06  
                7.35213E-03      158.166E-06  
                7.36217E-03      156.248E-06  
                7.3722E-03       154.175E-06  
                7.38224E-03      151.948E-06  
                7.39227E-03      149.571E-06  
                7.4023E-03       147.045E-06  
                7.41234E-03      144.373E-06  
                7.42237E-03      141.558E-06  
                7.43241E-03      138.602E-06  
                7.44244E-03      135.509E-06  
                7.45247E-03      132.281E-06  
                7.46251E-03      128.922E-06  
                7.47003E-03      126.319E-06  
                7.48007E-03      122.738E-06  
                7.4901E-03       119.036E-06  
                7.50014E-03      115.215E-06  
                7.51017E-03      111.279E-06  
                7.5202E-03       107.234E-06  
                7.53024E-03      103.081E-06  
                7.54027E-03       98.8263E-06 
                7.55031E-03       94.473E-06  
                7.56034E-03       90.0257E-06 
                7.57037E-03       85.4889E-06 
                7.58041E-03       80.8671E-06 
                7.59044E-03       76.1648E-06 
                7.60048E-03       71.3867E-06 
                7.61051E-03       66.5376E-06 
                7.62054E-03       61.6226E-06 
                7.63058E-03       56.6471E-06 
                7.64061E-03       51.6174E-06 
                7.65065E-03       46.5424E-06 
                7.66068E-03       41.4368E-06 
                7.67071E-03       36.3252E-06 
                7.68075E-03       31.2499E-06 
                7.69078E-03       26.2768E-06 
                7.70082E-03       21.4989E-06 
                7.71085E-03       17.0322E-06 
                7.72088E-03       13.0009E-06 
                7.73092E-03        9.51522E-06
                7.74095E-03        6.64727E-06
                7.75099E-03        4.41465E-06
                7.76102E-03        2.77761E-06
                7.77106E-03        1.6509E-06 
                7.78109E-03      924.751E-09  
                7.79112E-03      487.351E-09  
                7.80116E-03      241.314E-09  
                7.81119E-03      112.165E-09  
                7.82122E-03       48.9004E-09 
                7.83126E-03       20.0077E-09 
                7.84129E-03        7.67846E-09
                7.85132E-03        2.77424E-09
                7.86135E-03      934.291E-12  
                7.87138E-03      284.671E-12  
                7.88142E-03       81.4093E-12 
                7.89145E-03       21.3155E-12 
                7.90148E-03       -3.02186E-12
                7.91151E-03        5.53871E-12
                7.92155E-03        8.24663E-12
                7.93158E-03       25.4661E-12 
                7.94161E-03       29.4686E-12 
                7.95164E-03        2.67564E-12
                7.96167E-03        7.81324E-12
                7.97171E-03       16.8829E-12 
                7.98174E-03       25.5139E-12 
                7.99177E-03       11.2754E-12 
                8.0018E-03        12.5535E-12 
                8.01184E-03        2.65909E-12
                8.02187E-03        9.87649E-12
                8.0319E-03        15.7316E-12 
                8.04193E-03       30.1905E-12 
                8.05196E-03       18.9912E-12 
                8.062E-03          6.78396E-12
                8.07203E-03        2.56492E-12
                8.08206E-03       10.9053E-12 
                8.09209E-03       22.3065E-12 
                8.10213E-03       20.7691E-12 
                8.11216E-03      -83.1281E-15 
                8.12219E-03        6.09388E-12
                8.13222E-03        8.94361E-12
                8.14225E-03        4.47905E-12
                8.15229E-03       -2.97679E-12
                8.16232E-03        7.85985E-12
                8.17235E-03       24.9098E-12 
                8.18238E-03       22.5961E-12 
                8.19242E-03       20.8343E-12 
                8.20245E-03       24.1314E-12 
                8.21248E-03       23.5464E-12 
                8.22E-03          28.1779E-12 
                8.23004E-03       35.6855E-12 
                8.24007E-03       31.2183E-12 
                8.2501E-03        20.0301E-12 
                8.26013E-03       18.3278E-12 
                8.27016E-03       12.5604E-12 
                8.2802E-03         1.83805E-12
                8.29023E-03        5.3559E-12 
                8.30026E-03        8.92151E-12
                8.31029E-03       10.798E-12  
                8.32033E-03        7.98471E-12
                8.33036E-03       10.5201E-12 
                8.34039E-03       13.0961E-12 
                8.35042E-03        8.97757E-12
                8.36045E-03       10.4992E-12 
                8.37049E-03       17.37E-12   
                8.38052E-03       23.3075E-12 
                8.39055E-03       22.5699E-12 
                8.40058E-03        9.71026E-12
                8.41062E-03        5.93675E-12
                8.42065E-03        8.1711E-12 
                8.43068E-03        8.78566E-12
                8.44071E-03       10.4245E-12 
                8.45074E-03       10.1175E-12 
                8.46078E-03        8.17017E-12
                8.47081E-03        3.14732E-12
                8.48084E-03        4.80918E-12
                8.49087E-03        6.68318E-12
                8.50091E-03       10.1898E-12 
                8.51094E-03       20.2914E-12 
                8.52097E-03       24.0573E-12 
                8.531E-03         18.5019E-12 
                8.54103E-03       18.0578E-12 
                8.55107E-03       23.147E-12  
                8.5611E-03        31.0987E-12 
                8.57113E-03       38.325E-12  
                8.58116E-03       40.7368E-12 
                8.5912E-03        46.1028E-12 
                8.60123E-03       55.5639E-12 
                8.61126E-03       51.8652E-12 
                8.62129E-03       33.8844E-12 
                8.63132E-03       19.9265E-12 
                8.64136E-03        9.0006E-12 
                8.65139E-03       -4.10349E-12
                8.66142E-03       -9.53064E-12
                8.67145E-03       -7.41649E-12
                8.68149E-03       -2.5306E-12 
                8.69152E-03        4.90989E-12
                8.70155E-03       11.2541E-12 
                8.71158E-03       10.0907E-12 
                8.72161E-03     -912.794E-15  
                8.73165E-03       -7.35975E-12
                8.74168E-03       -7.07016E-12
                8.75171E-03       -8.13822E-12
                8.76174E-03      -11.3066E-12 
                8.77178E-03      -15.1492E-12 
                8.78181E-03      -16.338E-12  
                8.79184E-03       -7.51886E-12
                8.80187E-03        4.20908E-12
                8.8119E-03         8.89429E-12
                8.82194E-03        9.33449E-12
                8.83197E-03        6.68192E-12
                8.842E-03          1.84257E-12
                8.85203E-03        1.81102E-12
                8.86207E-03        2.46594E-12
                8.8721E-03        -6.34792E-12
                8.88213E-03      -17.2017E-12 
                8.89216E-03      -19.6104E-12 
                8.90219E-03      -12.6744E-12 
                8.91223E-03       -1.7892E-12 
                8.92226E-03      637.419E-15  
                8.93229E-03       -6.6104E-12 
                8.94232E-03      -20.3534E-12 
                8.95236E-03      -26.9845E-12 
                8.96239E-03      -16.5751E-12 
                8.97242E-03       -7.32197E-12
                8.98245E-03       -6.72249E-12
                8.99248E-03       -6.42006E-12
                9.00001E-03       -8.27711E-12
                9.01004E-03      -14.4949E-12 
                9.02007E-03      -19.7835E-12 
                9.0301E-03       -21.8325E-12 
                9.04014E-03      -18.5716E-12 
                9.05017E-03       -8.34395E-12
                9.0602E-03         2.96983E-12
                9.07023E-03        9.26645E-12
                9.08027E-03       12.4728E-12 
                9.0903E-03        17.9401E-12 
                9.10033E-03       20.0458E-12 
                9.11036E-03        9.1531E-12 
                9.12039E-03       -9.77051E-12
                9.13043E-03      -23.67E-12   
                9.14046E-03      -29.9882E-12 
                9.15049E-03      -30.8524E-12 
                9.16052E-03      -27.8644E-12 
                9.17056E-03      -22.7928E-12 
                9.18059E-03      -19.8358E-12 
                9.19062E-03      -24.3431E-12 
                9.20065E-03      -33.0341E-12 
                9.21068E-03      -37.0034E-12 
                9.22072E-03      -33.1715E-12 
                9.23075E-03      -27.4181E-12 
                9.24078E-03      -23.4592E-12 
                9.25081E-03      -19.0298E-12 
                9.26085E-03      -11.5889E-12 
                9.27088E-03       -6.63056E-12
                9.28091E-03      -11.1788E-12 
                9.29094E-03      -19.7872E-12 
                9.30097E-03      -23.4194E-12 
                9.31101E-03      -19.3891E-12 
                9.32104E-03       -9.19896E-12
                9.33107E-03        1.82483E-12
                9.3411E-03         5.95681E-12
                9.35114E-03        1.73532E-12
                9.36117E-03       -5.83774E-12
                9.3712E-03       -10.7946E-12 
                9.38123E-03      -11.3615E-12 
                9.39126E-03       -9.2554E-12 
                9.4013E-03        -6.5964E-12 
                9.41133E-03       -7.30197E-12
                9.42136E-03      -10.5574E-12 
                9.43139E-03      -12.4377E-12 
                9.44143E-03      -14.0481E-12 
                9.45146E-03      -15.5275E-12 
                9.46149E-03      -15.0829E-12 
                9.47152E-03      -14.9566E-12 
                9.48155E-03      -17.853E-12  
                9.49159E-03      -23.0478E-12 
                9.50162E-03      -29.2082E-12 
                9.51165E-03      -35.4305E-12 
                9.52168E-03      -38.8367E-12 
                9.53172E-03      -35.7699E-12 
                9.54175E-03      -27.395E-12  
                9.55178E-03      -19.5457E-12 
                9.56181E-03      -16.2483E-12 
                9.57184E-03      -17.3881E-12 
                9.58188E-03      -18.8756E-12 
                9.59191E-03      -19.3691E-12 
                9.60194E-03      -20.8313E-12 
                9.61197E-03      -20.9675E-12 
                9.622E-03        -17.017E-12  
                9.63204E-03      -11.7E-12    
                9.64207E-03      -10.2448E-12 
                9.6521E-03       -16.0188E-12 
                9.66213E-03      -27.65E-12   
                9.67217E-03      -38.8287E-12 
                9.6822E-03       -43.6732E-12 
                9.69223E-03      -41.6775E-12 
                9.70226E-03      -35.3513E-12 
                9.71229E-03      -26.2749E-12 
                9.72233E-03      -15.9004E-12 
                9.73236E-03       -8.24469E-12
                9.74239E-03       -4.81809E-12
                9.75242E-03       -2.52566E-12
                9.76246E-03     -608.286E-15  
                9.77249E-03       -1.39348E-12
                9.78001E-03       -3.7751E-12 
                9.79004E-03       -6.80983E-12
                9.80008E-03       -7.41754E-12
                9.81011E-03       -5.85186E-12
                9.82014E-03       -5.46004E-12
                9.83017E-03       -9.24761E-12
                9.84021E-03      -15.5284E-12 
                9.85024E-03      -19.226E-12  
                9.86027E-03      -16.1279E-12 
                9.8703E-03        -7.33258E-12
                9.88033E-03      626.541E-15  
                9.89037E-03        3.75467E-12
                9.9004E-03         4.37521E-12
                9.91043E-03        6.56375E-12
                9.92046E-03       11.2448E-12 
                9.9305E-03        18.5852E-12 
                9.94053E-03       39.4472E-12 
                9.95056E-03      109.373E-12  
                9.96059E-03      328.444E-12  
                9.97062E-03      975.027E-12  
                9.98062E-03        2.74341E-09
                9.99041E-03        7.11503E-09
               10.E-03            17.0104E-09 




