
                  X               _temp_1     

                0.                 0.         
               12.6684E-06         3.37271E-06
               25.3367E-06         6.73204E-06
               31.6709E-06         8.31186E-06
               44.3393E-06        11.6926E-06 
               50.6734E-06        13.4306E-06 
               63.3418E-06        16.7002E-06 
               76.0102E-06        19.9738E-06 
               82.3443E-06        21.6151E-06 
               95.0127E-06        24.9017E-06 
              101.347E-06         26.5167E-06 
              114.015E-06         29.636E-06  
              120.349E-06         31.2083E-06 
              133.018E-06         34.3256E-06 
              145.686E-06         37.4427E-06 
              152.02E-06          38.9634E-06 
              164.689E-06         41.8432E-06 
              171.023E-06         43.2853E-06 
              183.691E-06         46.1635E-06 
              190.025E-06         47.6021E-06 
              202.694E-06         50.4194E-06 
              215.362E-06         52.9864E-06 
              221.696E-06         54.272E-06  
              234.365E-06         56.8392E-06 
              240.699E-06         58.1211E-06 
              253.367E-06         60.5957E-06 
              266.036E-06         62.7883E-06 
              272.37E-06          63.8849E-06 
              285.038E-06         66.0776E-06 
              291.372E-06         67.1736E-06 
              304.041E-06         69.2389E-06 
              310.375E-06         70.1167E-06 
              323.043E-06         71.8812E-06 
              335.712E-06         73.6459E-06 
              342.046E-06         74.5298E-06 
              354.714E-06         76.1296E-06 
              361.048E-06         76.7667E-06 
              373.717E-06         78.0596E-06 
              380.051E-06         78.712E-06  
              392.719E-06         80.003E-06  
              405.388E-06         81.0942E-06 
              411.722E-06         81.4741E-06 
              424.39E-06          82.2636E-06 
              430.725E-06         82.668E-06  
              443.393E-06         83.4544E-06 
              456.061E-06         84.0076E-06 
              462.395E-06         84.1204E-06 
              475.064E-06         84.3871E-06 
              481.398E-06         84.5339E-06 
              494.066E-06         84.7964E-06 
              500.401E-06         84.9059E-06 
              513.069E-06         84.6418E-06 
              525.737E-06         84.379E-06  
              532.071E-06         84.2606E-06 
              544.74E-06          83.9933E-06 
              551.074E-06         83.8126E-06 
              563.742E-06         83.0254E-06 
              570.076E-06         82.6455E-06 
              582.745E-06         81.8555E-06 
              595.413E-06         81.0655E-06 
              601.747E-06         80.6015E-06 
              614.415E-06         79.31E-06   
              620.75E-06          78.6736E-06 
              633.418E-06         77.3803E-06 
              646.086E-06         76.0871E-06 
              652.42E-06          75.3534E-06 
              665.089E-06         73.5895E-06 
              671.423E-06         72.7127E-06 
              684.091E-06         70.948E-06  
              690.425E-06         70.0625E-06 
              703.094E-06         68.2014E-06 
              715.762E-06         66.0088E-06 
              722.096E-06         64.9138E-06 
              734.764E-06         62.721E-06  
              741.099E-06         61.6236E-06 
              753.767E-06         59.3272E-06 
              760.101E-06         58.0413E-06 
              772.769E-06         55.4743E-06 
              785.438E-06         52.9074E-06 
              791.772E-06         51.6245E-06 
              804.44E-06          48.9552E-06 
              810.774E-06         47.511E-06  
              823.443E-06         44.6326E-06 
              836.111E-06         41.7544E-06 
              842.445E-06         40.3171E-06 
              855.113E-06         37.3473E-06 
              861.448E-06         35.7817E-06 
              874.116E-06         32.6632E-06 
              880.45E-06          31.1078E-06 
              893.118E-06         27.9879E-06 
              905.787E-06         24.7983E-06 
              912.121E-06         23.1509E-06 
              924.789E-06         19.8684E-06 
              931.123E-06         18.2308E-06 
              943.792E-06         14.947E-06  
              950.126E-06         13.3028E-06 
              962.794E-06          9.93738E-06
              975.462E-06          6.57208E-06
              981.797E-06          4.89154E-06
              994.465E-06          1.52535E-06
                1.0008E-03        39.3819E-09 
                1.01347E-03       45.7937E-09 
                1.02614E-03       41.7053E-09 
                1.03247E-03      -37.1784E-09 
                1.04514E-03      -26.0358E-09 
                1.05147E-03       20.269E-09  
                1.06414E-03       10.0218E-09 
                1.07047E-03       -5.91561E-09
                1.08314E-03       25.7536E-12 
                1.09581E-03        3.03692E-09
                1.10215E-03       -3.66218E-09
                1.11481E-03       -3.627E-09  
                1.12115E-03        3.22355E-09
                1.13382E-03        2.04676E-09
                1.14015E-03       -1.46234E-09
                1.15282E-03     -409.916E-12  
                1.16549E-03      287.301E-12  
                1.17182E-03     -480.539E-12  
                1.18449E-03     -624.319E-12  
                1.19082E-03      604.622E-12  
                1.20349E-03      448.29E-12   
                1.21616E-03      245.185E-12  
                1.22249E-03     -154.828E-12  
                1.23516E-03       -8.23885E-12
                1.2415E-03       -68.6372E-12 
                1.25417E-03     -121.364E-12  
                1.2605E-03       107.073E-12  
                1.27317E-03      102.438E-12  
                1.28584E-03       72.1304E-12 
                1.29217E-03      -39.416E-12  
                1.30484E-03      -12.1139E-12 
                1.31117E-03     -964.923E-15  
                1.32384E-03      -14.5786E-12 
                1.33018E-03       26.7418E-12 
                1.34284E-03       33.0537E-12 
                1.35551E-03       24.3096E-12 
                1.36185E-03       -7.35395E-12
                1.37451E-03       -3.11068E-12
                1.38085E-03        3.87158E-12
                1.39352E-03        4.14373E-12
                1.40619E-03        8.8881E-12 
                1.41252E-03       16.139E-12  
                1.42519E-03        3.70212E-12
                1.43152E-03      -10.9466E-12 
                1.44419E-03      -18.2577E-12 
                1.45052E-03      -16.0475E-12 
                1.46319E-03       -8.79262E-12
                1.47586E-03        3.86407E-12
                1.4822E-03         7.31309E-12
                1.49486E-03        3.85914E-12
                1.5012E-03         1.56302E-12
                1.51387E-03        4.44097E-12
                1.5202E-03         5.62797E-12
                1.53287E-03       -1.0628E-12 
                1.54554E-03       -5.25319E-12
                1.55187E-03       -3.438E-12  
                1.56454E-03        2.58359E-12
                1.57087E-03        2.14839E-12
                1.58354E-03       -3.25642E-12
                1.59621E-03       -5.99326E-12
                1.60254E-03       -5.59064E-12
                1.61521E-03       -4.17632E-12
                1.62155E-03       -3.83727E-12
                1.63421E-03       -6.52131E-12
                1.64055E-03       -9.44646E-12
                1.65322E-03      -10.6888E-12 
                1.66589E-03       -3.56212E-12
                1.67222E-03     -500.617E-15  
                1.68489E-03     -112.399E-15  
                1.69122E-03       -4.01977E-12
                1.70389E-03      -13.4397E-12 
                1.71022E-03      -13.7937E-12 
                1.72289E-03       -6.63879E-12
                1.73556E-03     -513.822E-15  
                1.7419E-03       608.619E-15  
                1.75456E-03        1.44487E-12
                1.7609E-03         3.03296E-12
                1.77357E-03        6.87909E-12
                1.78623E-03        5.74784E-12
                1.79257E-03        3.61792E-12
                1.80524E-03      -60.4935E-15 
                1.81157E-03      150.575E-15  
                1.82424E-03        4.51309E-12
                1.83057E-03        6.08535E-12
                1.84324E-03        3.458E-12  
                1.85591E-03       -3.95964E-12
                1.86224E-03       -6.74238E-12
                1.87491E-03       -8.24895E-12
                1.88125E-03       -8.17024E-12
                1.89392E-03       -7.83939E-12
                1.90025E-03       -7.72513E-12
                1.91292E-03       -9.35723E-12
                1.92559E-03      -12.4109E-12 
                1.93192E-03      -12.1243E-12 
                1.94459E-03       -5.88534E-12
                1.95092E-03       -2.53189E-12
                1.96359E-03     -751.53E-15   
                1.97626E-03       -1.50166E-12
                1.98259E-03       -1.27093E-12
                1.99526E-03      -96.8248E-15 
                2.0016E-03         1.00546E-12
                2.01426E-03        4.86648E-12
                2.0206E-03         7.52027E-12
                2.03327E-03       14.328E-12  
                2.04593E-03       18.8226E-12 
                2.05227E-03       18.0196E-12 
                2.06494E-03       12.0809E-12 
                2.07127E-03        9.37361E-12
                2.08394E-03        8.08377E-12
                2.09027E-03        9.02354E-12
                2.10294E-03       11.0398E-12 
                2.11561E-03       11.5003E-12 
                2.12194E-03       10.828E-12  
                2.13461E-03        6.96524E-12
                2.14095E-03        4.45312E-12
                2.15362E-03      805.213E-15  
                2.16628E-03       -1.05076E-12
                2.17262E-03       -1.75391E-12
                2.18529E-03       -2.8436E-12 
                2.19162E-03       -2.73068E-12
                2.20429E-03     -386.179E-15  
                2.21062E-03        1.20267E-12
                2.22329E-03        3.26154E-12
                2.23596E-03        4.11629E-12
                2.24229E-03        4.74298E-12
                2.25496E-03        6.23182E-12
                2.2613E-03         6.18724E-12
                2.27396E-03        3.48986E-12
                2.2803E-03         1.64398E-12
                2.29297E-03     -945.94E-15   
                2.30564E-03       -2.91081E-12
                2.31197E-03       -4.42926E-12
                2.32464E-03       -7.36412E-12
                2.33097E-03       -7.47304E-12
                2.34364E-03       -4.12379E-12
                2.35631E-03     -397.489E-15  
                2.36264E-03       12.9949E-15 
                2.37531E-03       -1.68845E-12
                2.38165E-03       -2.57884E-12
                2.39431E-03       -1.23822E-12
                2.40065E-03        1.29481E-12
                2.41332E-03        6.99257E-12
                2.42598E-03        8.37347E-12
                2.43232E-03        7.43583E-12
                2.44499E-03        5.86045E-12
                2.45132E-03        6.12198E-12
                2.46399E-03        7.72925E-12
                2.47032E-03        8.03616E-12
                2.48299E-03        6.501E-12  
                2.49566E-03        4.34107E-12
                2.50199E-03        4.28605E-12
                2.51466E-03        6.35746E-12
                2.521E-03          7.47263E-12
                2.53367E-03        7.484E-12  
                2.54633E-03        4.56404E-12
                2.55267E-03        2.75647E-12
                2.56534E-03      207.998E-15  
                2.57167E-03     -132.405E-15  
                2.58434E-03      872.012E-15  
                2.59067E-03        2.00985E-12
                2.60334E-03        5.40198E-12
                2.61601E-03        9.38742E-12
                2.62234E-03       11.0609E-12 
                2.63501E-03       13.33E-12   
                2.64135E-03       13.8752E-12 
                2.65401E-03       13.2829E-12 
                2.66035E-03       11.983E-12  
                2.67302E-03        8.04313E-12
                2.68568E-03        4.39868E-12
                2.69202E-03        3.17398E-12
                2.70469E-03        1.50181E-12
                2.71102E-03      716.854E-15  
                2.72369E-03       -1.14474E-12
                2.73002E-03       -2.17961E-12
                2.74269E-03       -4.06267E-12
                2.75536E-03       -4.75332E-12
                2.76169E-03       -4.33674E-12
                2.77436E-03       -2.32427E-12
                2.7807E-03        -1.2321E-12 
                2.79337E-03     -323.336E-15  
                2.80603E-03       -2.46602E-12
                2.81237E-03       -4.66669E-12
                2.82504E-03       -9.42107E-12
                2.83137E-03      -10.9758E-12 
                2.84404E-03      -11.577E-12  
                2.85037E-03      -11.0912E-12 
                2.86304E-03       -9.92212E-12
                2.87571E-03       -8.4865E-12 
                2.88204E-03       -7.33005E-12
                2.89471E-03       -4.06967E-12
                2.90105E-03       -2.26959E-12
                2.91371E-03      607.69E-15   
                2.92005E-03        1.32067E-12
                2.93272E-03        1.01743E-12
                2.94539E-03     -309.938E-15  
                2.95172E-03     -506.77E-15   
                2.96439E-03        1.05728E-12
                2.97072E-03        2.62207E-12
                2.98339E-03        5.88351E-12
                2.99606E-03        7.61452E-12
                3.00239E-03        7.6249E-12 
                3.01506E-03        6.30305E-12
                3.0214E-03         5.33056E-12
                3.03406E-03        3.67563E-12
                3.0404E-03         3.18819E-12
                3.05307E-03        2.58325E-12
                3.06573E-03        1.1216E-12 
                3.07207E-03     -290.16E-15   
                3.08474E-03       -3.9863E-12 
                3.09107E-03       -5.76201E-12
                3.10374E-03       -8.08276E-12
                3.11007E-03       -8.45167E-12
                3.12274E-03       -6.32326E-12
                3.13541E-03       16.9965E-12 
                3.14174E-03       64.4555E-12 
                3.15441E-03      467.055E-12  
                3.16075E-03        1.09148E-09
                3.17342E-03        4.94477E-09
                3.18608E-03       18.1597E-09 
                3.19242E-03       32.4611E-09 
                3.20509E-03       91.5155E-09 
                3.21142E-03      145.051E-09  
                3.22409E-03      328.422E-09  
                3.23042E-03      471.151E-09  
                3.24309E-03      890.216E-09  
                3.25576E-03        1.51972E-06
                3.26209E-03        1.92002E-06
                3.27476E-03        2.8896E-06 
                3.2811E-03         3.453E-06  
                3.29376E-03        4.71311E-06
                3.3001E-03         5.39813E-06
                3.31277E-03        6.84801E-06
                3.32543E-03        8.36823E-06
                3.33177E-03        9.14342E-06
                3.34444E-03       10.7071E-06 
                3.35077E-03       11.4907E-06 
                3.36344E-03       13.0527E-06 
                3.37611E-03       14.6003E-06 
                3.38244E-03       15.3667E-06 
                3.39511E-03       16.8821E-06 
                3.40144E-03       17.6302E-06 
                3.41411E-03       19.1054E-06 
                3.42045E-03       19.8318E-06 
                3.43312E-03       21.261E-06  
                3.44578E-03       22.6564E-06 
                3.45212E-03       23.3408E-06 
                3.46479E-03       24.6817E-06 
                3.47112E-03       25.3376E-06 
                3.48379E-03       26.619E-06  
                3.49012E-03       27.2441E-06 
                3.50279E-03       28.4615E-06 
                3.51546E-03       29.6339E-06 
                3.52179E-03       30.2026E-06 
                3.53446E-03       31.3038E-06 
                3.5408E-03        31.8359E-06 
                3.55346E-03       32.8614E-06 
                3.56613E-03       33.8332E-06 
                3.57247E-03       34.2977E-06 
                3.58514E-03       35.1794E-06 
                3.59147E-03       35.5942E-06 
                3.60414E-03       36.3615E-06 
                3.61047E-03       36.7087E-06 
                3.62314E-03       37.3118E-06 
                3.63581E-03       37.763E-06  
                3.64214E-03       37.9192E-06 
                3.65481E-03       38.0687E-06 
                3.66115E-03       38.054E-06  
                3.67381E-03       37.8328E-06 
                3.68015E-03       37.625E-06  
                3.69282E-03       37.0209E-06 
                3.70548E-03       36.1868E-06 
                3.71182E-03       35.6942E-06 
                3.72449E-03       34.5825E-06 
                3.73082E-03       33.9729E-06 
                3.74349E-03       32.6677E-06 
                3.75616E-03       31.2702E-06 
                3.76249E-03       30.5435E-06 
                3.77516E-03       29.0434E-06 
                3.78149E-03       28.2726E-06 
                3.79416E-03       26.6943E-06 
                3.8005E-03        25.8881E-06 
                3.81316E-03       24.2443E-06 
                3.82583E-03       22.5615E-06 
                3.83217E-03       21.7064E-06 
                3.84484E-03       19.9708E-06 
                3.85117E-03       19.091E-06  
                3.86384E-03       17.3089E-06 
                3.87017E-03       16.4074E-06 
                3.88284E-03       14.5853E-06 
                3.89551E-03       12.7401E-06 
                3.90184E-03       11.8098E-06 
                3.91451E-03        9.93547E-06
                3.92085E-03        8.99222E-06
                3.93351E-03        7.09541E-06
                3.94618E-03        5.18735E-06
                3.95252E-03        4.23003E-06
                3.96519E-03        2.31068E-06
                3.97152E-03        1.34938E-06
                3.98419E-03     -574.71E-09   
                3.99052E-03       -1.53682E-06
                4.00319E-03       -3.45962E-06
                4.01586E-03       -5.37869E-06
                4.0222E-03        -6.33624E-06
                4.03487E-03       -8.2465E-06 
                4.0412E-03        -9.19891E-06
                4.05387E-03      -11.0977E-06 
                4.0602E-03       -12.0438E-06 
                4.07287E-03      -13.9288E-06 
                4.08554E-03      -15.8026E-06 
                4.09187E-03      -16.7345E-06 
                4.10454E-03      -18.5864E-06 
                4.11088E-03      -19.5054E-06 
                4.12355E-03      -21.3265E-06 
                4.13622E-03      -23.121E-06  
                4.14255E-03      -24.0068E-06 
                4.15522E-03      -25.7521E-06 
                4.16155E-03      -26.6103E-06 
                4.17422E-03      -28.2932E-06 
                4.18056E-03      -29.1155E-06 
                4.19322E-03      -30.7114E-06 
                4.20589E-03      -32.2207E-06 
                4.21223E-03      -32.9314E-06 
                4.2249E-03       -34.2345E-06 
                4.23123E-03      -34.8135E-06 
                4.2439E-03       -35.7934E-06 
                4.25023E-03      -36.1839E-06 
                4.2629E-03       -36.7502E-06 
                4.27557E-03      -37.0297E-06 
                4.28191E-03      -37.0681E-06 
                4.29458E-03      -36.9652E-06 
                4.30091E-03      -36.8353E-06 
                4.31358E-03      -36.4472E-06 
                4.32625E-03      -35.9225E-06 
                4.33258E-03      -35.6195E-06 
                4.34525E-03      -34.9476E-06 
                4.35158E-03      -34.5832E-06 
                4.36425E-03      -33.805E-06  
                4.37059E-03      -33.3932E-06 
                4.38326E-03      -32.5276E-06 
                4.39593E-03      -31.609E-06  
                4.40226E-03      -31.1305E-06 
                4.41493E-03      -30.1367E-06 
                4.42126E-03      -29.6217E-06 
                4.43393E-03      -28.5569E-06 
                4.44027E-03      -28.0075E-06 
                4.45293E-03      -26.8759E-06 
                4.4656E-03       -25.7021E-06 
                4.47194E-03      -25.1E-06    
                4.48461E-03      -23.8667E-06 
                4.49094E-03      -23.236E-06  
                4.50361E-03      -21.9477E-06 
                4.51628E-03      -20.6252E-06 
                4.52261E-03      -19.9518E-06 
                4.53528E-03      -18.5821E-06 
                4.54162E-03      -17.8864E-06 
                4.55429E-03      -16.4747E-06 
                4.56062E-03      -15.7597E-06 
                4.57329E-03      -14.3139E-06 
                4.58596E-03      -12.8535E-06 
                4.59229E-03      -12.1212E-06 
                4.60496E-03      -10.663E-06  
                4.61129E-03       -9.94311E-06
                4.62396E-03       -8.54089E-06
                4.6303E-03        -7.86789E-06
                4.64297E-03       -6.60371E-06
                4.65564E-03       -5.48206E-06
                4.66197E-03       -4.9853E-06 
                4.67464E-03       -4.13291E-06
                4.68097E-03       -3.77881E-06
                4.69364E-03       -3.20904E-06
                4.70631E-03       -2.80359E-06
                4.71265E-03       -2.65219E-06
                4.72531E-03       -2.42889E-06
                4.73165E-03       -2.34803E-06
                4.74432E-03       -2.22828E-06
                4.75065E-03       -2.18302E-06
                4.76332E-03       -2.10973E-06
                4.77599E-03       -2.04876E-06
                4.78232E-03       -2.02025E-06
                4.79499E-03       -1.9642E-06 
                4.80133E-03       -1.93597E-06
                4.814E-03         -1.87813E-06
                4.82033E-03       -1.84833E-06
                4.833E-03         -1.78678E-06
                4.84567E-03       -1.72252E-06
                4.852E-03         -1.68938E-06
                4.86467E-03       -1.62115E-06
                4.871E-03         -1.58607E-06
                4.88367E-03       -1.51407E-06
                4.89001E-03       -1.47717E-06
                4.90268E-03       -1.40167E-06
                4.91535E-03       -1.32399E-06
                4.92168E-03       -1.28437E-06
                4.93435E-03       -1.20364E-06
                4.94068E-03       -1.16258E-06
                4.95335E-03       -1.07914E-06
                4.96602E-03     -994.098E-09  
                4.97235E-03     -951.055E-09  
                4.98502E-03     -864.142E-09  
                4.99136E-03     -820.396E-09  
                5.00403E-03     -732.761E-09  
                5.01036E-03     -689.115E-09  
                5.02303E-03     -602.975E-09  
                5.0357E-03      -519.773E-09  
                5.04203E-03     -479.891E-09  
                5.0547E-03      -404.922E-09  
                5.06104E-03     -370.37E-09   
                5.07371E-03     -308.3E-09    
                5.08004E-03     -281.125E-09  
                5.09271E-03     -234.925E-09  
                5.10538E-03     -199.414E-09  
                5.11171E-03     -185.372E-09  
                5.12438E-03     -163.708E-09  
                5.13071E-03     -155.597E-09  
                5.14338E-03     -143.551E-09  
                5.15605E-03     -135.506E-09  
                5.16239E-03     -132.48E-09   
                5.17506E-03     -127.655E-09  
                5.18139E-03     -125.631E-09  
                5.19406E-03     -121.973E-09  
                5.20039E-03     -120.237E-09  
                5.21306E-03     -116.794E-09  
                5.22573E-03     -113.282E-09  
                5.23207E-03     -111.479E-09  
                5.24473E-03     -107.762E-09  
                5.25107E-03     -105.845E-09  
                5.26374E-03     -101.891E-09  
                5.27007E-03      -99.8546E-09 
                5.28274E-03      -95.6676E-09 
                5.29541E-03      -91.3296E-09 
                5.30174E-03      -89.1051E-09 
                5.31441E-03      -84.5504E-09 
                5.32075E-03      -82.2228E-09 
                5.33342E-03      -77.4737E-09 
                5.34608E-03      -72.6063E-09 
                5.35242E-03      -70.1311E-09 
                5.36509E-03      -65.1036E-09 
                5.37142E-03      -62.5545E-09 
                5.38409E-03      -57.396E-09  
                5.39042E-03      -54.7922E-09 
                5.40309E-03      -49.5541E-09 
                5.41576E-03      -44.3117E-09 
                5.4221E-03       -41.7066E-09 
                5.43477E-03      -36.5762E-09 
                5.4411E-03       -34.0743E-09 
                5.45377E-03      -29.2633E-09 
                5.4601E-03       -26.983E-09  
                5.47277E-03      -22.746E-09  
                5.48544E-03      -19.0282E-09 
                5.49178E-03      -17.3891E-09 
                5.50444E-03      -14.5752E-09 
                5.51078E-03      -13.4001E-09 
                5.52345E-03      -11.4897E-09 
                5.53612E-03      -10.1031E-09 
                5.54245E-03       -9.57543E-09
                5.55512E-03       -8.78153E-09
                5.56145E-03       -8.48764E-09
                5.57412E-03       -8.04406E-09
                5.58046E-03       -7.87369E-09
                5.59313E-03       -7.59591E-09
                5.60579E-03       -7.3658E-09 
                5.61213E-03       -7.25905E-09
                5.6248E-03        -7.04958E-09
                5.63113E-03       -6.94373E-09
                5.6438E-03        -6.72658E-09
                5.65013E-03       -6.61506E-09
                5.6628E-03        -6.38616E-09
                5.67547E-03       -6.14777E-09
                5.68181E-03       -6.02424E-09
                5.69448E-03       -5.76898E-09
                5.70081E-03       -5.63796E-09
                5.71348E-03       -5.37031E-09
                5.72615E-03       -5.09554E-09
                5.73248E-03       -4.95562E-09
                5.74515E-03       -4.67088E-09
                5.75148E-03       -4.52608E-09
                5.76415E-03       -4.23204E-09
                5.77049E-03       -4.08292E-09
                5.78316E-03       -3.78063E-09
                5.79583E-03       -3.47283E-09
                5.80216E-03       -3.31683E-09
                5.81483E-03       -3.0017E-09 
                5.82116E-03       -2.84348E-09
                5.83383E-03       -2.52855E-09
                5.84017E-03       -2.37308E-09
                5.85284E-03       -2.06954E-09
                5.8655E-03        -1.78099E-09
                5.87184E-03       -1.64444E-09
                5.88451E-03       -1.39134E-09
                5.89084E-03       -1.27627E-09
                5.90351E-03       -1.07128E-09
                5.91618E-03     -901.055E-12  
                5.92251E-03     -829.049E-12  
                5.93518E-03     -710.426E-12  
                5.94152E-03     -663.142E-12  
                5.95419E-03     -589.905E-12  
                5.96052E-03     -562.346E-12  
                5.97319E-03     -520.429E-12  
                5.98586E-03     -490.365E-12  
                5.99219E-03     -478.426E-12  
                6.00486E-03     -459.344E-12  
                6.0112E-03      -451.714E-12  
                6.02386E-03     -439.044E-12  
                6.0302E-03      -433.565E-12  
                6.04287E-03     -423.227E-12  
                6.05554E-03     -412.053E-12  
                6.06187E-03     -405.694E-12  
                6.07454E-03     -391.649E-12  
                6.08087E-03     -384.286E-12  
                6.09354E-03     -369.339E-12  
                6.10621E-03     -354.153E-12  
                6.11255E-03     -346.465E-12  
                6.12521E-03     -330.831E-12  
                6.13155E-03     -322.892E-12  
                6.14422E-03     -306.965E-12  
                6.15055E-03     -298.992E-12  
                6.16322E-03     -282.631E-12  
                6.17589E-03     -265.038E-12  
                6.18222E-03     -255.709E-12  
                6.19489E-03     -236.325E-12  
                6.20123E-03     -226.388E-12  
                6.2139E-03      -205.952E-12  
                6.22023E-03     -195.394E-12  
                6.2329E-03      -173.95E-12   
                6.24557E-03     -153.1E-12    
                6.2519E-03      -143.15E-12   
                6.26457E-03     -124.167E-12  
                6.27091E-03     -115.101E-12  
                6.28357E-03      -98.0476E-12 
                6.29624E-03      -83.0502E-12 
                6.30258E-03      -76.4996E-12 
                6.31525E-03      -65.135E-12  
                6.32158E-03      -59.8992E-12 
                6.33425E-03      -47.3233E-12 
                6.34058E-03      -37.1753E-12 
                6.35325E-03        6.75848E-12
                6.36592E-03      132.881E-12  
                6.37226E-03      264.333E-12  
                6.38492E-03      820.315E-12  
                6.39126E-03        1.35507E-09
                6.40393E-03        3.40469E-09
                6.41026E-03        5.21425E-09
                6.42293E-03       11.5124E-09 
                6.4356E-03        23.5976E-09 
                6.44193E-03       32.9157E-09 
                6.4546E-03        60.9792E-09 
                6.46094E-03       81.0818E-09 
                6.47361E-03      137.185E-09  
                6.48627E-03      219.67E-09   
                6.49261E-03      272.65E-09   
                6.50528E-03      405.151E-09  
                6.51161E-03      485.556E-09  
                6.52428E-03      675.816E-09  
                6.53061E-03      785.656E-09  
                6.54328E-03        1.03356E-06
                6.55595E-03        1.31591E-06
                6.56229E-03        1.46842E-06
                6.57496E-03        1.79237E-06
                6.58129E-03        1.96222E-06
                6.59396E-03        2.31382E-06
                6.60029E-03        2.49411E-06
                6.61296E-03        2.86039E-06
                6.62563E-03        3.23064E-06
                6.63197E-03        3.41609E-06
                6.64463E-03        3.78589E-06
                6.65097E-03        3.96965E-06
                6.66364E-03        4.33376E-06
                6.67631E-03        4.69216E-06
                6.68264E-03        4.86886E-06
                6.69531E-03        5.21671E-06
                6.70164E-03        5.38767E-06
                6.71431E-03        5.72321E-06
                6.72065E-03        5.88765E-06
                6.73332E-03        6.20949E-06
                6.74598E-03        6.52149E-06
                6.75232E-03        6.67362E-06
                6.76499E-03        6.96977E-06
                6.77132E-03        7.11363E-06
                6.78399E-03        7.39238E-06
                6.79033E-03        7.52702E-06
                6.80299E-03        7.7859E-06 
                6.81566E-03        8.0292E-06 
                6.822E-03          8.1441E-06 
                6.83467E-03        8.35785E-06
                6.841E-03          8.45536E-06
                6.85367E-03        8.62744E-06
                6.86E-03           8.69997E-06
                6.87267E-03        8.81215E-06
                6.88534E-03        8.87175E-06
                6.89168E-03        8.87847E-06
                6.90434E-03        8.83938E-06
                6.91068E-03        8.79131E-06
                6.92335E-03        8.63381E-06
                6.93602E-03        8.39133E-06
                6.94235E-03        8.23799E-06
                6.95502E-03        7.86891E-06
                6.96135E-03        7.65461E-06
                6.97402E-03        7.17147E-06
                6.98036E-03        6.90508E-06
                6.99303E-03        6.32937E-06
                7.00569E-03        5.70561E-06
                7.01203E-03        5.37909E-06
                7.0247E-03         4.70304E-06
                7.03103E-03        4.35588E-06
                7.0437E-03         3.64892E-06
                7.05003E-03        3.2914E-06 
                7.0627E-03         2.57458E-06
                7.07537E-03        1.86596E-06
                7.08171E-03        1.51989E-06
                7.09438E-03      858.567E-09  
                7.10071E-03      550.905E-09  
                7.11338E-03        6.14611E-09
                7.12605E-03     -402.141E-09  
                7.13238E-03     -536.118E-09  
                7.14505E-03     -619.519E-09  
                7.15139E-03     -549.8E-09    
                7.16405E-03     -138.657E-09  
                7.17039E-03      221.563E-09  
                7.18306E-03        1.29285E-06
                7.19573E-03        2.87358E-06
                7.20206E-03        3.86479E-06
                7.21473E-03        6.25296E-06
                7.22106E-03        7.64607E-06
                7.23373E-03       10.8079E-06 
                7.24007E-03       12.5633E-06 
                7.25274E-03       16.3818E-06 
                7.2654E-03        20.548E-06  
                7.27174E-03       22.7373E-06 
                7.28441E-03       27.2814E-06 
                7.29074E-03       29.6189E-06 
                7.30341E-03       34.3862E-06 
                7.31608E-03       39.2333E-06 
                7.32241E-03       41.6732E-06 
                7.33508E-03       46.5638E-06 
                7.34142E-03       49.0074E-06 
                7.35409E-03       53.8763E-06 
                7.36042E-03       56.2967E-06 
                7.37309E-03       61.0982E-06 
                7.38576E-03       65.835E-06  
                7.39209E-03       68.1747E-06 
                7.40476E-03       72.7894E-06 
                7.4111E-03        75.0615E-06 
                7.42376E-03       79.529E-06  
                7.4301E-03        81.7223E-06 
                7.44277E-03       86.0241E-06 
                7.45544E-03       90.2086E-06 
                7.46177E-03       92.2559E-06 
                7.47444E-03       96.26E-06   
                7.48077E-03       98.2168E-06 
                7.49344E-03      102.04E-06   
                7.50611E-03      105.744E-06  
                7.51245E-03      107.551E-06  
                7.52511E-03      111.077E-06  
                7.53145E-03      112.796E-06  
                7.54412E-03      116.144E-06  
                7.55045E-03      117.774E-06  
                7.56312E-03      120.942E-06  
                7.57579E-03      123.989E-06  
                7.58212E-03      125.466E-06  
                7.59479E-03      128.326E-06  
                7.60113E-03      129.707E-06  
                7.6138E-03       132.372E-06  
                7.62013E-03      133.653E-06  
                7.6328E-03       136.108E-06  
                7.64547E-03      138.413E-06  
                7.6518E-03       139.507E-06  
                7.66447E-03      141.567E-06  
                7.67081E-03      142.531E-06  
                7.68347E-03      144.32E-06   
                7.69614E-03      145.914E-06  
                7.70248E-03      146.635E-06  
                7.71515E-03      147.918E-06  
                7.72148E-03      148.479E-06  
                7.73415E-03      149.435E-06  
                7.74048E-03      149.828E-06  
                7.75315E-03      150.444E-06  
                7.76582E-03      150.829E-06  
                7.77216E-03      150.934E-06  
                7.78482E-03      150.968E-06  
                7.79116E-03      150.896E-06  
                7.80383E-03      150.575E-06  
                7.81016E-03      150.325E-06  
                7.82283E-03      149.645E-06  
                7.8355E-03       148.722E-06  
                7.84183E-03      148.168E-06  
                7.8545E-03       146.872E-06  
                7.86083E-03      146.128E-06  
                7.8735E-03       144.445E-06  
                7.88617E-03      142.494E-06  
                7.8925E-03       141.417E-06  
                7.90517E-03      139.051E-06  
                7.91151E-03      137.763E-06  
                7.92417E-03      134.972E-06  
                7.93051E-03      133.47E-06   
                7.94317E-03      130.255E-06  
                7.95584E-03      126.765E-06  
                7.96218E-03      124.92E-06   
                7.97484E-03      121.041E-06  
                7.98118E-03      119.01E-06   
                7.99385E-03      114.776E-06  
                8.00018E-03      112.578E-06  
                8.01285E-03      108.029E-06  
                8.02552E-03      103.291E-06  
                8.03185E-03      100.857E-06  
                8.04452E-03       95.8655E-06 
                8.05085E-03       93.3129E-06 
                8.06352E-03       88.1043E-06 
                8.07619E-03       82.7741E-06 
                8.08252E-03       80.0707E-06 
                8.09519E-03       74.6065E-06 
                8.10152E-03       71.8552E-06 
                8.11419E-03       66.3436E-06 
                8.12052E-03       63.5976E-06 
                8.13319E-03       58.1674E-06 
                8.14586E-03       52.8845E-06 
                8.15219E-03       50.3244E-06 
                8.16486E-03       45.4209E-06 
                8.1712E-03        43.0981E-06 
                8.18386E-03       38.7567E-06 
                8.1902E-03        36.753E-06  
                8.20287E-03       33.1057E-06 
                8.21553E-03       29.9528E-06 
                8.22187E-03       28.5602E-06 
                8.23454E-03       26.1248E-06 
                8.24087E-03       25.0707E-06 
                8.25354E-03       23.2533E-06 
                8.2662E-03        21.7683E-06 
                8.27254E-03       21.1292E-06 
                8.28521E-03       20.0166E-06 
                8.29154E-03       19.5282E-06 
                8.30421E-03       18.6547E-06 
                8.31054E-03       18.2586E-06 
                8.32321E-03       17.5258E-06 
                8.33588E-03       16.85E-06   
                8.34221E-03       16.5271E-06 
                8.35488E-03       15.9023E-06 
                8.36121E-03       15.5975E-06 
                8.37388E-03       14.9979E-06 
                8.38022E-03       14.7014E-06 
                8.39288E-03       14.1111E-06 
                8.40555E-03       13.5207E-06 
                8.41189E-03       13.2241E-06 
                8.42455E-03       12.6261E-06 
                8.43089E-03       12.324E-06  
                8.44355E-03       11.712E-06  
                8.45622E-03       11.0887E-06 
                8.46256E-03       10.7725E-06 
                8.47522E-03       10.1313E-06 
                8.48156E-03        9.80648E-06
                8.49423E-03        9.14954E-06
                8.50056E-03        8.81813E-06
                8.51323E-03        8.15186E-06
                8.5259E-03         7.48532E-06
                8.53223E-03        7.15396E-06
                8.5449E-03         6.49991E-06
                8.55123E-03        6.1794E-06 
                8.5639E-03         5.55734E-06
                8.57023E-03        5.25821E-06
                8.5829E-03         4.68968E-06
                8.59557E-03        4.16786E-06
                8.6019E-03         3.92669E-06
                8.61457E-03        3.48685E-06
                8.6209E-03         3.28882E-06
                8.63357E-03        2.93662E-06
                8.64624E-03        2.64082E-06
                8.65257E-03        2.51265E-06
                8.66524E-03        2.29181E-06
                8.67158E-03        2.19731E-06
                8.68424E-03        2.03529E-06
                8.69058E-03        1.96585E-06
                8.70325E-03        1.84559E-06
                8.71591E-03        1.74482E-06
                8.72225E-03        1.70004E-06
                8.73492E-03        1.61891E-06
                8.74125E-03        1.5817E-06 
                8.75392E-03        1.51225E-06
                8.76025E-03        1.47949E-06
                8.77292E-03        1.41688E-06
                8.78559E-03        1.35717E-06
                8.79192E-03        1.32809E-06
                8.80459E-03        1.271E-06  
                8.81092E-03        1.24282E-06
                8.82359E-03        1.18683E-06
                8.83626E-03        1.13095E-06
                8.84259E-03        1.10292E-06
                8.85526E-03        1.04646E-06
                8.86159E-03        1.01799E-06
                8.87426E-03      960.432E-09  
                8.8806E-03       931.337E-09  
                8.89326E-03      872.507E-09  
                8.90593E-03      812.923E-09  
                8.91227E-03      782.917E-09  
                8.92493E-03      722.693E-09  
                8.93127E-03      692.584E-09  
                8.94394E-03      632.714E-09  
                8.95027E-03      603.117E-09  
                8.96294E-03      545.053E-09  
                8.97561E-03      489.159E-09  
                8.98194E-03      462.282E-09  
                8.99461E-03      411.167E-09  
                9.00094E-03      387.113E-09  
                9.01361E-03      342.407E-09  
                9.02628E-03      302.615E-09  
                9.03261E-03      284.644E-09  
                9.04528E-03      252.578E-09  
                9.05161E-03      238.444E-09  
                9.06428E-03      213.763E-09  
                9.07061E-03      203.093E-09  
                9.08328E-03      184.722E-09  
                9.09595E-03      169.773E-09  
                9.10228E-03      163.378E-09  
                9.11495E-03      152.348E-09  
                9.12128E-03      147.567E-09  
                9.13395E-03      139.146E-09  
                9.14029E-03      135.399E-09  
                9.15295E-03      128.612E-09  
                9.16562E-03      122.545E-09  
                9.17196E-03      119.715E-09  
                9.18462E-03      114.358E-09  
                9.19096E-03      111.799E-09  
                9.20363E-03      106.858E-09  
                9.21629E-03      102.091E-09  
                9.22263E-03       99.7526E-09 
                9.2353E-03        95.1352E-09 
                9.24163E-03       92.8439E-09 
                9.2543E-03        88.2695E-09 
                9.26063E-03       85.9769E-09 
                9.2733E-03        81.3629E-09 
                9.28597E-03       76.6988E-09 
                9.2923E-03        74.3465E-09 
                9.30497E-03       69.6026E-09 
                9.3113E-03        67.2129E-09 
                9.32397E-03       62.4069E-09 
                9.3303E-03        59.9949E-09 
                9.34297E-03       55.17E-09   
                9.35564E-03       50.3768E-09 
                9.36197E-03       48.0072E-09 
                9.37464E-03       43.3606E-09 
                9.38098E-03       41.1011E-09 
                9.39364E-03       36.7497E-09 
                9.40631E-03       32.6666E-09 
                9.41265E-03       30.7419E-09 
                9.42531E-03       27.1569E-09 
                9.43165E-03       25.5068E-09 
                9.44431E-03       22.5078E-09 
                9.45065E-03       21.1605E-09 
                9.46332E-03       18.7655E-09 
                9.47598E-03       16.7528E-09 
                9.48232E-03       15.8802E-09 
                9.49499E-03       14.3758E-09 
                9.50132E-03       13.7316E-09 
                9.51399E-03       12.6259E-09 
                9.52032E-03       12.1516E-09 
                9.53299E-03       11.3311E-09 
                9.54566E-03       10.6478E-09 
                9.55199E-03       10.3462E-09 
                9.56466E-03        9.80522E-09
                9.57099E-03        9.56089E-09
                9.58366E-03        9.11999E-09
                9.59633E-03        8.74773E-09
                9.60266E-03        8.59298E-09
                9.61533E-03        8.37285E-09
                9.62167E-03        8.32651E-09
                9.63433E-03        8.43521E-09
                9.64067E-03        8.63271E-09
                9.65333E-03        9.46438E-09
                9.666E-03         11.1674E-09 
                9.67234E-03       12.4875E-09 
                9.685E-03         16.4335E-09 
                9.69134E-03       19.2367E-09 
                9.70401E-03       27.0169E-09 
                9.71034E-03       32.2234E-09 
                9.72301E-03       45.8833E-09 
                9.73568E-03       64.7107E-09 
                9.74201E-03       76.3657E-09 
                9.75468E-03      104.696E-09  
                9.76101E-03      121.549E-09  
                9.77368E-03      160.95E-09   
                9.78001E-03      183.567E-09  
                9.79268E-03      234.65E-09   
                9.80535E-03      293.304E-09  
                9.81168E-03      325.31E-09   
                9.82435E-03      394.213E-09  
                9.83068E-03      430.883E-09  
                9.84335E-03      508.029E-09  
                9.85602E-03      589.354E-09  
                9.86235E-03      631.246E-09  
                9.87502E-03      716.843E-09  
                9.88136E-03      760.305E-09  
                9.89402E-03      848.008E-09  
                9.90036E-03      892.052E-09  
                9.91303E-03      980.1E-09    
                9.92569E-03        1.06761E-06
                9.93203E-03        1.11102E-06
                9.94466E-03        1.19667E-06
                9.95094E-03        1.23863E-06
                9.96339E-03        1.32066E-06
                9.97572E-03        1.40003E-06
                9.98183E-03        1.43867E-06
                9.99397E-03        1.51379E-06
               10.E-03             1.55023E-06





                  X               _temp_1     

                0.                 0.         
               12.6684E-06         3.37271E-06
               25.3367E-06         6.73204E-06
               31.6709E-06         8.31186E-06
               44.3393E-06        11.6926E-06 
               50.6734E-06        13.4306E-06 
               63.3418E-06        16.7002E-06 
               76.0102E-06        19.9738E-06 
               82.3443E-06        21.6151E-06 
               95.0127E-06        24.9017E-06 
              101.347E-06         26.5167E-06 
              114.015E-06         29.636E-06  
              120.349E-06         31.2083E-06 
              133.018E-06         34.3256E-06 
              145.686E-06         37.4427E-06 
              152.02E-06          38.9634E-06 
              164.689E-06         41.8432E-06 
              171.023E-06         43.2853E-06 
              183.691E-06         46.1635E-06 
              190.025E-06         47.6021E-06 
              202.694E-06         50.4194E-06 
              215.362E-06         52.9864E-06 
              221.696E-06         54.272E-06  
              234.365E-06         56.8392E-06 
              240.699E-06         58.1211E-06 
              253.367E-06         60.5957E-06 
              266.036E-06         62.7883E-06 
              272.37E-06          63.8849E-06 
              285.038E-06         66.0776E-06 
              291.372E-06         67.1736E-06 
              304.041E-06         69.2389E-06 
              310.375E-06         70.1167E-06 
              323.043E-06         71.8812E-06 
              335.712E-06         73.6459E-06 
              342.046E-06         74.5298E-06 
              354.714E-06         76.1296E-06 
              361.048E-06         76.7667E-06 
              373.717E-06         78.0596E-06 
              380.051E-06         78.712E-06  
              392.719E-06         80.003E-06  
              405.388E-06         81.0942E-06 
              411.722E-06         81.4741E-06 
              424.39E-06          82.2636E-06 
              430.725E-06         82.668E-06  
              443.393E-06         83.4544E-06 
              456.061E-06         84.0076E-06 
              462.395E-06         84.1204E-06 
              475.064E-06         84.3871E-06 
              481.398E-06         84.5339E-06 
              494.066E-06         84.7964E-06 
              500.401E-06         84.9059E-06 
              513.069E-06         84.6418E-06 
              525.737E-06         84.379E-06  
              532.071E-06         84.2606E-06 
              544.74E-06          83.9933E-06 
              551.074E-06         83.8126E-06 
              563.742E-06         83.0254E-06 
              570.076E-06         82.6455E-06 
              582.745E-06         81.8555E-06 
              595.413E-06         81.0655E-06 
              601.747E-06         80.6015E-06 
              614.415E-06         79.31E-06   
              620.75E-06          78.6736E-06 
              633.418E-06         77.3803E-06 
              646.086E-06         76.0871E-06 
              652.42E-06          75.3534E-06 
              665.089E-06         73.5895E-06 
              671.423E-06         72.7127E-06 
              684.091E-06         70.948E-06  
              690.425E-06         70.0625E-06 
              703.094E-06         68.2014E-06 
              715.762E-06         66.0088E-06 
              722.096E-06         64.9138E-06 
              734.764E-06         62.721E-06  
              741.099E-06         61.6236E-06 
              753.767E-06         59.3272E-06 
              760.101E-06         58.0413E-06 
              772.769E-06         55.4743E-06 
              785.438E-06         52.9074E-06 
              791.772E-06         51.6245E-06 
              804.44E-06          48.9552E-06 
              810.774E-06         47.511E-06  
              823.443E-06         44.6326E-06 
              836.111E-06         41.7544E-06 
              842.445E-06         40.3171E-06 
              855.113E-06         37.3473E-06 
              861.448E-06         35.7817E-06 
              874.116E-06         32.6632E-06 
              880.45E-06          31.1078E-06 
              893.118E-06         27.9879E-06 
              905.787E-06         24.7983E-06 
              912.121E-06         23.1509E-06 
              924.789E-06         19.8684E-06 
              931.123E-06         18.2308E-06 
              943.792E-06         14.947E-06  
              950.126E-06         13.3028E-06 
              962.794E-06          9.93738E-06
              975.462E-06          6.57208E-06
              981.797E-06          4.89154E-06
              994.465E-06          1.52535E-06
                1.0008E-03        39.3819E-09 
                1.01347E-03       45.7937E-09 
                1.02614E-03       41.7053E-09 
                1.03247E-03      -37.1784E-09 
                1.04514E-03      -26.0358E-09 
                1.05147E-03       20.269E-09  
                1.06414E-03       10.0218E-09 
                1.07047E-03       -5.91561E-09
                1.08314E-03       25.7536E-12 
                1.09581E-03        3.03692E-09
                1.10215E-03       -3.66218E-09
                1.11481E-03       -3.627E-09  
                1.12115E-03        3.22355E-09
                1.13382E-03        2.04676E-09
                1.14015E-03       -1.46234E-09
                1.15282E-03     -409.916E-12  
                1.16549E-03      287.301E-12  
                1.17182E-03     -480.539E-12  
                1.18449E-03     -624.319E-12  
                1.19082E-03      604.622E-12  
                1.20349E-03      448.29E-12   
                1.21616E-03      245.185E-12  
                1.22249E-03     -154.828E-12  
                1.23516E-03       -8.23885E-12
                1.2415E-03       -68.6372E-12 
                1.25417E-03     -121.364E-12  
                1.2605E-03       107.073E-12  
                1.27317E-03      102.438E-12  
                1.28584E-03       72.1304E-12 
                1.29217E-03      -39.416E-12  
                1.30484E-03      -12.1139E-12 
                1.31117E-03     -964.923E-15  
                1.32384E-03      -14.5786E-12 
                1.33018E-03       26.7418E-12 
                1.34284E-03       33.0537E-12 
                1.35551E-03       24.3096E-12 
                1.36185E-03       -7.35395E-12
                1.37451E-03       -3.11068E-12
                1.38085E-03        3.87158E-12
                1.39352E-03        4.14373E-12
                1.40619E-03        8.8881E-12 
                1.41252E-03       16.139E-12  
                1.42519E-03        3.70212E-12
                1.43152E-03      -10.9466E-12 
                1.44419E-03      -18.2577E-12 
                1.45052E-03      -16.0475E-12 
                1.46319E-03       -8.79262E-12
                1.47586E-03        3.86407E-12
                1.4822E-03         7.31309E-12
                1.49486E-03        3.85914E-12
                1.5012E-03         1.56302E-12
                1.51387E-03        4.44097E-12
                1.5202E-03         5.62797E-12
                1.53287E-03       -1.0628E-12 
                1.54554E-03       -5.25319E-12
                1.55187E-03       -3.438E-12  
                1.56454E-03        2.58359E-12
                1.57087E-03        2.14839E-12
                1.58354E-03       -3.25642E-12
                1.59621E-03       -5.99326E-12
                1.60254E-03       -5.59064E-12
                1.61521E-03       -4.17632E-12
                1.62155E-03       -3.83727E-12
                1.63421E-03       -6.52131E-12
                1.64055E-03       -9.44646E-12
                1.65322E-03      -10.6888E-12 
                1.66589E-03       -3.56212E-12
                1.67222E-03     -500.617E-15  
                1.68489E-03     -112.399E-15  
                1.69122E-03       -4.01977E-12
                1.70389E-03      -13.4397E-12 
                1.71022E-03      -13.7937E-12 
                1.72289E-03       -6.63879E-12
                1.73556E-03     -513.822E-15  
                1.7419E-03       608.619E-15  
                1.75456E-03        1.44487E-12
                1.7609E-03         3.03296E-12
                1.77357E-03        6.87909E-12
                1.78623E-03        5.74784E-12
                1.79257E-03        3.61792E-12
                1.80524E-03      -60.4935E-15 
                1.81157E-03      150.575E-15  
                1.82424E-03        4.51309E-12
                1.83057E-03        6.08535E-12
                1.84324E-03        3.458E-12  
                1.85591E-03       -3.95964E-12
                1.86224E-03       -6.74238E-12
                1.87491E-03       -8.24895E-12
                1.88125E-03       -8.17024E-12
                1.89392E-03       -7.83939E-12
                1.90025E-03       -7.72513E-12
                1.91292E-03       -9.35723E-12
                1.92559E-03      -12.4109E-12 
                1.93192E-03      -12.1243E-12 
                1.94459E-03       -5.88534E-12
                1.95092E-03       -2.53189E-12
                1.96359E-03     -751.53E-15   
                1.97626E-03       -1.50166E-12
                1.98259E-03       -1.27093E-12
                1.99526E-03      -96.8248E-15 
                2.0016E-03         1.00546E-12
                2.01426E-03        4.86648E-12
                2.0206E-03         7.52027E-12
                2.03327E-03       14.328E-12  
                2.04593E-03       18.8226E-12 
                2.05227E-03       18.0196E-12 
                2.06494E-03       12.0809E-12 
                2.07127E-03        9.37361E-12
                2.08394E-03        8.08377E-12
                2.09027E-03        9.02354E-12
                2.10294E-03       11.0398E-12 
                2.11561E-03       11.5003E-12 
                2.12194E-03       10.828E-12  
                2.13461E-03        6.96524E-12
                2.14095E-03        4.45312E-12
                2.15362E-03      805.213E-15  
                2.16628E-03       -1.05076E-12
                2.17262E-03       -1.75391E-12
                2.18529E-03       -2.8436E-12 
                2.19162E-03       -2.73068E-12
                2.20429E-03     -386.179E-15  
                2.21062E-03        1.20267E-12
                2.22329E-03        3.26154E-12
                2.23596E-03        4.11629E-12
                2.24229E-03        4.74298E-12
                2.25496E-03        6.23182E-12
                2.2613E-03         6.18724E-12
                2.27396E-03        3.48986E-12
                2.2803E-03         1.64398E-12
                2.29297E-03     -945.94E-15   
                2.30564E-03       -2.91081E-12
                2.31197E-03       -4.42926E-12
                2.32464E-03       -7.36412E-12
                2.33097E-03       -7.47304E-12
                2.34364E-03       -4.12379E-12
                2.35631E-03     -397.489E-15  
                2.36264E-03       12.9949E-15 
                2.37531E-03       -1.68845E-12
                2.38165E-03       -2.57884E-12
                2.39431E-03       -1.23822E-12
                2.40065E-03        1.29481E-12
                2.41332E-03        6.99257E-12
                2.42598E-03        8.37347E-12
                2.43232E-03        7.43583E-12
                2.44499E-03        5.86045E-12
                2.45132E-03        6.12198E-12
                2.46399E-03        7.72925E-12
                2.47032E-03        8.03616E-12
                2.48299E-03        6.501E-12  
                2.49566E-03        4.34107E-12
                2.50199E-03        4.28605E-12
                2.51466E-03        6.35746E-12
                2.521E-03          7.47263E-12
                2.53367E-03        7.484E-12  
                2.54633E-03        4.56404E-12
                2.55267E-03        2.75647E-12
                2.56534E-03      207.998E-15  
                2.57167E-03     -132.405E-15  
                2.58434E-03      872.012E-15  
                2.59067E-03        2.00985E-12
                2.60334E-03        5.40198E-12
                2.61601E-03        9.38742E-12
                2.62234E-03       11.0609E-12 
                2.63501E-03       13.33E-12   
                2.64135E-03       13.8752E-12 
                2.65401E-03       13.2829E-12 
                2.66035E-03       11.983E-12  
                2.67302E-03        8.04313E-12
                2.68568E-03        4.39868E-12
                2.69202E-03        3.17398E-12
                2.70469E-03        1.50181E-12
                2.71102E-03      716.854E-15  
                2.72369E-03       -1.14474E-12
                2.73002E-03       -2.17961E-12
                2.74269E-03       -4.06267E-12
                2.75536E-03       -4.75332E-12
                2.76169E-03       -4.33674E-12
                2.77436E-03       -2.32427E-12
                2.7807E-03        -1.2321E-12 
                2.79337E-03     -323.336E-15  
                2.80603E-03       -2.46602E-12
                2.81237E-03       -4.66669E-12
                2.82504E-03       -9.42107E-12
                2.83137E-03      -10.9758E-12 
                2.84404E-03      -11.577E-12  
                2.85037E-03      -11.0912E-12 
                2.86304E-03       -9.92212E-12
                2.87571E-03       -8.4865E-12 
                2.88204E-03       -7.33005E-12
                2.89471E-03       -4.06967E-12
                2.90105E-03       -2.26959E-12
                2.91371E-03      607.69E-15   
                2.92005E-03        1.32067E-12
                2.93272E-03        1.01743E-12
                2.94539E-03     -309.938E-15  
                2.95172E-03     -506.77E-15   
                2.96439E-03        1.05728E-12
                2.97072E-03        2.62207E-12
                2.98339E-03        5.88351E-12
                2.99606E-03        7.61452E-12
                3.00239E-03        7.6249E-12 
                3.01506E-03        6.30305E-12
                3.0214E-03         5.33056E-12
                3.03406E-03        3.67563E-12
                3.0404E-03         3.18819E-12
                3.05307E-03        2.58325E-12
                3.06573E-03        1.1216E-12 
                3.07207E-03     -290.16E-15   
                3.08474E-03       -3.9863E-12 
                3.09107E-03       -5.76201E-12
                3.10374E-03       -8.08276E-12
                3.11007E-03       -8.45167E-12
                3.12274E-03       -6.32326E-12
                3.13541E-03       16.9965E-12 
                3.14174E-03       64.4555E-12 
                3.15441E-03      467.055E-12  
                3.16075E-03        1.09148E-09
                3.17342E-03        4.94477E-09
                3.18608E-03       18.1597E-09 
                3.19242E-03       32.4611E-09 
                3.20509E-03       91.5155E-09 
                3.21142E-03      145.051E-09  
                3.22409E-03      328.422E-09  
                3.23042E-03      471.151E-09  
                3.24309E-03      890.216E-09  
                3.25576E-03        1.51972E-06
                3.26209E-03        1.92002E-06
                3.27476E-03        2.8896E-06 
                3.2811E-03         3.453E-06  
                3.29376E-03        4.71311E-06
                3.3001E-03         5.39813E-06
                3.31277E-03        6.84801E-06
                3.32543E-03        8.36823E-06
                3.33177E-03        9.14342E-06
                3.34444E-03       10.7071E-06 
                3.35077E-03       11.4907E-06 
                3.36344E-03       13.0527E-06 
                3.37611E-03       14.6003E-06 
                3.38244E-03       15.3667E-06 
                3.39511E-03       16.8821E-06 
                3.40144E-03       17.6302E-06 
                3.41411E-03       19.1054E-06 
                3.42045E-03       19.8318E-06 
                3.43312E-03       21.261E-06  
                3.44578E-03       22.6564E-06 
                3.45212E-03       23.3408E-06 
                3.46479E-03       24.6817E-06 
                3.47112E-03       25.3376E-06 
                3.48379E-03       26.619E-06  
                3.49012E-03       27.2441E-06 
                3.50279E-03       28.4615E-06 
                3.51546E-03       29.6339E-06 
                3.52179E-03       30.2026E-06 
                3.53446E-03       31.3038E-06 
                3.5408E-03        31.8359E-06 
                3.55346E-03       32.8614E-06 
                3.56613E-03       33.8332E-06 
                3.57247E-03       34.2977E-06 
                3.58514E-03       35.1794E-06 
                3.59147E-03       35.5942E-06 
                3.60414E-03       36.3615E-06 
                3.61047E-03       36.7087E-06 
                3.62314E-03       37.3118E-06 
                3.63581E-03       37.763E-06  
                3.64214E-03       37.9192E-06 
                3.65481E-03       38.0687E-06 
                3.66115E-03       38.054E-06  
                3.67381E-03       37.8328E-06 
                3.68015E-03       37.625E-06  
                3.69282E-03       37.0209E-06 
                3.70548E-03       36.1868E-06 
                3.71182E-03       35.6942E-06 
                3.72449E-03       34.5825E-06 
                3.73082E-03       33.9729E-06 
                3.74349E-03       32.6677E-06 
                3.75616E-03       31.2702E-06 
                3.76249E-03       30.5435E-06 
                3.77516E-03       29.0434E-06 
                3.78149E-03       28.2726E-06 
                3.79416E-03       26.6943E-06 
                3.8005E-03        25.8881E-06 
                3.81316E-03       24.2443E-06 
                3.82583E-03       22.5615E-06 
                3.83217E-03       21.7064E-06 
                3.84484E-03       19.9708E-06 
                3.85117E-03       19.091E-06  
                3.86384E-03       17.3089E-06 
                3.87017E-03       16.4074E-06 
                3.88284E-03       14.5853E-06 
                3.89551E-03       12.7401E-06 
                3.90184E-03       11.8098E-06 
                3.91451E-03        9.93547E-06
                3.92085E-03        8.99222E-06
                3.93351E-03        7.09541E-06
                3.94618E-03        5.18735E-06
                3.95252E-03        4.23003E-06
                3.96519E-03        2.31068E-06
                3.97152E-03        1.34938E-06
                3.98419E-03     -574.71E-09   
                3.99052E-03       -1.53682E-06
                4.00319E-03       -3.45962E-06
                4.01586E-03       -5.37869E-06
                4.0222E-03        -6.33624E-06
                4.03487E-03       -8.2465E-06 
                4.0412E-03        -9.19891E-06
                4.05387E-03      -11.0977E-06 
                4.0602E-03       -12.0438E-06 
                4.07287E-03      -13.9288E-06 
                4.08554E-03      -15.8026E-06 
                4.09187E-03      -16.7345E-06 
                4.10454E-03      -18.5864E-06 
                4.11088E-03      -19.5054E-06 
                4.12355E-03      -21.3265E-06 
                4.13622E-03      -23.121E-06  
                4.14255E-03      -24.0068E-06 
                4.15522E-03      -25.7521E-06 
                4.16155E-03      -26.6103E-06 
                4.17422E-03      -28.2932E-06 
                4.18056E-03      -29.1155E-06 
                4.19322E-03      -30.7114E-06 
                4.20589E-03      -32.2207E-06 
                4.21223E-03      -32.9314E-06 
                4.2249E-03       -34.2345E-06 
                4.23123E-03      -34.8135E-06 
                4.2439E-03       -35.7934E-06 
                4.25023E-03      -36.1839E-06 
                4.2629E-03       -36.7502E-06 
                4.27557E-03      -37.0297E-06 
                4.28191E-03      -37.0681E-06 
                4.29458E-03      -36.9652E-06 
                4.30091E-03      -36.8353E-06 
                4.31358E-03      -36.4472E-06 
                4.32625E-03      -35.9225E-06 
                4.33258E-03      -35.6195E-06 
                4.34525E-03      -34.9476E-06 
                4.35158E-03      -34.5832E-06 
                4.36425E-03      -33.805E-06  
                4.37059E-03      -33.3932E-06 
                4.38326E-03      -32.5276E-06 
                4.39593E-03      -31.609E-06  
                4.40226E-03      -31.1305E-06 
                4.41493E-03      -30.1367E-06 
                4.42126E-03      -29.6217E-06 
                4.43393E-03      -28.5569E-06 
                4.44027E-03      -28.0075E-06 
                4.45293E-03      -26.8759E-06 
                4.4656E-03       -25.7021E-06 
                4.47194E-03      -25.1E-06    
                4.48461E-03      -23.8667E-06 
                4.49094E-03      -23.236E-06  
                4.50361E-03      -21.9477E-06 
                4.51628E-03      -20.6252E-06 
                4.52261E-03      -19.9518E-06 
                4.53528E-03      -18.5821E-06 
                4.54162E-03      -17.8864E-06 
                4.55429E-03      -16.4747E-06 
                4.56062E-03      -15.7597E-06 
                4.57329E-03      -14.3139E-06 
                4.58596E-03      -12.8535E-06 
                4.59229E-03      -12.1212E-06 
                4.60496E-03      -10.663E-06  
                4.61129E-03       -9.94311E-06
                4.62396E-03       -8.54089E-06
                4.6303E-03        -7.86789E-06
                4.64297E-03       -6.60371E-06
                4.65564E-03       -5.48206E-06
                4.66197E-03       -4.9853E-06 
                4.67464E-03       -4.13291E-06
                4.68097E-03       -3.77881E-06
                4.69364E-03       -3.20904E-06
                4.70631E-03       -2.80359E-06
                4.71265E-03       -2.65219E-06
                4.72531E-03       -2.42889E-06
                4.73165E-03       -2.34803E-06
                4.74432E-03       -2.22828E-06
                4.75065E-03       -2.18302E-06
                4.76332E-03       -2.10973E-06
                4.77599E-03       -2.04876E-06
                4.78232E-03       -2.02025E-06
                4.79499E-03       -1.9642E-06 
                4.80133E-03       -1.93597E-06
                4.814E-03         -1.87813E-06
                4.82033E-03       -1.84833E-06
                4.833E-03         -1.78678E-06
                4.84567E-03       -1.72252E-06
                4.852E-03         -1.68938E-06
                4.86467E-03       -1.62115E-06
                4.871E-03         -1.58607E-06
                4.88367E-03       -1.51407E-06
                4.89001E-03       -1.47717E-06
                4.90268E-03       -1.40167E-06
                4.91535E-03       -1.32399E-06
                4.92168E-03       -1.28437E-06
                4.93435E-03       -1.20364E-06
                4.94068E-03       -1.16258E-06
                4.95335E-03       -1.07914E-06
                4.96602E-03     -994.098E-09  
                4.97235E-03     -951.055E-09  
                4.98502E-03     -864.142E-09  
                4.99136E-03     -820.396E-09  
                5.00403E-03     -732.761E-09  
                5.01036E-03     -689.115E-09  
                5.02303E-03     -602.975E-09  
                5.0357E-03      -519.773E-09  
                5.04203E-03     -479.891E-09  
                5.0547E-03      -404.922E-09  
                5.06104E-03     -370.37E-09   
                5.07371E-03     -308.3E-09    
                5.08004E-03     -281.125E-09  
                5.09271E-03     -234.925E-09  
                5.10538E-03     -199.414E-09  
                5.11171E-03     -185.372E-09  
                5.12438E-03     -163.708E-09  
                5.13071E-03     -155.597E-09  
                5.14338E-03     -143.551E-09  
                5.15605E-03     -135.506E-09  
                5.16239E-03     -132.48E-09   
                5.17506E-03     -127.655E-09  
                5.18139E-03     -125.631E-09  
                5.19406E-03     -121.973E-09  
                5.20039E-03     -120.237E-09  
                5.21306E-03     -116.794E-09  
                5.22573E-03     -113.282E-09  
                5.23207E-03     -111.479E-09  
                5.24473E-03     -107.762E-09  
                5.25107E-03     -105.845E-09  
                5.26374E-03     -101.891E-09  
                5.27007E-03      -99.8546E-09 
                5.28274E-03      -95.6676E-09 
                5.29541E-03      -91.3296E-09 
                5.30174E-03      -89.1051E-09 
                5.31441E-03      -84.5504E-09 
                5.32075E-03      -82.2228E-09 
                5.33342E-03      -77.4737E-09 
                5.34608E-03      -72.6063E-09 
                5.35242E-03      -70.1311E-09 
                5.36509E-03      -65.1036E-09 
                5.37142E-03      -62.5545E-09 
                5.38409E-03      -57.396E-09  
                5.39042E-03      -54.7922E-09 
                5.40309E-03      -49.5541E-09 
                5.41576E-03      -44.3117E-09 
                5.4221E-03       -41.7066E-09 
                5.43477E-03      -36.5762E-09 
                5.4411E-03       -34.0743E-09 
                5.45377E-03      -29.2633E-09 
                5.4601E-03       -26.983E-09  
                5.47277E-03      -22.746E-09  
                5.48544E-03      -19.0282E-09 
                5.49178E-03      -17.3891E-09 
                5.50444E-03      -14.5752E-09 
                5.51078E-03      -13.4001E-09 
                5.52345E-03      -11.4897E-09 
                5.53612E-03      -10.1031E-09 
                5.54245E-03       -9.57543E-09
                5.55512E-03       -8.78153E-09
                5.56145E-03       -8.48764E-09
                5.57412E-03       -8.04406E-09
                5.58046E-03       -7.87369E-09
                5.59313E-03       -7.59591E-09
                5.60579E-03       -7.3658E-09 
                5.61213E-03       -7.25905E-09
                5.6248E-03        -7.04958E-09
                5.63113E-03       -6.94373E-09
                5.6438E-03        -6.72658E-09
                5.65013E-03       -6.61506E-09
                5.6628E-03        -6.38616E-09
                5.67547E-03       -6.14777E-09
                5.68181E-03       -6.02424E-09
                5.69448E-03       -5.76898E-09
                5.70081E-03       -5.63796E-09
                5.71348E-03       -5.37031E-09
                5.72615E-03       -5.09554E-09
                5.73248E-03       -4.95562E-09
                5.74515E-03       -4.67088E-09
                5.75148E-03       -4.52608E-09
                5.76415E-03       -4.23204E-09
                5.77049E-03       -4.08292E-09
                5.78316E-03       -3.78063E-09
                5.79583E-03       -3.47283E-09
                5.80216E-03       -3.31683E-09
                5.81483E-03       -3.0017E-09 
                5.82116E-03       -2.84348E-09
                5.83383E-03       -2.52855E-09
                5.84017E-03       -2.37308E-09
                5.85284E-03       -2.06954E-09
                5.8655E-03        -1.78099E-09
                5.87184E-03       -1.64444E-09
                5.88451E-03       -1.39134E-09
                5.89084E-03       -1.27627E-09
                5.90351E-03       -1.07128E-09
                5.91618E-03     -901.055E-12  
                5.92251E-03     -829.049E-12  
                5.93518E-03     -710.426E-12  
                5.94152E-03     -663.142E-12  
                5.95419E-03     -589.905E-12  
                5.96052E-03     -562.346E-12  
                5.97319E-03     -520.429E-12  
                5.98586E-03     -490.365E-12  
                5.99219E-03     -478.426E-12  
                6.00486E-03     -459.344E-12  
                6.0112E-03      -451.714E-12  
                6.02386E-03     -439.044E-12  
                6.0302E-03      -433.565E-12  
                6.04287E-03     -423.227E-12  
                6.05554E-03     -412.053E-12  
                6.06187E-03     -405.694E-12  
                6.07454E-03     -391.649E-12  
                6.08087E-03     -384.286E-12  
                6.09354E-03     -369.339E-12  
                6.10621E-03     -354.153E-12  
                6.11255E-03     -346.465E-12  
                6.12521E-03     -330.831E-12  
                6.13155E-03     -322.892E-12  
                6.14422E-03     -306.965E-12  
                6.15055E-03     -298.992E-12  
                6.16322E-03     -282.631E-12  
                6.17589E-03     -265.038E-12  
                6.18222E-03     -255.709E-12  
                6.19489E-03     -236.325E-12  
                6.20123E-03     -226.388E-12  
                6.2139E-03      -205.952E-12  
                6.22023E-03     -195.394E-12  
                6.2329E-03      -173.95E-12   
                6.24557E-03     -153.1E-12    
                6.2519E-03      -143.15E-12   
                6.26457E-03     -124.167E-12  
                6.27091E-03     -115.101E-12  
                6.28357E-03      -98.0476E-12 
                6.29624E-03      -83.0502E-12 
                6.30258E-03      -76.4996E-12 
                6.31525E-03      -65.135E-12  
                6.32158E-03      -59.8992E-12 
                6.33425E-03      -47.3233E-12 
                6.34058E-03      -37.1753E-12 
                6.35325E-03        6.75848E-12
                6.36592E-03      132.881E-12  
                6.37226E-03      264.333E-12  
                6.38492E-03      820.315E-12  
                6.39126E-03        1.35507E-09
                6.40393E-03        3.40469E-09
                6.41026E-03        5.21425E-09
                6.42293E-03       11.5124E-09 
                6.4356E-03        23.5976E-09 
                6.44193E-03       32.9157E-09 
                6.4546E-03        60.9792E-09 
                6.46094E-03       81.0818E-09 
                6.47361E-03      137.185E-09  
                6.48627E-03      219.67E-09   
                6.49261E-03      272.65E-09   
                6.50528E-03      405.151E-09  
                6.51161E-03      485.556E-09  
                6.52428E-03      675.816E-09  
                6.53061E-03      785.656E-09  
                6.54328E-03        1.03356E-06
                6.55595E-03        1.31591E-06
                6.56229E-03        1.46842E-06
                6.57496E-03        1.79237E-06
                6.58129E-03        1.96222E-06
                6.59396E-03        2.31382E-06
                6.60029E-03        2.49411E-06
                6.61296E-03        2.86039E-06
                6.62563E-03        3.23064E-06
                6.63197E-03        3.41609E-06
                6.64463E-03        3.78589E-06
                6.65097E-03        3.96965E-06
                6.66364E-03        4.33376E-06
                6.67631E-03        4.69216E-06
                6.68264E-03        4.86886E-06
                6.69531E-03        5.21671E-06
                6.70164E-03        5.38767E-06
                6.71431E-03        5.72321E-06
                6.72065E-03        5.88765E-06
                6.73332E-03        6.20949E-06
                6.74598E-03        6.52149E-06
                6.75232E-03        6.67362E-06
                6.76499E-03        6.96977E-06
                6.77132E-03        7.11363E-06
                6.78399E-03        7.39238E-06
                6.79033E-03        7.52702E-06
                6.80299E-03        7.7859E-06 
                6.81566E-03        8.0292E-06 
                6.822E-03          8.1441E-06 
                6.83467E-03        8.35785E-06
                6.841E-03          8.45536E-06
                6.85367E-03        8.62744E-06
                6.86E-03           8.69997E-06
                6.87267E-03        8.81215E-06
                6.88534E-03        8.87175E-06
                6.89168E-03        8.87847E-06
                6.90434E-03        8.83938E-06
                6.91068E-03        8.79131E-06
                6.92335E-03        8.63381E-06
                6.93602E-03        8.39133E-06
                6.94235E-03        8.23799E-06
                6.95502E-03        7.86891E-06
                6.96135E-03        7.65461E-06
                6.97402E-03        7.17147E-06
                6.98036E-03        6.90508E-06
                6.99303E-03        6.32937E-06
                7.00569E-03        5.70561E-06
                7.01203E-03        5.37909E-06
                7.0247E-03         4.70304E-06
                7.03103E-03        4.35588E-06
                7.0437E-03         3.64892E-06
                7.05003E-03        3.2914E-06 
                7.0627E-03         2.57458E-06
                7.07537E-03        1.86596E-06
                7.08171E-03        1.51989E-06
                7.09438E-03      858.567E-09  
                7.10071E-03      550.905E-09  
                7.11338E-03        6.14611E-09
                7.12605E-03     -402.141E-09  
                7.13238E-03     -536.118E-09  
                7.14505E-03     -619.519E-09  
                7.15139E-03     -549.8E-09    
                7.16405E-03     -138.657E-09  
                7.17039E-03      221.563E-09  
                7.18306E-03        1.29285E-06
                7.19573E-03        2.87358E-06
                7.20206E-03        3.86479E-06
                7.21473E-03        6.25296E-06
                7.22106E-03        7.64607E-06
                7.23373E-03       10.8079E-06 
                7.24007E-03       12.5633E-06 
                7.25274E-03       16.3818E-06 
                7.2654E-03        20.548E-06  
                7.27174E-03       22.7373E-06 
                7.28441E-03       27.2814E-06 
                7.29074E-03       29.6189E-06 
                7.30341E-03       34.3862E-06 
                7.31608E-03       39.2333E-06 
                7.32241E-03       41.6732E-06 
                7.33508E-03       46.5638E-06 
                7.34142E-03       49.0074E-06 
                7.35409E-03       53.8763E-06 
                7.36042E-03       56.2967E-06 
                7.37309E-03       61.0982E-06 
                7.38576E-03       65.835E-06  
                7.39209E-03       68.1747E-06 
                7.40476E-03       72.7894E-06 
                7.4111E-03        75.0615E-06 
                7.42376E-03       79.529E-06  
                7.4301E-03        81.7223E-06 
                7.44277E-03       86.0241E-06 
                7.45544E-03       90.2086E-06 
                7.46177E-03       92.2559E-06 
                7.47444E-03       96.26E-06   
                7.48077E-03       98.2168E-06 
                7.49344E-03      102.04E-06   
                7.50611E-03      105.744E-06  
                7.51245E-03      107.551E-06  
                7.52511E-03      111.077E-06  
                7.53145E-03      112.796E-06  
                7.54412E-03      116.144E-06  
                7.55045E-03      117.774E-06  
                7.56312E-03      120.942E-06  
                7.57579E-03      123.989E-06  
                7.58212E-03      125.466E-06  
                7.59479E-03      128.326E-06  
                7.60113E-03      129.707E-06  
                7.6138E-03       132.372E-06  
                7.62013E-03      133.653E-06  
                7.6328E-03       136.108E-06  
                7.64547E-03      138.413E-06  
                7.6518E-03       139.507E-06  
                7.66447E-03      141.567E-06  
                7.67081E-03      142.531E-06  
                7.68347E-03      144.32E-06   
                7.69614E-03      145.914E-06  
                7.70248E-03      146.635E-06  
                7.71515E-03      147.918E-06  
                7.72148E-03      148.479E-06  
                7.73415E-03      149.435E-06  
                7.74048E-03      149.828E-06  
                7.75315E-03      150.444E-06  
                7.76582E-03      150.829E-06  
                7.77216E-03      150.934E-06  
                7.78482E-03      150.968E-06  
                7.79116E-03      150.896E-06  
                7.80383E-03      150.575E-06  
                7.81016E-03      150.325E-06  
                7.82283E-03      149.645E-06  
                7.8355E-03       148.722E-06  
                7.84183E-03      148.168E-06  
                7.8545E-03       146.872E-06  
                7.86083E-03      146.128E-06  
                7.8735E-03       144.445E-06  
                7.88617E-03      142.494E-06  
                7.8925E-03       141.417E-06  
                7.90517E-03      139.051E-06  
                7.91151E-03      137.763E-06  
                7.92417E-03      134.972E-06  
                7.93051E-03      133.47E-06   
                7.94317E-03      130.255E-06  
                7.95584E-03      126.765E-06  
                7.96218E-03      124.92E-06   
                7.97484E-03      121.041E-06  
                7.98118E-03      119.01E-06   
                7.99385E-03      114.776E-06  
                8.00018E-03      112.578E-06  
                8.01285E-03      108.029E-06  
                8.02552E-03      103.291E-06  
                8.03185E-03      100.857E-06  
                8.04452E-03       95.8655E-06 
                8.05085E-03       93.3129E-06 
                8.06352E-03       88.1043E-06 
                8.07619E-03       82.7741E-06 
                8.08252E-03       80.0707E-06 
                8.09519E-03       74.6065E-06 
                8.10152E-03       71.8552E-06 
                8.11419E-03       66.3436E-06 
                8.12052E-03       63.5976E-06 
                8.13319E-03       58.1674E-06 
                8.14586E-03       52.8845E-06 
                8.15219E-03       50.3244E-06 
                8.16486E-03       45.4209E-06 
                8.1712E-03        43.0981E-06 
                8.18386E-03       38.7567E-06 
                8.1902E-03        36.753E-06  
                8.20287E-03       33.1057E-06 
                8.21553E-03       29.9528E-06 
                8.22187E-03       28.5602E-06 
                8.23454E-03       26.1248E-06 
                8.24087E-03       25.0707E-06 
                8.25354E-03       23.2533E-06 
                8.2662E-03        21.7683E-06 
                8.27254E-03       21.1292E-06 
                8.28521E-03       20.0166E-06 
                8.29154E-03       19.5282E-06 
                8.30421E-03       18.6547E-06 
                8.31054E-03       18.2586E-06 
                8.32321E-03       17.5258E-06 
                8.33588E-03       16.85E-06   
                8.34221E-03       16.5271E-06 
                8.35488E-03       15.9023E-06 
                8.36121E-03       15.5975E-06 
                8.37388E-03       14.9979E-06 
                8.38022E-03       14.7014E-06 
                8.39288E-03       14.1111E-06 
                8.40555E-03       13.5207E-06 
                8.41189E-03       13.2241E-06 
                8.42455E-03       12.6261E-06 
                8.43089E-03       12.324E-06  
                8.44355E-03       11.712E-06  
                8.45622E-03       11.0887E-06 
                8.46256E-03       10.7725E-06 
                8.47522E-03       10.1313E-06 
                8.48156E-03        9.80648E-06
                8.49423E-03        9.14954E-06
                8.50056E-03        8.81813E-06
                8.51323E-03        8.15186E-06
                8.5259E-03         7.48532E-06
                8.53223E-03        7.15396E-06
                8.5449E-03         6.49991E-06
                8.55123E-03        6.1794E-06 
                8.5639E-03         5.55734E-06
                8.57023E-03        5.25821E-06
                8.5829E-03         4.68968E-06
                8.59557E-03        4.16786E-06
                8.6019E-03         3.92669E-06
                8.61457E-03        3.48685E-06
                8.6209E-03         3.28882E-06
                8.63357E-03        2.93662E-06
                8.64624E-03        2.64082E-06
                8.65257E-03        2.51265E-06
                8.66524E-03        2.29181E-06
                8.67158E-03        2.19731E-06
                8.68424E-03        2.03529E-06
                8.69058E-03        1.96585E-06
                8.70325E-03        1.84559E-06
                8.71591E-03        1.74482E-06
                8.72225E-03        1.70004E-06
                8.73492E-03        1.61891E-06
                8.74125E-03        1.5817E-06 
                8.75392E-03        1.51225E-06
                8.76025E-03        1.47949E-06
                8.77292E-03        1.41688E-06
                8.78559E-03        1.35717E-06
                8.79192E-03        1.32809E-06
                8.80459E-03        1.271E-06  
                8.81092E-03        1.24282E-06
                8.82359E-03        1.18683E-06
                8.83626E-03        1.13095E-06
                8.84259E-03        1.10292E-06
                8.85526E-03        1.04646E-06
                8.86159E-03        1.01799E-06
                8.87426E-03      960.432E-09  
                8.8806E-03       931.337E-09  
                8.89326E-03      872.507E-09  
                8.90593E-03      812.923E-09  
                8.91227E-03      782.917E-09  
                8.92493E-03      722.693E-09  
                8.93127E-03      692.584E-09  
                8.94394E-03      632.714E-09  
                8.95027E-03      603.117E-09  
                8.96294E-03      545.053E-09  
                8.97561E-03      489.159E-09  
                8.98194E-03      462.282E-09  
                8.99461E-03      411.167E-09  
                9.00094E-03      387.113E-09  
                9.01361E-03      342.407E-09  
                9.02628E-03      302.615E-09  
                9.03261E-03      284.644E-09  
                9.04528E-03      252.578E-09  
                9.05161E-03      238.444E-09  
                9.06428E-03      213.763E-09  
                9.07061E-03      203.093E-09  
                9.08328E-03      184.722E-09  
                9.09595E-03      169.773E-09  
                9.10228E-03      163.378E-09  
                9.11495E-03      152.348E-09  
                9.12128E-03      147.567E-09  
                9.13395E-03      139.146E-09  
                9.14029E-03      135.399E-09  
                9.15295E-03      128.612E-09  
                9.16562E-03      122.545E-09  
                9.17196E-03      119.715E-09  
                9.18462E-03      114.358E-09  
                9.19096E-03      111.799E-09  
                9.20363E-03      106.858E-09  
                9.21629E-03      102.091E-09  
                9.22263E-03       99.7526E-09 
                9.2353E-03        95.1352E-09 
                9.24163E-03       92.8439E-09 
                9.2543E-03        88.2695E-09 
                9.26063E-03       85.9769E-09 
                9.2733E-03        81.3629E-09 
                9.28597E-03       76.6988E-09 
                9.2923E-03        74.3465E-09 
                9.30497E-03       69.6026E-09 
                9.3113E-03        67.2129E-09 
                9.32397E-03       62.4069E-09 
                9.3303E-03        59.9949E-09 
                9.34297E-03       55.17E-09   
                9.35564E-03       50.3768E-09 
                9.36197E-03       48.0072E-09 
                9.37464E-03       43.3606E-09 
                9.38098E-03       41.1011E-09 
                9.39364E-03       36.7497E-09 
                9.40631E-03       32.6666E-09 
                9.41265E-03       30.7419E-09 
                9.42531E-03       27.1569E-09 
                9.43165E-03       25.5068E-09 
                9.44431E-03       22.5078E-09 
                9.45065E-03       21.1605E-09 
                9.46332E-03       18.7655E-09 
                9.47598E-03       16.7528E-09 
                9.48232E-03       15.8802E-09 
                9.49499E-03       14.3758E-09 
                9.50132E-03       13.7316E-09 
                9.51399E-03       12.6259E-09 
                9.52032E-03       12.1516E-09 
                9.53299E-03       11.3311E-09 
                9.54566E-03       10.6478E-09 
                9.55199E-03       10.3462E-09 
                9.56466E-03        9.80522E-09
                9.57099E-03        9.56089E-09
                9.58366E-03        9.11999E-09
                9.59633E-03        8.74773E-09
                9.60266E-03        8.59298E-09
                9.61533E-03        8.37285E-09
                9.62167E-03        8.32651E-09
                9.63433E-03        8.43521E-09
                9.64067E-03        8.63271E-09
                9.65333E-03        9.46438E-09
                9.666E-03         11.1674E-09 
                9.67234E-03       12.4875E-09 
                9.685E-03         16.4335E-09 
                9.69134E-03       19.2367E-09 
                9.70401E-03       27.0169E-09 
                9.71034E-03       32.2234E-09 
                9.72301E-03       45.8833E-09 
                9.73568E-03       64.7107E-09 
                9.74201E-03       76.3657E-09 
                9.75468E-03      104.696E-09  
                9.76101E-03      121.549E-09  
                9.77368E-03      160.95E-09   
                9.78001E-03      183.567E-09  
                9.79268E-03      234.65E-09   
                9.80535E-03      293.304E-09  
                9.81168E-03      325.31E-09   
                9.82435E-03      394.213E-09  
                9.83068E-03      430.883E-09  
                9.84335E-03      508.029E-09  
                9.85602E-03      589.354E-09  
                9.86235E-03      631.246E-09  
                9.87502E-03      716.843E-09  
                9.88136E-03      760.305E-09  
                9.89402E-03      848.008E-09  
                9.90036E-03      892.052E-09  
                9.91303E-03      980.1E-09    
                9.92569E-03        1.06761E-06
                9.93203E-03        1.11102E-06
                9.94466E-03        1.19667E-06
                9.95094E-03        1.23863E-06
                9.96339E-03        1.32066E-06
                9.97572E-03        1.40003E-06
                9.98183E-03        1.43867E-06
                9.99397E-03        1.51379E-06
               10.E-03             1.55023E-06




